  console.error
    [SnippetLibrary] Failed to persist snippets: QuotaExceededError

      at save (eval at loadApp (tests/setup.js:217:3), <anonymous>:1026:15)
      at Object.add (eval at loadApp (tests/setup.js:217:3), <anonymous>:1045:19)
      at Object.add (tests/app.test.js:1037:35)

  console.error
    [SnippetLibrary] Failed to persist snippets: QuotaExceededError

      at save (eval at loadApp (tests/setup.js:217:3), <anonymous>:1026:15)
      at Object.remove (eval at loadApp (tests/setup.js:217:3), <anonymous>:1052:19)
      at Object.remove (tests/app.test.js:1052:35)

  console.error
    [SnippetLibrary] Failed to persist snippets: QuotaExceededError

      at save (eval at loadApp (tests/setup.js:217:3), <anonymous>:1026:15)
      at Object.rename (eval at loadApp (tests/setup.js:217:3), <anonymous>:1061:19)
      at Object.rename (tests/app.test.js:1066:35)

  console.error
    [SnippetLibrary] Failed to persist snippets: QuotaExceededError

      at save (eval at loadApp (tests/setup.js:217:3), <anonymous>:1026:15)
      at Object.clearAll (eval at loadApp (tests/setup.js:217:3), <anonymous>:1067:19)
      at Object.clearAll (tests/app.test.js:1078:35)

  console.error
    [SnippetLibrary] Failed to persist snippets: QuotaExceededError

      at save (eval at loadApp (tests/setup.js:217:3), <anonymous>:1026:15)
      at add (eval at loadApp (tests/setup.js:217:3), <anonymous>:1045:19)
      at Object.confirmSave (eval at loadApp (tests/setup.js:217:3), <anonymous>:1126:20)
      at Object.confirmSave (tests/app.test.js:1092:20)

node.exe : FAIL tests/app.test.js (14.898 s)
At line:1 char:1
+ & "C:\Program Files\nodejs/node.exe" "C:\Program Files\nodejs/node_mo ...
+ ~~~~~~~~~~~~~~~~~~~~~~~~~~~~~~~~~~~~~~~~~~~~~~~~~~~~~~~~~~~~~~~~~~~~~
    + CategoryInfo          : NotSpecified: (FAIL tests/app.test.js (14.898 s):String) [], RemoteException
    + FullyQualifiedErrorId : NativeCommandError
 
  ChatConfig
    ΓêÜ is frozen and cannot be mutated (70 ms)
    ΓêÜ has required configuration values (42 ms)
    ΓêÜ SYSTEM_PROMPT instructs autonomous agent behavior (41 ms)
  ConversationManager
    ΓêÜ starts with system prompt only (35 ms)
    ΓêÜ addMessage appends to history (31 ms)
    ΓêÜ getMessages returns a copy, not a reference (32 ms)
    ΓêÜ popLast removes the last message (33 ms)
    ΓêÜ popLast does not remove system prompt (27 ms)
    ΓêÜ trim keeps at most MAX_HISTORY_PAIRS exchanges (31 ms)
    ΓêÜ trim is a no-op when under limit (33 ms)
    ΓêÜ clear resets to system prompt only (27 ms)
    ΓêÜ estimateTokens returns reasonable values (25 ms)
  ApiKeyManager
    ΓêÜ OpenAI key starts null (31 ms)
    ΓêÜ set and get OpenAI key (49 ms)
    ΓêÜ clearOpenAIKey resets to null (28 ms)
    ΓêÜ substituteServiceKey returns code unchanged when no placeholder (22 ms)
    ΓêÜ substituteServiceKey returns null when key needed (shows modal) (24 ms)
    ΓêÜ submitServiceKey replaces placeholder and clears pending state (22 ms)
    ΓêÜ substituteServiceKey uses cached key on second call (21 ms)
    ΓêÜ extractDomain handles various URL formats (26 ms)
    ΓêÜ submitServiceKey returns null for empty key (22 ms)
    ΓêÜ substituteServiceKey escapes single quotes in key (21 ms)
    ΓêÜ substituteServiceKey escapes double quotes in key (24 ms)
    ΓêÜ substituteServiceKey escapes backticks in key (22 ms)
    ΓêÜ substituteServiceKey escapes backslashes in key (22 ms)
    ΓêÜ substituteServiceKey escapes dollar signs in key (40 ms)
    ΓêÜ substituteServiceKey escapes newlines in key (24 ms)
    ΓêÜ substituteServiceKey strips null bytes from key (20 ms)
    ΓêÜ substituteServiceKey escapes U+2028 Line Separator in key (24 ms)
    ΓêÜ substituteServiceKey escapes U+2029 Paragraph Separator in key (22 ms)
    ΓêÜ substituteServiceKey handles key with all dangerous chars combined (21 ms)
  UIController
    ΓêÜ setChatOutput updates text content (19 ms)
    ΓêÜ setConsoleOutput updates text and optional color (34 ms)
    ΓêÜ setLastPrompt updates last prompt display (22 ms)
    ΓêÜ setSendingState disables send button and input (23 ms)
    ΓêÜ setSandboxRunning shows/hides cancel button (26 ms)
    ΓêÜ resetSandboxUI restores default button state (24 ms)
    ΓêÜ showTokenUsage displays formatted token info (32 ms)
    ΓêÜ showTokenUsage handles missing usage gracefully (26 ms)
    ΓêÜ getChatInput and clearChatInput work correctly (24 ms)
    ΓêÜ displayCode creates a pre element inside chat output (31 ms)
    ΓêÜ updateCharCount shows warning near limit (68 ms)
    ΓêÜ showServiceKeyModal displays modal and sets domain (29 ms)
    ΓêÜ hideServiceKeyModal hides modal and clears input (29 ms)
    ΓêÜ showApiKeyInput creates password input in toolbar (44 ms)
    ΓêÜ showApiKeyInput is idempotent (41 ms)
    ΓêÜ removeApiKeyInput removes the input (32 ms)
  SandboxRunner
    ΓêÜ isRunning returns false initially (24 ms)
    ΓêÜ cancel is safe to call when nothing is running (26 ms)
    ΓêÜ run cancels previous execution before starting new one (58 ms)
    ΓêÜ only one sandbox iframe exists at a time (48 ms)
  ConversationManager ΓÇö token estimation accuracy
    ΓêÜ large conversation produces proportional token count (34 ms)
  Token cost calculation
    ΓêÜ cost is calculated using GPT-4o rates (23 ms)
  PromptTemplates
    ΓêÜ getTemplates returns all categories (26 ms)
    ΓêÜ each template has name, description, and prompt (36 ms)
    ΓêÜ search filters templates by name (23 ms)
    ΓêÜ search filters templates by description (21 ms)
    ΓêÜ search returns empty array for no matches (26 ms)
    ΓêÜ search with empty string returns all templates (20 ms)
    ΓêÜ toggle opens and closes the panel (27 ms)
    ΓêÜ close always closes the panel (24 ms)
    ΓêÜ render populates the templates list (28 ms)
    ΓêÜ render shows empty state for no results (20 ms)
    ΓêÜ selectTemplate inserts prompt into chat input and closes panel (28 ms)
    ΓêÜ handleSearch filters rendered templates (30 ms)
    ΓêÜ template cards have correct accessibility attributes (27 ms)
  HistoryPanel
    ΓêÜ toggle opens and closes the panel (23 ms)
    ΓêÜ close always closes the panel (25 ms)
    ΓêÜ refresh shows empty state with no messages (20 ms)
    ΓêÜ refresh renders user and assistant messages (23 ms)
    ΓêÜ refresh renders code blocks in assistant messages (28 ms)
    ΓêÜ exportAsMarkdown alerts when no messages (20 ms)
    ΓêÜ exportAsJSON alerts when no messages (22 ms)
  SnippetLibrary
    ΓêÜ starts with no snippets (23 ms)
    ΓêÜ add creates a snippet with correct fields (19 ms)
    ΓêÜ add prepends new snippets (newest first) (20 ms)
    ΓêÜ add filters empty tags (19 ms)
    ΓêÜ remove deletes snippet by ID (25 ms)
    ΓêÜ remove with non-existent ID is safe (21 ms)
    ΓêÜ rename updates snippet name (19 ms)
    ΓêÜ rename trims whitespace (22 ms)
    ΓêÜ clearAll removes all snippets (19 ms)
    ΓêÜ search filters by name (19 ms)
    ΓêÜ search filters by tag (27 ms)
    ΓêÜ search filters by code content (19 ms)
    ΓêÜ search with empty query returns all (18 ms)
    ΓêÜ search is case-insensitive (22 ms)
    ΓêÜ setCurrentCode shows/hides code-actions (19 ms)
    ΓêÜ openSaveDialog shows modal with code preview (19 ms)
    ΓêÜ openSaveDialog does nothing when no current code (25 ms)
    ΓêÜ confirmSave saves snippet and closes dialog (23 ms)
    ΓêÜ confirmSave does not save with empty name (19 ms)
    ΓêÜ closeSaveDialog hides modal (19 ms)
    ΓêÜ toggle opens and closes panel (25 ms)
    ΓêÜ close always closes panel (19 ms)
    ΓêÜ render shows empty state with no snippets (19 ms)
    ΓêÜ render shows snippet cards (35 ms)
    ΓêÜ render shows code preview truncated at 3 lines (21 ms)
    ΓêÜ formatRelativeTime returns human-readable times (18 ms)
    ΓêÜ getCount returns correct count (23 ms)
    ΓêÜ persists to localStorage (18 ms)
    ΓêÜ handles corrupted localStorage gracefully (17 ms)
    ΓêÜ handleClearAll requires confirmation (24 ms)
    ΓêÜ handleClearAll does nothing when no snippets (19 ms)
    ΓêÜ add returns saved:false when localStorage throws (110 ms)
    ΓêÜ remove returns saved:false when localStorage throws (32 ms)
    ΓêÜ rename returns saved:false when localStorage throws (22 ms)
    ΓêÜ clearAll returns saved:false when localStorage throws (21 ms)
    ΓêÜ confirmSave shows error when save fails (28 ms)
  KeyboardShortcuts
    ΓêÜ showHelp opens the shortcuts modal (18 ms)
    ΓêÜ hideHelp closes the shortcuts modal (18 ms)
    ΓêÜ toggleHelp opens and closes (23 ms)
    ΓêÜ ? key opens help when not in input (19 ms)
    ΓêÜ ? key does NOT open help when typing in input (19 ms)
    ΓêÜ Escape closes shortcuts help (22 ms)
    ΓêÜ Ctrl+L clears conversation (20 ms)
    ΓêÜ Ctrl+H toggles history panel (20 ms)
    ΓêÜ Ctrl+T toggles templates panel (28 ms)
    ΓêÜ Ctrl+S toggles snippets panel (23 ms)
    ΓêÜ Ctrl+K focuses chat input (34 ms)
    ΓêÜ metaKey (Cmd on Mac) works as Ctrl (23 ms)
    ΓêÜ isInputFocused detects input focus correctly (26 ms)
    ΓêÜ ? key with Ctrl held does NOT open help (20 ms)
    ΓêÜ ? key with Alt held does NOT open help (21 ms)
    ΓêÜ unrecognized keys are ignored (25 ms)
    ΓêÜ hideHelp is safe to call when already closed (18 ms)
  VoiceInput
    ΓêÜ isSupported returns true when SpeechRecognition is available (19 ms)
    ΓêÜ isSupported returns true for webkitSpeechRecognition (40 ms)
    ΓêÜ isSupported returns false when no recognition API exists (39 ms)
    ΓêÜ starts and stops listening (20 ms)
    ΓêÜ start is idempotent when already listening (19 ms)
    ΓêÜ stop returns empty string when not listening (22 ms)
    ΓêÜ toggle starts then stops (20 ms)
    ΓêÜ onResult callback receives final and interim transcripts (19 ms)
    ΓêÜ onStateChange callback fires on start/stop (19 ms)
    ΓêÜ setLanguage and getLanguage work (23 ms)
    ΓêÜ getLanguage returns en-US as default (36 ms)
    ΓêÜ stop returns accumulated transcript (22 ms)
    ΓêÜ stop clears transcript after returning it (18 ms)
    ΓêÜ recognition configures continuous and interimResults (39 ms)
    ΓêÜ soft errors (no-speech, aborted) do not stop listening (18 ms)
    ΓêÜ hard errors stop listening (19 ms)
    ΓêÜ auto-restarts on end event when still listening (23 ms)
    ΓêÜ does not restart on end event when stopped (19 ms)
    ΓêÜ voice button exists in DOM (22 ms)
    ΓêÜ voice button is disabled when Speech API not supported (53 ms)
    ΓêÜ Ctrl+M shortcut triggers voice button click (21 ms)
    ΓêÜ Ctrl+M does not click disabled voice button (20 ms)
    ΓêÜ start does nothing when not supported (42 ms)
    ΓêÜ toggle returns transcript on stop (20 ms)
    ΓêÜ accumulates multiple final results (25 ms)
    ΓêÜ setLanguage persists to localStorage (20 ms)
    ΓêÜ getLanguage returns saved language before recognition init (42 ms)
    ΓêÜ recognition initializes with saved language (37 ms)
    ΓêÜ setLanguage updates both recognition and localStorage (25 ms)
    ΓêÜ setLanguage rejects invalid inputs (21 ms)
    ΓêÜ setLanguage accepts valid language codes (22 ms)
    ΓêÜ getLanguage falls back to en-US when localStorage is empty (41 ms)
    ΓêÜ language persists across page reloads (37 ms)
    ΓêÜ setLanguage trims whitespace (23 ms)
  ThemeManager
    ΓêÜ getTheme returns current theme (18 ms)
    ΓêÜ getThemes returns available themes (18 ms)
    ΓêÜ getThemes returns a copy, not the internal array (23 ms)
    ΓêÜ init defaults to dark theme when no saved preference (18 ms)
    ΓêÜ init loads saved theme from localStorage (18 ms)
    ΓêÜ init ignores invalid saved theme (21 ms)
    ΓêÜ toggle switches from dark to light (18 ms)
    ΓêÜ toggle switches from light to dark (19 ms)
    ΓêÜ toggle persists to localStorage (23 ms)
    ΓêÜ toggle updates theme button text (19 ms)
    ΓêÜ toggle updates theme button title (20 ms)
    ΓêÜ setTheme sets a valid theme (22 ms)
    ΓêÜ setTheme rejects invalid theme and returns current (18 ms)
    ΓêÜ setTheme persists to localStorage (19 ms)
    ΓêÜ setTheme updates button (19 ms)
    ΓêÜ double toggle returns to original theme (22 ms)
    ΓêÜ data-theme attribute is set on document element (19 ms)
    ΓêÜ Ctrl+D keyboard shortcut toggles theme (18 ms)
    ΓêÜ theme survives multiple init calls (23 ms)
  SessionManager
    ΓêÜ starts with zero sessions (18 ms)
    ΓêÜ save creates a new session from conversation (18 ms)
    ΓêÜ save auto-generates name from first user message (22 ms)
    ΓêÜ save truncates long auto-generated names (18 ms)
    ΓêÜ save updates existing session when active (19 ms)
    ΓêÜ load restores conversation history (29 ms)
    ΓêÜ load returns null for non-existent session (20 ms)
    ΓêÜ remove deletes a session (22 ms)
    ΓêÜ rename changes session name (25 ms)
    ΓêÜ rename trims whitespace (21 ms)
    ΓêÜ rename ignores empty name (22 ms)
    ΓêÜ multiple sessions are sorted newest first (22 ms)
    ΓêÜ newSession clears conversation and active ID (39 ms)
    ΓêÜ duplicate creates a copy with different ID (39 ms)
    ΓêÜ duplicate returns null for non-existent session (37 ms)
    ΓêÜ exportSession and importSession round-trip (47 ms)
    ΓêÜ importSession returns null for invalid JSON (38 ms)
    ΓêÜ importSession returns null for missing session data (34 ms)
    ΓêÜ importSession strips system role messages (46 ms)
    ΓêÜ importSession strips function and tool role messages (32 ms)
    ΓêÜ importSession rejects non-array messages (22 ms)
    ΓêÜ importSession skips messages with non-string content (31 ms)
    ΓêÜ importSession skips messages with non-string role (38 ms)
    ΓêÜ importSession returns null when all messages are invalid (29 ms)
    ΓêÜ importSession truncates overly long content (26 ms)
    ΓêÜ importSession limits number of messages (20 ms)
    ΓêÜ importSession sanitizes session name length (20 ms)
    ΓêÜ importSession handles non-string session name gracefully (23 ms)
    ΓêÜ session load filters out system role messages from localStorage (23 ms)
    ΓêÜ auto-save is off by default (19 ms)
    ΓêÜ toggleAutoSave flips the preference (19 ms)
    ΓêÜ auto-save persists across init (23 ms)
    ΓêÜ autoSaveIfEnabled saves when auto-save is on (19 ms)
    ΓêÜ autoSaveIfEnabled does nothing when auto-save is off (18 ms)
    ΓêÜ autoSaveIfEnabled does nothing with empty conversation (23 ms)
    ΓêÜ clearAll removes all sessions (19 ms)
    ΓêÜ sessions persist in localStorage (19 ms)
    ΓêÜ toggle opens and closes the sessions panel (24 ms)
    ΓêÜ close closes the panel (22 ms)
    ΓêÜ refresh renders session cards (22 ms)
    ΓêÜ refresh shows empty message when no sessions (23 ms)
    ΓêÜ refresh shows active badge on current session (22 ms)
    ΓêÜ session preview contains first user message (22 ms)
    ΓêÜ preview is truncated to 120 characters (24 ms)
    ΓêÜ _formatTime handles just now (18 ms)
    ΓêÜ _formatTime handles minutes ago (20 ms)
    ΓêÜ _formatTime handles hours ago (18 ms)
    ΓêÜ _formatTime handles days ago (22 ms)
    ΓêÜ openSaveDialog shows the modal (19 ms)
    ΓêÜ closeSaveDialog hides the modal (19 ms)
    ΓêÜ confirmSave saves and closes dialog (25 ms)
    ΓêÜ confirmSave does nothing with empty name (19 ms)
    ΓêÜ save with no messages and no name returns null (18 ms)
    ΓêÜ load updates last-prompt text (27 ms)
    ΓêÜ newSession updates last-prompt text (19 ms)
  MessageSearch
    ΓêÜ module exists with expected API (18 ms)
    ΓêÜ starts closed (22 ms)
    ΓêÜ open() shows search bar (19 ms)
    ΓêÜ close() hides search bar (20 ms)
    ΓêÜ toggle() switches state (23 ms)
    ΓêÜ close() clears input (19 ms)
    ΓêÜ performSearch finds matching text (24 ms)
    ΓêÜ performSearch is case-insensitive (23 ms)
    ΓêÜ performSearch with empty query clears results (26 ms)
    ΓêÜ performSearch with no matches shows zero (21 ms)
    ΓêÜ performSearch finds multiple matches in one message (21 ms)
    ΓêÜ performSearch creates <mark> elements (26 ms)
    ΓêÜ first match gets search-current class (21 ms)
    ΓêÜ next() advances to next match (22 ms)
    ΓêÜ next() wraps around to first (26 ms)
    ΓêÜ prev() goes to previous match (21 ms)
    ΓêÜ prev() wraps around to last (21 ms)
    ΓêÜ next/prev do nothing with no matches (24 ms)
    ΓêÜ current match highlight moves with navigation (22 ms)
    ΓêÜ clearHighlights removes all marks (23 ms)
    ΓêÜ clearHighlights restores text content (39 ms)
    ΓêÜ clearHighlights resets state (21 ms)
    ΓêÜ count shows "1 of N" format (22 ms)
    ΓêÜ count updates on navigation (22 ms)
    ΓêÜ count shows "No results" for no matches (24 ms)
    ΓêÜ count is empty when query is empty (19 ms)
    ΓêÜ nav buttons disabled when no matches (20 ms)
    ΓêÜ nav buttons enabled when matches found (27 ms)
    ΓêÜ new search clears previous highlights (25 ms)
    ΓêÜ close() removes highlights (25 ms)
    ΓêÜ search in empty chat output (24 ms)
    ΓêÜ search handles special regex characters safely (21 ms)
    ΓêÜ search in nested HTML elements (22 ms)
    ΓêÜ repeated open/close cycles work correctly (33 ms)
    ΓêÜ Ctrl+F handled by KeyboardShortcuts (19 ms)
  HistoryPanel ΓÇö extended
    ΓêÜ exportAsMarkdown produces correct format with messages (24 ms)
    ΓêÜ exportAsJSON produces correct format with messages (25 ms)
    ΓêÜ toggle twice returns panel to closed state (20 ms)
    ΓêÜ close when already closed is a no-op (18 ms)
    ΓêÜ refresh renders messages after adding them (21 ms)
    ΓêÜ refresh filters out system messages (24 ms)
    ΓêÜ refresh shows role labels correctly (20 ms)
    ΓêÜ exportAsMarkdown with special characters in messages (20 ms)
    ΓêÜ exportAsJSON with special characters in messages (24 ms)
    ΓêÜ refresh with code block and surrounding text (20 ms)
    ΓêÜ refresh with assistant message with no code block (20 ms)
    ΓêÜ toggle opens panel and calls refresh (24 ms)
    ΓêÜ multiple toggle cycles maintain correct state (19 ms)
  SandboxRunner ΓÇö extended
    ΓêÜ cancel when not running is a no-op and returns false-ish (17 ms)
    ΓêÜ isRunning returns true after run is called (34 ms)
    ΓêÜ isRunning returns false after cancel (32 ms)
    ΓêÜ cancel resolves promise with cancelled message (31 ms)
    ΓêÜ multiple sequential runs work correctly (57 ms)
    ΓêÜ running while already running cancels previous execution (42 ms)
    ΓêÜ sandbox iframe is cleaned up after cancel (29 ms)
    ΓêÜ run creates a sandbox iframe (36 ms)
    ΓêÜ run with empty code does not throw (31 ms)
    ΓêÜ cancel called multiple times is safe (30 ms)
  ConversationManager ΓÇö extended
    ΓêÜ estimateTokens recalculates after trim (31 ms)
    ΓêÜ clear resets token estimation (60 ms)
    ΓêÜ getMessages returns correct format with roles and content (25 ms)
    ΓêÜ system message is always the first message (20 ms)
    ΓêÜ message ordering is preserved (25 ms)
    ΓêÜ large message handling (20 ms)
    ΓêÜ token estimation with various text types (20 ms)
    ΓêÜ estimateTokens is consistent with incremental adds (24 ms)
    ΓêÜ popLast updates token count correctly (21 ms)
    ΓêÜ getHistory returns reference to internal array (21 ms)
    ΓêÜ clear and re-add messages works correctly (22 ms)
    ΓêÜ empty string message is handled (18 ms)
  ChatBookmarks
    ΓêÜ add() creates bookmark with correct fields (43 ms)
    ΓêÜ add() truncates preview to 100 chars (37 ms)
    ΓêÜ add() prevents duplicates (same messageIndex) (39 ms)
    ΓêÜ add() respects MAX_BOOKMARKS limit (37 ms)
    ΓêÜ remove() by id (40 ms)
    ΓêÜ isBookmarked() returns true/false correctly (41 ms)
    ΓêÜ toggle() adds when not bookmarked (36 ms)
    ΓêÜ toggle() removes when already bookmarked (39 ms)
    ΓêÜ getAll() returns sorted by messageIndex (39 ms)
    ΓêÜ getCount() returns correct count (36 ms)
    ΓêÜ clearAll() empties bookmarks (45 ms)
    ΓêÜ load/save round-trip via localStorage (56 ms)
    ΓêÜ load handles corrupt localStorage gracefully (55 ms)
    ΓêÜ load handles empty/missing localStorage (55 ms)
    ΓêÜ jumpTo scrolls element into view (38 ms)
    ΓêÜ panel toggle state (40 ms)
    ΓêÜ open/close panel (47 ms)
    ΓêÜ _getState() returns current state (44 ms)
    ΓêÜ multiple bookmarks ordering (40 ms)
    ΓêÜ preview handles empty text (34 ms)
    ΓêÜ preview handles special characters (38 ms)
    ΓêÜ remove non-existent id (no-op) (39 ms)
    ΓêÜ bookmark role is stored correctly (35 ms)
    ΓêÜ clear triggers save (localStorage is emptied) (41 ms)
    ΓêÜ decorating messages adds bookmark icons (38 ms)
    ΓêÜ decorating messages shows star for bookmarked messages (45 ms)
    ΓêÜ bookmarked message gets gold border (40 ms)
    ΓêÜ renderPanel shows empty state when no bookmarks (36 ms)
    ΓêÜ renderPanel shows bookmark items (41 ms)
    ΓêÜ renderPanel shows role badges (42 ms)
    ΓêÜ Ctrl+B toggles bookmarks panel (37 ms)
    ΓêÜ id uses Date.now() and messageIndex (39 ms)
    ΓêÜ load handles non-array localStorage value gracefully (55 ms)
    ΓêÜ getAll returns a copy, not internal reference (35 ms)
    ΓêÜ _getState bookmarks is a copy (39 ms)
    ΓêÜ preview trims whitespace (39 ms)
    ΓêÜ jumpTo with invalid index does not throw (35 ms)
    ΓêÜ decorateMessages is idempotent (41 ms)
    ΓêÜ closePanel is safe to call when already closed (40 ms)
    ΓêÜ MAX_BOOKMARKS is 50 (34 ms)
  ChatController
    callOpenAI
      ΓêÜ returns ok:true data on successful response (23 ms)
      ΓêÜ returns ok:false with status on API error (24 ms)
      ΓêÜ error message includes "check your API key" on 401 (22 ms)
      ΓêÜ error message includes "rate limited" on 429 (21 ms)
      ΓêÜ error message includes "service temporarily unavailable" on 503 (27 ms)
      ΓêÜ includes model and max_tokens in request body (22 ms)
      ΓêÜ includes Authorization header with Bearer token (23 ms)
      ΓêÜ handles JSON parse error in error response body gracefully (24 ms)
    send()
      ΓêÜ does nothing when isSending is true (guard against double-send) (23 ms)
      ΓêÜ alerts when no API key and no input (19 ms)
      ΓêÜ alerts when API key set but no prompt (23 ms)
      ΓêÜ alerts when input exceeds MAX_INPUT_CHARS (18 ms)
      ΓêÜ shows confirm dialog when projected tokens exceed MAX_TOTAL_TOKENS (18 ms)
      ΓêÜ adds user message to ConversationManager (28 ms)
      ΓêÜ pops last message on API error (21 ms)
      ΓêÜ on 401 error, clears API key and shows API key input (23 ms)
      ΓêÜ extracts code block from response and runs in sandbox (26 ms)
      ΓêÜ displays text response when no code block found (27 ms)
      ΓêÜ calls HistoryPanel.refresh() after successful response (23 ms)
      ΓêÜ calls SessionManager.autoSaveIfEnabled() after success (23 ms)
      ΓêÜ clears chat input after send (in finally block) (27 ms)
      ΓêÜ sets isSending state during request (22 ms)
      ΓêÜ handles network error (fetch throws) (20 ms)
    clearHistory()
      ΓêÜ calls ConversationManager.clear() (23 ms)
      ΓêÜ resets UI outputs (19 ms)
    submitServiceKey()
      ΓêÜ gets key from UI and submits to ApiKeyManager (18 ms)
      ΓêÜ hides service key modal (23 ms)
  SlashCommands
    filter
      ΓêÜ returns all commands for empty query (18 ms)
      ΓêÜ matches prefix "cl" to clear (18 ms)
      ΓêÜ is case-insensitive (23 ms)
      ΓêÜ returns empty array for no matches (18 ms)
      ΓêÜ full command name matches exactly one (18 ms)
      ΓêÜ prefix "s" matches multiple commands (18 ms)
      ΓêÜ prefix "he" matches help and history? no, just help (21 ms)
      ΓêÜ prefix "t" matches templates and theme (18 ms)
    handleInput
      ΓêÜ shows dropdown when input starts with / (21 ms)
      ΓêÜ hides dropdown when input does not start with / (27 ms)
      ΓêÜ filters commands based on text after / (20 ms)
      ΓêÜ shows all commands for just / (21 ms)
      ΓêÜ hides dropdown on empty input (26 ms)
      ΓêÜ hides dropdown when no commands match (18 ms)
      ΓêÜ resets selectedIndex on new input (21 ms)
    dropdown rendering
      ΓêÜ creates dropdown element with slash-dropdown class (25 ms)
      ΓêÜ each item has slash-item class (22 ms)
      ΓêÜ each item has icon, name, and description (20 ms)
      ΓêÜ dropdown has slash-dropdown class (25 ms)
      ΓêÜ renders max MAX_VISIBLE items (22 ms)
      ΓêÜ clicking an item executes that command (21 ms)
      ΓêÜ hiding removes dropdown element from DOM (22 ms)
    keyboard navigation
      ΓêÜ ArrowDown moves selection down (29 ms)
      ΓêÜ ArrowUp moves selection up from 0 to last (25 ms)
      ΓêÜ selection wraps at bottom (20 ms)
      ΓêÜ selection wraps at top (24 ms)
      ΓêÜ Enter executes selected command (20 ms)
      ΓêÜ Tab executes selected command (20 ms)
      ΓêÜ Escape closes dropdown (26 ms)
      ΓêÜ Escape clears the chat input (21 ms)
      ΓêÜ prevents default on navigation keys when open (25 ms)
      ΓêÜ does nothing when dropdown is closed (22 ms)
      ΓêÜ Enter with no selection executes first command (22 ms)
    command execution
      ΓêÜ clears chat input after execution (18 ms)
      ΓêÜ hides dropdown after execution (25 ms)
      ΓêÜ calls command action function (18 ms)
    getCommands
      ΓêÜ returns all commands (18 ms)
      ΓêÜ returns a defensive copy (18 ms)
      ΓêÜ each command has name, description, icon, action (25 ms)
    isDropdownOpen
      ΓêÜ returns false initially (18 ms)
      ΓêÜ returns true when dropdown is shown (21 ms)
      ΓêÜ returns false after hiding (25 ms)
    _getState
      ΓêÜ returns correct initial state (18 ms)
      ΓêÜ returns correct state when open (19 ms)
      ΓêÜ returns defensive copy of filteredCommands (24 ms)
    edge cases
      ΓêÜ multiple / characters in input treated as command prefix (17 ms)
      ΓêÜ / in middle of text does not trigger (19 ms)
      ΓêÜ rapid open/close does not break state (29 ms)
      ΓêÜ null input hides dropdown (20 ms)
      ΓêÜ hideDropdown when already hidden is safe (18 ms)
      ΓêÜ showDropdown without prior filter works (24 ms)
  MessageReactions
    addReaction
      ΓêÜ adds reaction to message (returns true) (18 ms)
      ΓêÜ increments count for existing emoji (18 ms)
      ΓêÜ rejects invalid emoji (returns false) (18 ms)
      ΓêÜ rejects negative messageIndex (returns false) (22 ms)
      ΓêÜ rejects non-number messageIndex (returns false) (18 ms)
      ΓêÜ respects MAX_REACTIONS_PER_MESSAGE limit (20 ms)
    removeReaction
      ΓêÜ removes reaction (decrements count) (22 ms)
      ΓêÜ removes emoji key when count reaches 0 (18 ms)
      ΓêÜ removes message entry when all emojis removed (18 ms)
      ΓêÜ returns false for non-existent reaction (22 ms)
      ΓêÜ returns false for non-existent message (17 ms)
    toggleReaction
      ΓêÜ adds when not present (17 ms)
      ΓêÜ removes when present (count 1) (22 ms)
      ΓêÜ rejects invalid emoji (18 ms)
      ΓêÜ rejects invalid messageIndex (19 ms)
    getReactions
      ΓêÜ returns empty object for message with no reactions (22 ms)
      ΓêÜ returns copy of reactions (18 ms)
      ΓêÜ returned copy is independent (mutation-safe) (19 ms)
    getReactionCount
      ΓêÜ returns 0 for no reactions (18 ms)
      ΓêÜ returns sum of all emoji counts (22 ms)
      ΓêÜ returns correct count after add/remove (18 ms)
    getReactedMessages
      ΓêÜ returns empty array initially (18 ms)
      ΓêÜ returns sorted message indices (22 ms)
      ΓêÜ excludes cleared messages (18 ms)
    clearReactions
      ΓêÜ clears all reactions for a message (19 ms)
      ΓêÜ returns count of removed reactions (22 ms)
      ΓêÜ returns 0 for message with no reactions (18 ms)
    clearAll
      ΓêÜ clears all reactions (18 ms)
      ΓêÜ returns count of messages cleared (22 ms)
      ΓêÜ returns 0 when empty (18 ms)
    getMostUsedEmoji
      ΓêÜ returns null when no reactions (19 ms)
      ΓêÜ returns most used emoji (24 ms)
      ΓêÜ returns first in case of tie (whichever was stored first) (18 ms)
    getAvailableEmojis
      ΓêÜ returns 8 emojis (17 ms)
      ΓêÜ returns a copy (mutation-safe) (19 ms)
    renderReactionBar
      ΓêÜ creates reaction-bar element (24 ms)
      ΓêÜ shows badges for existing reactions (19 ms)
      ΓêÜ includes add button (19 ms)
      ΓêÜ replaces existing bar on re-render (23 ms)
    hideEmojiPicker
      ΓêÜ removes picker from DOM (18 ms)
      ΓêÜ safe to call when no picker exists (19 ms)
    persistence
      ΓêÜ saves reactions to localStorage (22 ms)
      ΓêÜ loads reactions from localStorage (19 ms)
      ΓêÜ handles corrupt localStorage gracefully (17 ms)
      ΓêÜ handles missing localStorage gracefully (22 ms)
    _getState
      ΓêÜ returns current state (18 ms)
      ΓêÜ returns deep copy of reactions (18 ms)
    reset
      ΓêÜ clears reactions and localStorage (22 ms)
  ChatStats
    compute()
      ΓêÜ returns object with all expected keys (19 ms)
      ΓêÜ totalMessages counts non-system messages (18 ms)
      ΓêÜ userMessages counts user role only (18 ms)
      ΓêÜ assistantMessages counts assistant role only (23 ms)
      ΓêÜ totalUserWords counts words correctly (18 ms)
      ΓêÜ totalAssistantWords counts words correctly (19 ms)
      ΓêÜ avgUserLen computes average character length (22 ms)
      ΓêÜ avgAssistantLen computes average character length (18 ms)
      ΓêÜ codeBlockCount counts paired backtick blocks (18 ms)
      ΓêÜ codeBlockCount ignores unpaired backticks (25 ms)
      ΓêÜ longestMsg identifies longest message (19 ms)
      ΓêÜ longestMsg truncates preview at 80 chars (18 ms)
      ΓêÜ longestMsg handles empty conversation (24 ms)
      ΓêÜ questionCount counts messages ending with ? (18 ms)
      ΓêÜ topWords excludes stop words (18 ms)
      ΓêÜ topWords sorts by frequency descending (23 ms)
      ΓêÜ topWords returns max 10 entries (18 ms)
      ΓêÜ topWords handles empty conversation (19 ms)
      ΓêÜ responseRatio computed correctly (19 ms)
      ΓêÜ handles conversation with only user messages (22 ms)
      ΓêÜ handles conversation with only assistant messages (18 ms)
      ΓêÜ handles empty conversation (19 ms)
    render()
      ΓêÜ creates stats-panel element (30 ms)
      ΓêÜ creates stats-overlay element (29 ms)
      ΓêÜ panel has role=dialog (23 ms)
      ΓêÜ panel has aria-label (28 ms)
      ΓêÜ shows all stat cards (24 ms)
      ΓêÜ shows top words section (28 ms)
      ΓêÜ close button removes panel (28 ms)
      ΓêÜ overlay click removes panel (24 ms)
    open()
      ΓêÜ opens panel when closed (23 ms)
      ΓêÜ does not double-open (29 ms)
    close()
      ΓêÜ removes panel and overlay (22 ms)
      ΓêÜ handles close when not open (18 ms)
    toggle()
      ΓêÜ opens when closed (23 ms)
      ΓêÜ closes when open (26 ms)
    isOpen()
      ΓêÜ returns false initially (17 ms)
      ΓêÜ returns true after open (22 ms)
      ΓêÜ returns false after close (26 ms)
    Integration
      ΓêÜ /stats slash command exists (18 ms)
      ΓêÜ Ctrl+I shortcut registered (24 ms)
  PromptTemplates - extended
    ΓêÜ search filters by prompt content (23 ms)
    ΓêÜ search is case-insensitive across all fields (17 ms)
    ΓêÜ search preserves category structure (18 ms)
    ΓêÜ search returns only matching categories (23 ms)
    ΓêÜ every template prompt is at least 20 chars long (19 ms)
    ΓêÜ template names are unique across all categories (18 ms)
    ΓêÜ all categories have emoji prefix (23 ms)
    ├ù render shows category headers (25 ms)
    ΓêÜ render card shows name and description (23 ms)
    ΓêÜ selectTemplate focuses chat input (26 ms)
    ΓêÜ search for partial word matches (18 ms)
    ΓêÜ toggle twice returns to closed state (22 ms)
  UIController - extended
    ├ù updateCharCount sets counter text (25 ms)
    ├ù updateCharCount with zero (18 ms)
    ΓêÜ setConsoleOutput sets output text and color (18 ms)
    ΓêÜ setConsoleOutput with default color (23 ms)
    ├ù displayCode sets code in output (18 ms)
    ├ù clearOutput resets chat output (18 ms)
    ├ù setSandboxRunning disables button (23 ms)
    ├ù setSandboxRunning re-enables button (17 ms)
    ├ù resetSandboxUI re-enables button (18 ms)
  ConversationManager - edge cases extended
    ΓêÜ addMessage with empty content is allowed (22 ms)
    ΓêÜ getMessages returns system prompt first (18 ms)
    ΓêÜ clear removes all non-system messages (18 ms)
    ΓêÜ multiple adds maintain order (18 ms)
    ΓêÜ estimateTokens returns positive number for non-empty (22 ms)
    ΓêÜ estimateTokens with only system message (18 ms)
    ΓêÜ large conversation token estimate grows (18 ms)
  ChatStats - edge cases extended
    ΓêÜ wordCount handles multiple spaces (23 ms)
    ΓêÜ wordCount handles leading/trailing whitespace (18 ms)
    ΓêÜ wordCount handles newlines (18 ms)
    ΓêÜ codeBlockCount handles multiple code blocks per message (22 ms)
    ΓêÜ topWords excludes short words (<=2 chars) (18 ms)
    ΓêÜ topWords strips punctuation (19 ms)
    ΓêÜ questionCount ignores questions from assistant (24 ms)
    ΓêÜ responseRatio with equal words (19 ms)
    ΓêÜ system messages excluded from all counts (19 ms)
    ΓêÜ render replaces existing panel on re-render (31 ms)

  ΓùÅ PromptTemplates - extended ΓÇ║ render shows category headers

    expect(received).toBe(expected) // Object.is equality

    Expected: 4
    Received: 0

    [0m [90m 5190 |[39m     [33mPromptTemplates[39m[33m.[39mrender(data)[33m;[39m
     [90m 5191 |[39m     [36mconst[39m headers [33m=[39m 
document[33m.[39mquerySelectorAll([32m'.template-category h3'[39m)[33m;[39m
    [31m[1m>[22m[39m[90m 5192 |[39m     
expect(headers[33m.[39mlength)[33m.[39mtoBe(data[33m.[39mlength)[33m;[39m
     [90m      |[39m                            [31m[1m^[22m[39m
     [90m 5193 |[39m     headers[33m.[39mforEach((h[33m,[39m i) [33m=>[39m {
     [90m 5194 |[39m       expect(h[33m.[39mtextContent)[33m.[39mtoBe(data[i][33m.[39mcategory)[33m;[39m
     [90m 5195 |[39m     })[33m;[39m[0m

      at Object.toBe (tests/app.test.js:5192:28)

  ΓùÅ UIController - extended ΓÇ║ updateCharCount sets counter text

    expect(received).toContain(expected) // indexOf

    Expected substring: "42"
    Received string:    ""

    [0m [90m 5233 |[39m     [33mUIController[39m[33m.[39mupdateCharCount([35m42[39m)[33m;[39m
     [90m 5234 |[39m     [36mconst[39m counter [33m=[39m 
document[33m.[39mgetElementById([32m'char-count'[39m)[33m;[39m
    [31m[1m>[22m[39m[90m 5235 |[39m     
expect(counter[33m.[39mtextContent)[33m.[39mtoContain([32m'42'[39m)[33m;[39m
     [90m      |[39m                                 [31m[1m^[22m[39m
     [90m 5236 |[39m   })[33m;[39m
     [90m 5237 |[39m
     [90m 5238 |[39m   test([32m'updateCharCount with zero'[39m[33m,[39m () [33m=>[39m {[0m

      at Object.toContain (tests/app.test.js:5235:33)

  ΓùÅ UIController - extended ΓÇ║ updateCharCount with zero

    expect(received).toContain(expected) // indexOf

    Expected substring: "0"
    Received string:    ""

    [0m [90m 5239 |[39m     [33mUIController[39m[33m.[39mupdateCharCount([35m0[39m)[33m;[39m
     [90m 5240 |[39m     [36mconst[39m counter [33m=[39m 
document[33m.[39mgetElementById([32m'char-count'[39m)[33m;[39m
    [31m[1m>[22m[39m[90m 5241 |[39m     
expect(counter[33m.[39mtextContent)[33m.[39mtoContain([32m'0'[39m)[33m;[39m
     [90m      |[39m                                 [31m[1m^[22m[39m
     [90m 5242 |[39m   })[33m;[39m
     [90m 5243 |[39m
     [90m 5244 |[39m   test([32m'setConsoleOutput sets output text and color'[39m[33m,[39m () [33m=>[39m {[0m

      at Object.toContain (tests/app.test.js:5241:33)

  ΓùÅ UIController - extended ΓÇ║ displayCode sets code in output

    TypeError: Cannot read properties of null (reading 'textContent')

    [0m [90m 5258 |[39m     [33mUIController[39m[33m.[39mdisplayCode([32m'console.log("hi")'[39m)[33m;[39m
     [90m 5259 |[39m     [36mconst[39m codeOutput [33m=[39m 
document[33m.[39mgetElementById([32m'code-output'[39m)[33m;[39m
    [31m[1m>[22m[39m[90m 5260 |[39m     
expect(codeOutput[33m.[39mtextContent)[33m.[39mtoContain([32m'console.log("hi")'[39m)[33m;[39m
     [90m      |[39m                       [31m[1m^[22m[39m
     [90m 5261 |[39m   })[33m;[39m
     [90m 5262 |[39m
     [90m 5263 |[39m   test([32m'clearOutput resets chat output'[39m[33m,[39m () [33m=>[39m {[0m

      at Object.textContent (tests/app.test.js:5260:23)

  ΓùÅ UIController - extended ΓÇ║ clearOutput resets chat output

    TypeError: UIController.clearOutput is not a function

    [0m [90m 5264 |[39m     [36mconst[39m output [33m=[39m 
document[33m.[39mgetElementById([32m'chat-output'[39m)[33m;[39m
     [90m 5265 |[39m     output[33m.[39mtextContent [33m=[39m [32m'some content'[39m[33m;[39m
    [31m[1m>[22m[39m[90m 5266 |[39m     [33mUIController[39m[33m.[39mclearOutput()[33m;[39m
     [90m      |[39m                  [31m[1m^[22m[39m
     [90m 5267 |[39m     expect(output[33m.[39mtextContent)[33m.[39mtoBe([32m''[39m)[33m;[39m
     [90m 5268 |[39m   })[33m;[39m
     [90m 5269 |[39m[0m

      at Object.clearOutput (tests/app.test.js:5266:18)

  ΓùÅ UIController - extended ΓÇ║ setSandboxRunning disables button

    TypeError: Cannot read properties of null (reading 'disabled')

    [0m [90m 5271 |[39m     [36mconst[39m runBtn [33m=[39m 
document[33m.[39mgetElementById([32m'run-btn'[39m)[33m;[39m
     [90m 5272 |[39m     [33mUIController[39m[33m.[39msetSandboxRunning([36mtrue[39m)[33m;[39m
    [31m[1m>[22m[39m[90m 5273 |[39m     
expect(runBtn[33m.[39mdisabled)[33m.[39mtoBe([36mtrue[39m)[33m;[39m
     [90m      |[39m                   [31m[1m^[22m[39m
     [90m 5274 |[39m   })[33m;[39m
     [90m 5275 |[39m
     [90m 5276 |[39m   test([32m'setSandboxRunning re-enables button'[39m[33m,[39m () [33m=>[39m {[0m

      at Object.disabled (tests/app.test.js:5273:19)

  ΓùÅ UIController - extended ΓÇ║ setSandboxRunning re-enables button

    TypeError: Cannot read properties of null (reading 'disabled')

    [0m [90m 5278 |[39m     [33mUIController[39m[33m.[39msetSandboxRunning([36mtrue[39m)[33m;[39m
     [90m 5279 |[39m     [33mUIController[39m[33m.[39msetSandboxRunning([36mfalse[39m)[33m;[39m
    [31m[1m>[22m[39m[90m 5280 |[39m     
expect(runBtn[33m.[39mdisabled)[33m.[39mtoBe([36mfalse[39m)[33m;[39m
     [90m      |[39m                   [31m[1m^[22m[39m
     [90m 5281 |[39m   })[33m;[39m
     [90m 5282 |[39m
     [90m 5283 |[39m   test([32m'resetSandboxUI re-enables button'[39m[33m,[39m () [33m=>[39m {[0m

      at Object.disabled (tests/app.test.js:5280:19)

  ΓùÅ UIController - extended ΓÇ║ resetSandboxUI re-enables button

    TypeError: Cannot read properties of null (reading 'disabled')

    [0m [90m 5285 |[39m     [33mUIController[39m[33m.[39mresetSandboxUI()[33m;[39m
     [90m 5286 |[39m     [36mconst[39m runBtn [33m=[39m 
document[33m.[39mgetElementById([32m'run-btn'[39m)[33m;[39m
    [31m[1m>[22m[39m[90m 5287 |[39m     
expect(runBtn[33m.[39mdisabled)[33m.[39mtoBe([36mfalse[39m)[33m;[39m
     [90m      |[39m                   [31m[1m^[22m[39m
     [90m 5288 |[39m   })[33m;[39m
     [90m 5289 |[39m })[33m;[39m
     [90m 5290 |[39m[0m

      at Object.disabled (tests/app.test.js:5287:19)

Test Suites: 1 failed, 1 total
Tests:       8 failed, 541 passed, 549 total
Snapshots:   0 total
Time:        16.708 s
Ran all test suites.
