FAIL tests/auto-tagger.test.js
  ΓùÅ Test suite failed to run

    ReferenceError: TextEncoder is not defined

      4 | const { describe, it, beforeEach, afterEach } = require('node:test');
      5 | const assert = require('node:assert/strict');
    > 6 | const { JSDOM } = require('jsdom');
        |                   ^
      7 |
      8 | let dom, cleanup;
      9 |

      at Object.<anonymous> (node_modules/whatwg-url/lib/encoding.js:2:21)
      at Object.<anonymous> (node_modules/whatwg-url/lib/url-state-machine.js:5:34)
      at Object.<anonymous> (node_modules/whatwg-url/lib/URL-impl.js:2:13)
      at Object.<anonymous> (node_modules/whatwg-url/lib/URL.js:499:14)
      at Object.<anonymous> (node_modules/whatwg-url/webidl2js-wrapper.js:3:13)
      at Object.<anonymous> (node_modules/whatwg-url/index.js:3:34)
      at Object.<anonymous> (node_modules/jsdom/lib/api.js:7:19)
      at Object.require (tests/auto-tagger.test.js:6:19)

FAIL tests/readaloud.test.js
  ReadAloud
    isSupported
      ΓêÜ returns true when SpeechSynthesisUtterance and speechSynthesis exist (13 ms)
    getVoices
      ΓêÜ returns all voices when no filter (2 ms)
      ΓêÜ filters by language prefix (2 ms)
      ΓêÜ filters by exact language (2 ms)
      ΓêÜ returns empty for non-matching prefix (2 ms)
    resolveVoice
      ΓêÜ returns preferred voice when set (2 ms)
      ΓêÜ falls back to first en- voice (2 ms)
      ΓêÜ falls back to first voice if no en- (2 ms)
    preferences
      ΓêÜ default rate is 1.0 (2 ms)
      ΓêÜ default pitch is 1.0 (2 ms)
      ΓêÜ setRate clamps to valid range (2 ms)
      ΓêÜ setPitch clamps to valid range (6 ms)
      ΓêÜ setRate ignores NaN (5 ms)
      ΓêÜ setPitch ignores NaN (1 ms)
      ΓêÜ persists prefs to localStorage (5 ms)
      ΓêÜ loads prefs from localStorage on init (2 ms)
      ΓêÜ handles corrupt localStorage gracefully (2 ms)
    cleanTextForSpeech
      ΓêÜ removes code blocks (3 ms)
      ΓêÜ removes inline code backticks but keeps text (1 ms)
      ΓêÜ removes bold markdown (1 ms)
      ΓêÜ removes italic markdown (3 ms)
      ΓêÜ removes underscore emphasis (1 ms)
      ΓêÜ removes markdown headers (1 ms)
      ΓêÜ converts links to text (1 ms)
      ΓêÜ collapses whitespace (1 ms)
      ΓêÜ handles empty input (3 ms)
      ΓêÜ handles text with multiple code blocks (1 ms)
    speak
      ΓêÜ speaks text and returns ok (4 ms)
      ΓêÜ cleans markdown before speaking (2 ms)
      ΓêÜ uses configured rate and pitch (2 ms)
      ΓêÜ cancels previous speech before starting new (3 ms)
      ΓêÜ returns error for empty text (4 ms)
      ΓêÜ returns error for null text (1 ms)
      ΓêÜ speaks code-only text as "code block omitted" (2 ms)
      ΓêÜ sets speaking state (2 ms)
      ΓêÜ tracks current message index (2 ms)
      ΓêÜ assigns voice to utterance (2 ms)
    speakMessage
      ΓêÜ speaks message by index from conversation history (2 ms)
      ΓêÜ returns error for invalid index (2 ms)
    pause and resume
      ΓêÜ pause returns true when speaking (2 ms)
      ΓêÜ pause returns false when not speaking (1 ms)
      ΓêÜ resume returns true when paused (4 ms)
      ΓêÜ resume returns false when not paused (1 ms)
      ΓêÜ togglePause pauses when speaking (2 ms)
      ΓêÜ togglePause resumes when paused (3 ms)
      ΓêÜ togglePause returns false when not speaking (1 ms)
    stop
      ΓêÜ cancels speech and resets state (4 ms)
      ΓêÜ clears speech queue (3 ms)
    utterance callbacks
      ΓêÜ onend resets speaking state (2 ms)
      ΓêÜ onerror resets state for non-canceled errors (1 ms)
      ΓêÜ onerror ignores canceled error (1 ms)
    highlightMessage
      ΓêÜ adds readaloud-active class to correct message (21 ms)
      ΓêÜ removes readaloud-active class (8 ms)
      ΓêÜ does nothing with no history-messages container (5 ms)
    renderSpeakButton
      ΓêÜ adds speak button to message element (14 ms)
      ΓêÜ shows pause/stop buttons when speaking this message (11 ms)
      ΓêÜ replaces existing button on re-render (6 ms)
      ΓêÜ works without msg-role element (5 ms)
    decorateMessages
      ├ù adds buttons only to assistant messages (21 ms)
      ΓêÜ handles empty history gracefully (1 ms)
    _getState
      ΓêÜ returns current state (1 ms)
      ΓêÜ reflects speaking state (2 ms)
    reset
      ΓêÜ stops speech and clears prefs (3 ms)
    buildControls
      ΓêÜ creates controls panel (10 ms)
      ├ù does not duplicate controls (18 ms)
      ΓêÜ panel has pause and stop buttons (11 ms)
      ΓêÜ panel has speed slider (6 ms)
    updateControls
      ΓêÜ hides controls when not speaking (5 ms)
      ├ù shows controls when speaking (9 ms)
      ├ù shows paused state (17 ms)
      ├ù shows speaking state (12 ms)

  ΓùÅ ReadAloud ΓÇ║ decorateMessages ΓÇ║ adds buttons only to assistant messages

    expect(received).not.toBeNull()

    Received: null

      536 |       });
      537 |       assistMsgs.forEach(function (m) {
    > 538 |         expect(m.querySelector('.readaloud-btn')).not.toBeNull();
          |                                                       ^
      539 |       });
      540 |     });
      541 |

      at toBeNull (tests/readaloud.test.js:538:55)
          at Proxy.forEach (<anonymous>)
      at Object.forEach (tests/readaloud.test.js:537:18)

  ΓùÅ ReadAloud ΓÇ║ buildControls ΓÇ║ does not duplicate controls

    expect(received).toBe(expected) // Object.is equality

    Expected: 1
    Received: 3

      594 |       ReadAloud.buildControls();
      595 |       var panels = document.querySelectorAll('#readaloud-controls');
    > 596 |       expect(panels.length).toBe(1);
          |                             ^
      597 |     });
      598 |
      599 |     test('panel has pause and stop buttons', () => {

      at Object.toBe (tests/readaloud.test.js:596:29)

  ΓùÅ ReadAloud ΓÇ║ updateControls ΓÇ║ shows controls when speaking

    expect(received).toBe(expected) // Object.is equality

    Expected: ""
    Received: "none"

      625 |       ReadAloud.speak('Hello');
      626 |       var panel = document.getElementById('readaloud-controls');
    > 627 |       expect(panel.style.display).toBe('');
          |                                   ^
      628 |     });
      629 |
      630 |     test('shows paused state', () => {

      at Object.toBe (tests/readaloud.test.js:627:35)

  ΓùÅ ReadAloud ΓÇ║ updateControls ΓÇ║ shows paused state

    expect(received).toBe(expected) // Object.is equality

    Expected: "Paused"
    Received: ""

      633 |       ReadAloud.pause();
      634 |       var state = document.querySelector('.readaloud-state');
    > 635 |       expect(state.textContent).toBe('Paused');
          |                                 ^
      636 |     });
      637 |
      638 |     test('shows speaking state', () => {

      at Object.toBe (tests/readaloud.test.js:635:33)

  ΓùÅ ReadAloud ΓÇ║ updateControls ΓÇ║ shows speaking state

    expect(received).toBe(expected) // Object.is equality

    Expected: "SpeakingΓÇª"
    Received: ""

      640 |       ReadAloud.speak('Hello');
      641 |       var state = document.querySelector('.readaloud-state');
    > 642 |       expect(state.textContent).toBe('Speaking\u2026');
          |                                 ^
      643 |     });
      644 |   });
      645 | });

      at Object.toBe (tests/readaloud.test.js:642:33)

PASS tests/chapters.test.js (17.552 s)
  addChapter
    ΓêÜ adds a chapter at a valid index (325 ms)
    ΓêÜ trims whitespace from title (317 ms)
    ΓêÜ rejects empty title (282 ms)
    ΓêÜ rejects null title (278 ms)
    ΓêÜ rejects negative index (306 ms)
    ΓêÜ rejects non-number index (241 ms)
    ΓêÜ truncates long titles (235 ms)
    ΓêÜ overwrites chapter at same index (341 ms)
    ΓêÜ preserves createdAt when overwriting (215 ms)
  removeChapter
    ΓêÜ removes an existing chapter (220 ms)
    ΓêÜ returns false for non-existent chapter (224 ms)
  renameChapter
    ΓêÜ renames an existing chapter (234 ms)
    ΓêÜ returns false for non-existent chapter (210 ms)
    ΓêÜ rejects empty rename (263 ms)
    ΓêÜ truncates long rename (247 ms)
  getChapters
    ΓêÜ returns sorted chapters by messageIndex (209 ms)
    ΓêÜ returns empty array when no chapters (207 ms)
  getChapterAt
    ΓêÜ returns chapter at exact index (269 ms)
    ΓêÜ returns null for non-existent index (194 ms)
  getChapterFor
    ΓêÜ returns the chapter whose range contains the index (203 ms)
    ΓêÜ returns last chapter for index past all chapters (198 ms)
    ΓêÜ returns exact chapter at boundary (197 ms)
    ΓêÜ returns null for index before any chapter (201 ms)
  getCount
    ΓêÜ returns 0 when empty (201 ms)
    ΓêÜ tracks additions correctly (228 ms)
  clearAll
    ΓêÜ removes all chapters (204 ms)
  exportChapters
    ΓêÜ exports as JSON string (238 ms)
    ΓêÜ exports empty array when no chapters (221 ms)
  importChapters
    ΓêÜ imports from JSON string (202 ms)
    ΓêÜ imports from array directly (223 ms)
    ΓêÜ returns 0 for invalid JSON (208 ms)
    ΓêÜ returns 0 for non-array (267 ms)
    ΓêÜ skips entries without messageIndex or title (229 ms)
    ΓêÜ merges with existing chapters (257 ms)
  persistence
    ΓêÜ saves and restores from localStorage (471 ms)
    ΓêÜ clearAll persists empty state (467 ms)
  limits
    ΓêÜ enforces MAX_CHAPTERS (100) (242 ms)
    ΓêÜ allows overwrite even at max capacity (245 ms)
  addChapterAtCurrent
    ΓêÜ adds chapter at last history message (232 ms)
    ΓêÜ generates default title if none provided (275 ms)
    ΓêÜ returns null when history is too short (245 ms)
  panel
    ΓêÜ openPanel creates panel DOM (255 ms)
    ΓêÜ closePanel hides panel (276 ms)
    ΓêÜ togglePanel opens then closes (244 ms)
    ΓêÜ panel renders chapter items (260 ms)
    ΓêÜ panel shows chapter numbers (256 ms)
    ΓêÜ panel is empty when no chapters (359 ms)
  renderDividers
    ΓêÜ injects divider elements before chapter messages (303 ms)
    ΓêÜ dividers have correct labels (280 ms)
    ΓêÜ removes old dividers before re-rendering (305 ms)
    ΓêÜ handles no chapters gracefully (280 ms)
  renderAddButtons
    ΓêÜ adds section-add buttons to messages (303 ms)
    ΓêÜ skips messages that already have chapters (284 ms)
  edge cases
    ΓêÜ index 0 works (system message index) (271 ms)
    ΓêÜ very large index works (280 ms)
    ΓêÜ multiple operations chain correctly (269 ms)
    ΓêÜ round-trip export and import (271 ms)
  suggestTitle
    ΓêÜ detects code blocks with language (273 ms)
    ΓêÜ detects code blocks without language (267 ms)
    ΓêÜ detects questions (274 ms)
    ΓêÜ detects topic keywords (328 ms)
    ΓêÜ detects multiple topic keywords (271 ms)
    ΓêÜ falls back to first line for no keywords (265 ms)
    ΓêÜ returns fallback for out-of-range index (288 ms)
    ΓêÜ skips system messages (266 ms)

PASS tests/command-palette.test.js
  CommandPalette
    ΓêÜ is defined (6 ms)
    ΓêÜ has expected API methods (4 ms)
    ΓêÜ registers built-in commands on init (4 ms)
    ΓêÜ register adds a custom command (3 ms)
    ΓêÜ register rejects invalid commands (4 ms)
    ΓêÜ register replaces duplicate id (3 ms)
    ΓêÜ registerMany adds multiple commands (2 ms)
    ΓêÜ registerMany handles non-array gracefully (3 ms)
    ΓêÜ unregister removes a command (3 ms)
    ΓêÜ unregister does nothing for unknown id (2 ms)
    ΓêÜ open creates overlay and shows it (92 ms)
    ΓêÜ close hides the overlay (61 ms)
    ΓêÜ toggle switches open/close state (43 ms)
    ΓêÜ getFiltered returns all commands when open with empty query (44 ms)
    ΓêÜ built-in commands have required fields (32 ms)
    ΓêÜ built-in commands include expected categories (3 ms)
    ΓêÜ Ctrl+Shift+P keydown triggers toggle (928 ms)
    ΓêÜ overlay renders list items (108 ms)
    ΓêÜ overlay renders category headers (64 ms)
    ΓêÜ clicking overlay backdrop closes palette (69 ms)
    ΓêÜ command with shortcut displays shortcut badge (61 ms)
    ΓêÜ fuzzy filtering narrows results (65 ms)
    ΓêÜ executing a command adds it to recent (64 ms)
    ΓêÜ ArrowDown/ArrowUp navigation changes selection (125 ms)
    ΓêÜ Escape key closes palette (45 ms)
    ΓêÜ Enter key executes selected command (51 ms)
    ΓêÜ empty search shows "No matching commands" (65 ms)

PASS tests/modules.test.js (31.57 s)
  Scratchpad
    open / close / toggle
      ΓêÜ open adds "open" class to panel and overlay (480 ms)
      ΓêÜ close removes "open" class (445 ms)
      ΓêÜ toggle opens when closed (295 ms)
      ΓêÜ toggle closes when open (394 ms)
      ΓêÜ isOpen reflects current state (364 ms)
    persistence
      ΓêÜ saves textarea content to localStorage on close (420 ms)
      ΓêÜ restores content from localStorage on open (376 ms)
      ΓêÜ handles missing localStorage gracefully (304 ms)
    word count
      ΓêÜ _onInput updates word and char count (305 ms)
      ΓêÜ empty text shows 0 words (278 ms)
      ΓêÜ single word shows singular form (255 ms)
      ΓêÜ single char shows singular form (292 ms)
    copy
      ΓêÜ copies text to clipboard (253 ms)
      ΓêÜ does nothing when textarea is empty (230 ms)
      ΓêÜ does nothing when textarea has only whitespace (255 ms)
    insertToChat
      ΓêÜ inserts scratchpad text into chat input (252 ms)
      ΓêÜ appends scratchpad text to existing chat input (207 ms)
      ΓêÜ does nothing when scratchpad is empty (228 ms)
      ΓêÜ shows status message after insertion (280 ms)
    clear
      ΓêÜ clears textarea when user confirms (210 ms)
      ΓêÜ does not clear when user cancels (247 ms)
      ΓêÜ does nothing when textarea is already empty (237 ms)
    download
      ΓêÜ creates and clicks download link (232 ms)
      ΓêÜ does nothing when textarea is empty (213 ms)
    auto-save debounce
      ΓêÜ _onInput triggers debounced save (239 ms)
      ΓêÜ multiple rapid inputs only save once (218 ms)
  PersonaPresets
    open / close / toggle
      ΓêÜ open adds "open" class and renders presets (227 ms)
      ΓêÜ close removes "open" class (221 ms)
      ΓêÜ toggle opens when closed and vice versa (204 ms)
    preset selection
      ΓêÜ default active preset is Code Generator (220 ms)
      ΓêÜ selecting a preset updates active display (302 ms)
      ΓêÜ selected preset changes system prompt (243 ms)
      ΓêÜ selected preset persists to localStorage (267 ms)
    custom persona
      ΓêÜ applyCustom with text saves custom persona (250 ms)
      ΓêÜ applyCustom with empty text does nothing (216 ms)
      ΓêÜ custom persona shows "Custom Prompt" in active (257 ms)
      ΓêÜ custom persona applies to system prompt (226 ms)
    init
      ΓêÜ init restores saved persona on startup (470 ms)
      ΓêÜ init defaults to ChatConfig.SYSTEM_PROMPT when no saved persona (252 ms)
    render
      ΓêÜ renders all presets plus custom card (243 ms)
      ΓêÜ active card has "active" class (256 ms)
      ΓêÜ active card shows checkmark (257 ms)
  QuickReplies
    show
      ΓêÜ shows error suggestions when hadError is true (241 ms)
      ΓêÜ shows text suggestions for non-code replies (249 ms)
      ΓêÜ shows 4 random code suggestions for code replies (256 ms)
      ΓêÜ chips have title with full prompt text (333 ms)
      ΓêÜ clicking a chip inserts prompt into chat input (269 ms)
      ΓêÜ clicking a chip hides the container (259 ms)
    hide
      ΓêÜ hides the container and clears chips (290 ms)
      ΓêÜ does not throw when container is missing (262 ms)
    error suggestions priority
      ΓêÜ error suggestions take priority over code suggestions (262 ms)
  FocusMode
    toggle
      ΓêÜ activates focus mode and adds zen-mode class (253 ms)
      ΓêÜ deactivates focus mode on second toggle (304 ms)
      ΓêÜ returns new state (290 ms)
    persistence
      ΓêÜ saves state to localStorage (263 ms)
      ΓêÜ restores from localStorage on load (544 ms)
    zen button
      ΓêÜ toggle updates button active class (267 ms)
      ΓêÜ toggle updates button title (298 ms)
    keyboard shortcut
      ΓêÜ Ctrl+Shift+F toggles focus mode (302 ms)
      ΓêÜ Escape exits focus mode when active (311 ms)
      ΓêÜ Escape does not toggle when focus mode is not active (280 ms)
  ModelSelector
    toggle
      ΓêÜ opens panel on first toggle (275 ms)
      ΓêÜ closes panel on second toggle (281 ms)
    close
      ΓêÜ hides panel and overlay (269 ms)
    model selection
      ΓêÜ renders all available models (271 ms)
      ΓêÜ clicking a model updates ChatConfig.MODEL (398 ms)
      ΓêÜ clicking a model updates label (287 ms)
      ΓêÜ clicking a model closes the panel (302 ms)
      ΓêÜ active model has model-active class (311 ms)
    init
      ΓêÜ sets initial label from saved model (291 ms)
  FileDropZone
    isTextFile
      ΓêÜ accepts .js files (336 ms)
      ΓêÜ accepts .py files (334 ms)
      ΓêÜ accepts .ts files (375 ms)
      ΓêÜ accepts .md files (545 ms)
      ΓêÜ accepts .json files (415 ms)
      ΓêÜ accepts .srv (sauravcode) files (369 ms)
      ΓêÜ rejects image files (352 ms)
      ΓêÜ rejects video files (333 ms)
      ΓêÜ rejects binary files (439 ms)
      ΓêÜ accepts Makefile (no extension) (347 ms)
      ΓêÜ accepts Dockerfile (no extension) (341 ms)
      ΓêÜ accepts README (no extension) (407 ms)
      ΓêÜ rejects unknown extensionless file (382 ms)
      ΓêÜ handles null/empty filename (286 ms)
      ΓêÜ accepts .ml (OCaml) files (285 ms)
      ΓêÜ accepts .rs (Rust) files (416 ms)
      ΓêÜ accepts .hs (Haskell) files (427 ms)
    _langHint
      ΓêÜ maps js to javascript (290 ms)
      ΓêÜ maps py to python (286 ms)
      ΓêÜ maps rs to rust (279 ms)
      ΓêÜ maps srv to sauravcode (279 ms)
      ΓêÜ maps ml to ocaml (283 ms)
      ΓêÜ returns empty string for unknown extensions (281 ms)
    _getExt
      ΓêÜ extracts extension from filename (288 ms)
      ΓêÜ handles multiple dots (417 ms)
      ΓêÜ handles no extension (299 ms)
      ΓêÜ lowercases extension (299 ms)
    constants
      ΓêÜ MAX_FILE_SIZE is 100 KB (351 ms)
      ΓêÜ MAX_FILES is 5 (299 ms)

FAIL tests/data-backup.test.js
  ΓùÅ Test suite failed to run

    ReferenceError: TextEncoder is not defined

      4 | const { describe, it, beforeEach, afterEach } = require('node:test');
      5 | const assert = require('node:assert/strict');
    > 6 | const { JSDOM } = require('jsdom');
        |                   ^
      7 |
      8 | let dom, cleanup;
      9 |

      at Object.<anonymous> (node_modules/whatwg-url/lib/encoding.js:2:21)
      at Object.<anonymous> (node_modules/whatwg-url/lib/url-state-machine.js:5:34)
      at Object.<anonymous> (node_modules/whatwg-url/lib/URL-impl.js:2:13)
      at Object.<anonymous> (node_modules/whatwg-url/lib/URL.js:499:14)
      at Object.<anonymous> (node_modules/whatwg-url/webidl2js-wrapper.js:3:13)
      at Object.<anonymous> (node_modules/whatwg-url/index.js:3:34)
      at Object.<anonymous> (node_modules/jsdom/lib/api.js:7:19)
      at Object.require (tests/data-backup.test.js:6:19)

PASS tests/summarizer.test.js
  ConversationSummarizer ΓÇö Topic Extraction
    ΓêÜ extracts frequent words as topics (7 ms)
    ΓêÜ filters out stop words (3 ms)
    ΓêÜ filters out short words (< 3 chars) (2 ms)
    ΓêÜ requires minimum frequency of 2 (2 ms)
    ΓêÜ respects maxTopics limit (1 ms)
    ΓêÜ returns empty array for empty text (2 ms)
  ConversationSummarizer ΓÇö Question Extraction
    ΓêÜ extracts lines ending with ? (2 ms)
    ΓêÜ extracts multiple questions from multiline content (2 ms)
    ΓêÜ ignores very short questions (<=5 chars) (1 ms)
    ΓêÜ strips markdown formatting from questions (1 ms)
    ΓêÜ limits to 20 questions (1 ms)
  ConversationSummarizer ΓÇö Code Block Extraction
    ΓêÜ extracts code blocks with language (2 ms)
    ΓêÜ defaults language to "text" when unspecified (1 ms)
    ΓêÜ extracts multiple code blocks (1 ms)
    ΓêÜ returns empty array when no code blocks (1 ms)
  ConversationSummarizer ΓÇö Decision Extraction
    ΓêÜ detects "let's use" pattern (3 ms)
    ΓêÜ detects "decided" pattern (3 ms)
    ΓêÜ detects "best approach" pattern (1 ms)
    ΓêÜ ignores code blocks when extracting decisions (1 ms)
    ΓêÜ limits to 10 decisions (1 ms)
  ConversationSummarizer ΓÇö Action Item Extraction
    ΓêÜ detects "need to" pattern (2 ms)
    ΓêÜ detects "todo" pattern (1 ms)
    ΓêÜ detects "don't forget to" pattern (2 ms)
    ΓêÜ deduplicates similar action items (2 ms)
    ΓêÜ limits to 15 action items (2 ms)
  ConversationSummarizer ΓÇö Statistics
    ΓêÜ computes basic stats (3 ms)
    ΓêÜ counts code blocks (1 ms)
    ΓêÜ handles empty messages (1 ms)
    ΓêÜ calculates longest message (1 ms)
  ConversationSummarizer ΓÇö Full Summary
    ΓêÜ returns null for empty conversation (2 ms)
    ΓêÜ generates summary with all sections (2 ms)
    ΓêÜ getSummaryText returns markdown (38 ms)
    ΓêÜ exportSummary with json format (2 ms)
    ΓêÜ exportSummary with markdown format (2 ms)
  ConversationSummarizer ΓÇö Getters
    ΓêÜ getTopics auto-generates summary if needed (1 ms)
    ΓêÜ getStats returns stats object (1 ms)
    ΓêÜ getQuestions returns array (2 ms)
    ΓêÜ getDecisions returns array (1 ms)
    ΓêÜ getActionItems returns array (2 ms)
    ΓêÜ getCodeBlocks returns array (3 ms)
  ConversationSummarizer ΓÇö Panel UI
    ΓêÜ init does not throw (4 ms)
    ΓêÜ openPanel creates panel DOM (11 ms)
    ΓêÜ closePanel hides panel (3 ms)
    ΓêÜ togglePanel opens and closes (6 ms)
    ΓêÜ panel shows empty state for no conversation (3 ms)

PASS tests/split-view.test.js
  SplitView
    ΓêÜ module has public API (10 ms)
    ΓêÜ open creates overlay and sets isOpen (24 ms)
    ΓêÜ close removes overlay (14 ms)
    ΓêÜ toggle switches state (16 ms)
    ΓêÜ sync scroll enabled by default (2 ms)
    ΓêÜ _escapeHtml escapes HTML (3 ms)
    ΓêÜ _truncate shortens long text (12 ms)
    ΓêÜ _truncate handles empty/null (2 ms)
    ΓêÜ MAX_PREVIEW_CHARS is 300 (2 ms)
    ΓêÜ _getSessions returns array (2 ms)
    ΓêÜ _getSessions returns SessionManager sessions (2 ms)
    ΓêÜ overlay has ARIA attributes (10 ms)
    ΓêÜ selectors are present (10 ms)
    ΓêÜ swap button exists (12 ms)
    ΓêÜ panes exist (16 ms)
    ΓêÜ selecting a session renders messages (15 ms)
    ΓêÜ selecting invalid index shows empty (9 ms)
    ΓêÜ stats render with sessions selected (14 ms)
    ΓêÜ swap exchanges sessions (27 ms)
    ΓêÜ message roles get correct CSS classes (17 ms)
    ΓêÜ message numbers are sequential (14 ms)
    ΓêÜ session with no messages shows empty message (19 ms)
    ΓêÜ close is idempotent (2 ms)
    ΓêÜ double open does not throw (18 ms)
    ΓêÜ session options include message count (9 ms)

PASS tests/message-filter.test.js
  FILTER_TYPES
    ΓêÜ has 8 filter types (5 ms)
    ΓêÜ each type has id, label, icon, desc (7 ms)
    ΓêÜ "all" is the first filter (1 ms)
    ΓêÜ ids are unique
  _hasCode()
    ΓêÜ detects fenced code blocks (1 ms)
    ΓêÜ detects inline code (1 ms)
    ΓêÜ detects multi-line fenced block
    ΓêÜ rejects plain text (1 ms)
    ΓêÜ rejects empty string (1 ms)
  _hasQuestion()
    ΓêÜ detects trailing question mark (1 ms)
    ΓêÜ detects "how" at start (3 ms)
    ΓêÜ detects "why" at start (1 ms)
    ΓêÜ detects "can" at start
    ΓêÜ detects "should" at start
    ΓêÜ detects "is" at start (2 ms)
    ΓêÜ detects mid-sentence question mark (1 ms)
    ΓêÜ rejects simple statement (1 ms)
    ΓêÜ rejects empty string
  _hasLink()
    ΓêÜ detects https URLs (1 ms)
    ΓêÜ detects http URLs (1 ms)
    ΓêÜ detects markdown links (1 ms)
    ΓêÜ rejects plain text
    ΓêÜ rejects protocol-less domain (1 ms)
  _hasError()
    ΓêÜ detects TypeError (1 ms)
    ΓêÜ detects ReferenceError (1 ms)
    ΓêÜ detects SyntaxError (2 ms)
    ΓêÜ detects Python traceback (1 ms)
    ΓêÜ detects generic "failed" (2 ms)
    ΓêÜ detects ENOENT (1 ms)
    ΓêÜ detects NullPointerException (2 ms)
    ΓêÜ detects "fatal" (1 ms)
    ΓêÜ rejects normal text
    ΓêÜ rejects empty string
  _hasList()
    ΓêÜ detects dash bullet lists (1 ms)
    ΓêÜ detects asterisk bullet lists (1 ms)
    ΓêÜ detects bullet character (1 ms)
    ΓêÜ detects numbered lists with dot (1 ms)
    ΓêÜ detects numbered lists with paren (1 ms)
    ΓêÜ detects indented lists (1 ms)
    ΓêÜ rejects plain text (1 ms)
    ΓêÜ rejects dash in normal text
  _matchesFilter()
    ΓêÜ "all" matches everything (1 ms)
    ΓêÜ "user" matches only user role (1 ms)
    ΓêÜ "assistant" matches only assistant role (1 ms)
    ΓêÜ "code" delegates to _hasCode (1 ms)
    ΓêÜ "question" delegates to _hasQuestion
    ΓêÜ "link" delegates to _hasLink (1 ms)
    ΓêÜ "error" delegates to _hasError (1 ms)
    ΓêÜ "list" delegates to _hasList (1 ms)
    ΓêÜ handles null content gracefully (1 ms)
    ΓêÜ unknown filter defaults to true (1 ms)
  getFilterCounts()
    ΓêÜ returns counts for all filter types (2 ms)
    ΓêÜ handles empty history (9 ms)
    ΓêÜ message can match multiple filters (1 ms)
    ΓêÜ list with mixed content (2 ms)
  DOM integration
    ΓêÜ code filter hides non-code messages (6 ms)
    ΓêÜ "all" shows everything (3 ms)
    ΓêÜ returns visible count (4 ms)
    ΓêÜ question filter works on DOM (3 ms)

  console.error
    [SnippetLibrary] Failed to persist snippets: QuotaExceededError

      at save (eval at loadApp (tests/setup.js:364:3), <anonymous>:2217:15)
      at Object.add (eval at loadApp (tests/setup.js:364:3), <anonymous>:2246:19)
      at Object.add (tests/app.test.js:1090:35)

  console.error
    [SnippetLibrary] Failed to persist snippets: QuotaExceededError

      at save (eval at loadApp (tests/setup.js:364:3), <anonymous>:2217:15)
      at Object.remove (eval at loadApp (tests/setup.js:364:3), <anonymous>:2253:19)
      at Object.remove (tests/app.test.js:1105:35)

  console.error
    [SnippetLibrary] Failed to persist snippets: QuotaExceededError

      at save (eval at loadApp (tests/setup.js:364:3), <anonymous>:2217:15)
      at Object.rename (eval at loadApp (tests/setup.js:364:3), <anonymous>:2262:19)
      at Object.rename (tests/app.test.js:1119:35)

  console.error
    [SnippetLibrary] Failed to persist snippets: QuotaExceededError

      at save (eval at loadApp (tests/setup.js:364:3), <anonymous>:2217:15)
      at Object.clearAll (eval at loadApp (tests/setup.js:364:3), <anonymous>:2268:19)
      at Object.clearAll (tests/app.test.js:1131:35)

  console.error
    [SnippetLibrary] Failed to persist snippets: QuotaExceededError

      at save (eval at loadApp (tests/setup.js:364:3), <anonymous>:2217:15)
      at add (eval at loadApp (tests/setup.js:364:3), <anonymous>:2246:19)
      at Object.confirmSave (eval at loadApp (tests/setup.js:364:3), <anonymous>:2327:20)
      at Object.confirmSave (tests/app.test.js:1145:20)

PASS tests/messagediff.test.js (8.699 s)
  MessageDiff
    diffLines
      ΓêÜ returns entry for two empty strings (279 ms)
      ΓêÜ identical single-line texts produce one same entry (294 ms)
      ΓêÜ identical multi-line texts are all same (224 ms)
      ΓêÜ completely different texts show del + add (279 ms)
      ΓêÜ added lines at end (248 ms)
      ΓêÜ removed lines from middle (218 ms)
      ΓêÜ handles null inputs gracefully (211 ms)
      ΓêÜ mixed additions, deletions, and unchanged (217 ms)
      ΓêÜ large identical text is efficient (290 ms)
      ΓêÜ addition at start (223 ms)
      ΓêÜ all deletions (211 ms)
      ΓêÜ all additions (219 ms)
    diffStats
      ΓêÜ counts all same entries (220 ms)
      ΓêÜ counts mixed entries (233 ms)
      ΓêÜ empty diff (218 ms)
      ΓêÜ all additions (217 ms)
      ΓêÜ all deletions (211 ms)
    selection
      ΓêÜ initially no selection (240 ms)
      ΓêÜ selecting stores the message index and role (219 ms)
      ΓêÜ selecting same message twice deselects (215 ms)
      ΓêÜ clearSelection resets to null (206 ms)
      ΓêÜ selecting out of range is no-op (209 ms)
      ΓêÜ selecting negative index is no-op (215 ms)
    modal
      ΓêÜ isOpen returns false initially (210 ms)
      ΓêÜ showDiff opens the modal (291 ms)
      ΓêÜ closeModal closes it (244 ms)
      ΓêÜ showDiff renders diff lines in the body (241 ms)
      ΓêÜ stats display shows correct counts (279 ms)
      ΓêÜ reset clears selection and closes modal (249 ms)
      ΓêÜ showDiff with identical content shows all same lines (453 ms)
    decorateMessages
      ΓêÜ adds compare buttons to message elements (245 ms)
      ΓêÜ buttons update when a message is selected (254 ms)
    integration
      ΓêÜ selecting two messages opens diff modal (270 ms)
      ΓêÜ diffLines + diffStats end-to-end (282 ms)

PASS tests/annotations.test.js (19.595 s)
  addAnnotation
    ΓêÜ adds a note annotation (280 ms)
    ΓêÜ trims whitespace from text (339 ms)
    ΓêÜ rejects empty text (462 ms)
    ΓêÜ rejects non-string text (258 ms)
    ΓêÜ rejects text over MAX_NOTE_LENGTH (500) (257 ms)
    ΓêÜ accepts text at MAX_NOTE_LENGTH (500) (262 ms)
    ΓêÜ rejects negative messageIndex (407 ms)
    ΓêÜ rejects non-number messageIndex (220 ms)
    ΓêÜ defaults to note label for unknown labelId (219 ms)
    ΓêÜ updates existing annotation text and label (232 ms)
    ΓêÜ preserves createdAt on update (243 ms)
    ΓêÜ sets updatedAt on update (406 ms)
  removeAnnotation
    ΓêÜ removes existing annotation (260 ms)
    ΓêÜ returns false for non-existent annotation (212 ms)
  getAnnotation
    ΓêÜ returns annotation with messageIndex (211 ms)
    ΓêÜ returns null for missing annotation (209 ms)
    ΓêÜ returns a copy (not same reference) (216 ms)
  getAllAnnotations
    ΓêÜ returns empty array when no annotations (212 ms)
    ΓêÜ returns sorted by messageIndex (205 ms)
    ΓêÜ includes all fields (210 ms)
  getCount
    ΓêÜ starts at zero (212 ms)
    ΓêÜ increments with additions (219 ms)
    ΓêÜ decrements on removal (269 ms)
  hasAnnotation
    ΓêÜ returns false when not present (214 ms)
    ΓêÜ returns true when present (229 ms)
    ΓêÜ returns false after removal (223 ms)
  clearAll
    ΓêÜ clears all annotations and returns count (276 ms)
    ΓêÜ returns 0 when already empty (222 ms)
  getLabels
    ΓêÜ returns 6 label types (226 ms)
    ΓêÜ each label has id, name, color, icon (222 ms)
    ΓêÜ includes expected label ids (224 ms)
    ΓêÜ returns copies (293 ms)
  label types
    ΓêÜ note label (423 ms)
    ΓêÜ important label (273 ms)
    ΓêÜ correction label (260 ms)
    ΓêÜ question label (253 ms)
    ΓêÜ todo label (235 ms)
    ΓêÜ reference label (265 ms)
  getByLabel
    ΓêÜ filters by label (271 ms)
    ΓêÜ returns empty for non-existent label (298 ms)
  search
    ΓêÜ finds annotations by text (280 ms)
    ΓêÜ case insensitive (287 ms)
    ΓêÜ returns empty for no match (316 ms)
    ΓêÜ returns empty for null query (251 ms)
    ΓêÜ returns empty for empty query (297 ms)
    ΓêÜ finds partial matches (270 ms)
  exportAnnotations
    ΓêÜ exports all annotations with metadata (241 ms)
    ΓêÜ exports empty array when no annotations (248 ms)
    ΓêÜ includes message preview when ConversationManager available (256 ms)
  persistence
    ΓêÜ saves to localStorage on add (311 ms)
    ΓêÜ saves to localStorage on remove (253 ms)
    ΓêÜ saves to localStorage on clearAll (246 ms)
  renderBadges
    ΓêÜ adds annotation badge to annotated message (304 ms)
    ΓêÜ does not add badge to unannotated message (269 ms)
    ΓêÜ adds add-annotation button to every message (269 ms)
    ΓêÜ badge shows correct label icon for important (266 ms)
    ΓêÜ badge shows correct label icon for correction (283 ms)
  panel
    ΓêÜ openPanel creates panel element (269 ms)
    ΓêÜ closePanel hides panel (272 ms)
    ΓêÜ togglePanel opens when closed (262 ms)
    ΓêÜ togglePanel closes when open (260 ms)
    ΓêÜ panel shows empty state message when no annotations (265 ms)
    ΓêÜ panel shows annotation items when annotations exist (272 ms)
    ΓêÜ panel shows multiple items sorted (296 ms)
  edge cases
    ΓêÜ multiple annotations on different messages (311 ms)
    ΓêÜ messageIndex 0 is valid (284 ms)
    ΓêÜ large messageIndex works (314 ms)
    ΓêÜ special characters in text (327 ms)
    ΓêÜ unicode in text (276 ms)
    ΓêÜ re-render badges does not duplicate (445 ms)
    ΓêÜ add button not duplicated on re-render (342 ms)

PASS tests/mindmap.test.js
  ConversationMindMap
    ΓêÜ module has expected API (10 ms)
    ΓêÜ open creates and shows overlay (12 ms)
    ΓêÜ close removes visible class (6 ms)
    ΓêÜ toggle switches state (6 ms)
    ΓêÜ shows empty message with no conversation (7 ms)
    ΓêÜ header has title (7 ms)
    ΓêÜ legend shows user/AI indicators (7 ms)
    ΓêÜ close button works (8 ms)
    ΓêÜ clicking overlay background closes (11 ms)
    ΓêÜ filters stop words from topics (4 ms)
    ΓêÜ extracts topics from repeated words (8 ms)
    ΓêÜ builds co-occurrence edges (4 ms)
    ΓêÜ tracks user vs AI attribution (3 ms)
    ΓêÜ respects MAX_TOPICS limit (5 ms)
    ΓêÜ ignores code blocks and URLs (4 ms)
    ΓêÜ renders canvas when topics exist (7 ms)
    ΓêÜ refresh re-renders without error (8 ms)

PASS tests/formatting-toolbar.test.js
  FormattingToolbar API
    ΓêÜ FormattingToolbar is defined (2 ms)
    ΓêÜ exposes required public methods (2 ms)
  Format definitions
    ΓêÜ FORMATS array has 10 entries (1 ms)
    ΓêÜ getFormat returns correct format by id (2 ms)
    ΓêÜ getFormat returns null for unknown id (1 ms)
    ΓêÜ each format has required fields (8 ms)
    ΓêÜ format ids are unique (1 ms)
    ΓêÜ italic uses underscore markers (1 ms)
    ΓêÜ code uses backtick markers (1 ms)
    ΓêÜ codeblock uses triple backtick with newlines (1 ms)
    ΓêÜ link has bracket/paren markers (1 ms)
    ΓêÜ heading uses ## prefix (2 ms)
    ΓêÜ strikethrough uses ~~ markers (1 ms)
    ΓêÜ quote uses > prefix (1 ms)
  Visibility toggle
    ΓêÜ starts hidden (1 ms)
    ΓêÜ toggle makes toolbar visible (2 ms)
    ΓêÜ toggle twice hides toolbar (2 ms)
    ΓêÜ show makes toolbar visible (1 ms)
    ΓêÜ hide hides toolbar (2 ms)
    ΓêÜ toggle saves visibility to localStorage (3 ms)
    ΓêÜ show saves 1 to localStorage (1 ms)
    ΓêÜ hide saves 0 to localStorage (2 ms)
  Toolbar DOM
    ΓêÜ init creates toolbar element (28 ms)
    ΓêÜ toolbar has role=toolbar (16 ms)
    ΓêÜ toolbar has aria-label (15 ms)
    ΓêÜ toolbar has 10 format buttons (16 ms)
    ΓêÜ each button has data-format attribute (18 ms)
    ΓêÜ each button has aria-label (14 ms)
  applyFormat
    ΓêÜ wraps selected text with bold markers (3 ms)
    ΓêÜ wraps selected text with italic markers (2 ms)
    ΓêÜ wraps selected text with inline code (2 ms)
    ΓêÜ inserts placeholder when no selection (4 ms)
    ΓêÜ inserts code block placeholder (3 ms)
    ΓêÜ wraps text with link format (2 ms)
    ΓêÜ adds heading prefix (1 ms)
    ΓêÜ adds bullet list prefix (1 ms)
    ΓêÜ adds numbered list prefix (2 ms)
    ΓêÜ adds strikethrough markers (4 ms)
    ΓêÜ adds quote prefix (1 ms)
    ΓêÜ inserts at cursor position in middle of text (1 ms)
    ΓêÜ dispatches input event (3 ms)
    ΓêÜ handles empty string selection gracefully (2 ms)
    ΓêÜ wraps entire input when fully selected (2 ms)
    ΓêÜ multiple formats can be stacked (3 ms)
  Button clicks
    ΓêÜ clicking bold button applies bold formatting (26 ms)
    ΓêÜ clicking code button applies code formatting (14 ms)
  Edge cases
    ΓêÜ applyFormat with completely empty input (1 ms)
    ΓêÜ applyFormat on input with special characters (2 ms)
    ΓêÜ preserves text before and after selection (2 ms)

TAP version 13
# Subtest: ModelComparePanel
    # Subtest: Slash command registration
        # Subtest: should have /compare in the command name
        ok 1 - should have /compare in the command name
          ---
          duration_ms: 11.7007
          type: 'test'
          ...
        # Subtest: should call ModelComparePanel.toggle in the action
        ok 2 - should call ModelComparePanel.toggle in the action
          ---
          duration_ms: 9.1026
          type: 'test'
          ...
        1..2
    ok 1 - Slash command registration
      ---
      duration_ms: 23.1365
      type: 'suite'
      ...
    # Subtest: Panel structure
        # Subtest: should have panel element with correct ID
        ok 1 - should have panel element with correct ID
          ---
          duration_ms: 11.6831
          type: 'test'
          ...
        # Subtest: should have three tabs: compare, history, leaderboard
        ok 2 - should have three tabs: compare, history, leaderboard
          ---
          duration_ms: 9.6939
          type: 'test'
          ...
        # Subtest: should have model checkboxes from ChatConfig
        ok 3 - should have model checkboxes from ChatConfig
          ---
          duration_ms: 9.26
          type: 'test'
          ...
        # Subtest: should have a prompt input textarea
        ok 4 - should have a prompt input textarea
          ---
          duration_ms: 10.1114
          type: 'test'
          ...
        # Subtest: should have fill-from-input button
        ok 5 - should have fill-from-input button
          ---
          duration_ms: 10.1577
          type: 'test'
          ...
        # Subtest: should have run comparison button
        ok 6 - should have run comparison button
          ---
          duration_ms: 16.2793
          type: 'test'
          ...
        1..6
    ok 2 - Panel structure
      ---
      duration_ms: 68.5928
      type: 'suite'
      ...
    # Subtest: Comparison validation
        # Subtest: should require at least 2 models
        ok 1 - should require at least 2 models
          ---
          duration_ms: 10.8187
          type: 'test'
          ...
        # Subtest: should require non-empty prompt
        ok 2 - should require non-empty prompt
          ---
          duration_ms: 9.4797
          type: 'test'
          ...
        # Subtest: should disable run button during comparison
        ok 3 - should disable run button during comparison
          ---
          duration_ms: 8.8745
          type: 'test'
          ...
        1..3
    ok 3 - Comparison validation
      ---
      duration_ms: 30.7778
      type: 'suite'
      ...
    # Subtest: Tab switching
        # Subtest: should have _switchTab function
        ok 1 - should have _switchTab function
          ---
          duration_ms: 9.1637
          type: 'test'
          ...
        # Subtest: should render history when switching to history tab
        ok 2 - should render history when switching to history tab
          ---
          duration_ms: 9.0163
          type: 'test'
          ...
        # Subtest: should render leaderboard when switching to leaderboard tab
        ok 3 - should render leaderboard when switching to leaderboard tab
          ---
          duration_ms: 9.142
          type: 'test'
          ...
        1..3
    ok 4 - Tab switching
      ---
      duration_ms: 27.7484
      type: 'suite'
      ...
    # Subtest: History rendering
        # Subtest: should show empty state when no history
        ok 1 - should show empty state when no history
          ---
          duration_ms: 13.7549
          type: 'test'
          ...
        # Subtest: should call ModelCompare.getHistory
        ok 2 - should call ModelCompare.getHistory
          ---
          duration_ms: 9.3456
          type: 'test'
          ...
        # Subtest: should support expanding history items
        ok 3 - should support expanding history items
          ---
          duration_ms: 10.6127
          type: 'test'
          ...
        # Subtest: should have export and clear buttons
        ok 4 - should have export and clear buttons
          ---
          duration_ms: 10.8815
          type: 'test'
          ...
        1..4
    ok 5 - History rendering
      ---
      duration_ms: 45.2593
      type: 'suite'
      ...
    # Subtest: Leaderboard rendering
        # Subtest: should show empty state when no data
        ok 1 - should show empty state when no data
          ---
          duration_ms: 9.5332
          type: 'test'
          ...
        # Subtest: should use ModelCompare.getModelStats
        ok 2 - should use ModelCompare.getModelStats
          ---
          duration_ms: 9.76
          type: 'test'
          ...
        # Subtest: should sort by win rate
        ok 3 - should sort by win rate
          ---
          duration_ms: 9.9106
          type: 'test'
          ...
        # Subtest: should render medals for top 3
        ok 4 - should render medals for top 3
          ---
          duration_ms: 12.1791
          type: 'test'
          ...
        # Subtest: should render leaderboard as table
        ok 5 - should render leaderboard as table
          ---
          duration_ms: 8.6352
          type: 'test'
          ...
        1..5
    ok 6 - Leaderboard rendering
      ---
      duration_ms: 50.6906
      type: 'suite'
      ...
    # Subtest: Vote handling
        # Subtest: should delegate vote button clicks
        ok 1 - should delegate vote button clicks
          ---
          duration_ms: 9.4844
          type: 'test'
          ...
        # Subtest: should call ModelCompare.setWinner on vote
        ok 2 - should call ModelCompare.setWinner on vote
          ---
          duration_ms: 9.2659
          type: 'test'
          ...
        1..2
    ok 7 - Vote handling
      ---
      duration_ms: 19.0539
      type: 'suite'
      ...
    # Subtest: CSS styling
        # Subtest: should have panel styles in style.css
        ok 1 - should have panel styles in style.css
          ---
          duration_ms: 2.632
          type: 'test'
          ...
        # Subtest: should have hidden state class
        ok 2 - should have hidden state class
          ---
          duration_ms: 2.0873
          type: 'test'
          ...
        # Subtest: should have comparison card styles
        ok 3 - should have comparison card styles
          ---
          duration_ms: 2.501
          type: 'test'
          ...
        # Subtest: should have leaderboard table styles
        ok 4 - should have leaderboard table styles
          ---
          duration_ms: 2.169
          type: 'test'
          ...
        # Subtest: should have status type styles
        ok 5 - should have status type styles
          ---
          duration_ms: 2.1619
          type: 'test'
          ...
        1..5
    ok 8 - CSS styling
      ---
      duration_ms: 12.2372
      type: 'suite'
      ...
    # Subtest: Module interface
        # Subtest: should export open, close, and toggle
        ok 1 - should export open, close, and toggle
          ---
          duration_ms: 10.1694
          type: 'test'
          ...
        # Subtest: should update module count to 43
        not ok 2 - should update module count to 43
          ---
          duration_ms: 14.0659
          type: 'test'
          location: 'C:\\Users\\onlin\\.openclaw\\workspace\\temp-garden\\agenticchat\\tests\\model-compare-panel.test.js:283:5'
          failureType: 'testCodeFailure'
          error: 'Module count should be updated to 43'
          code: 'ERR_ASSERTION'
          name: 'AssertionError'
          expected: true
          actual: false
          operator: '=='
          stack: |-
            TestContext.<anonymous> (C:\Users\onlin\.openclaw\workspace\temp-garden\agenticchat\tests\model-compare-panel.test.js:286:14)
            Test.runInAsyncScope (node:async_hooks:214:14)
            Test.run (node:internal/test_runner/test:1047:25)
            Suite.processPendingSubtests (node:internal/test_runner/test:744:18)
            Test.postRun (node:internal/test_runner/test:1173:19)
            Test.run (node:internal/test_runner/test:1101:12)
            processTicksAndRejections (node:internal/process/task_queues:105:5)
            async Promise.all (index 0)
            Suite.run (node:internal/test_runner/test:1442:7)
            Suite.processPendingSubtests (node:internal/test_runner/test:744:7)
          ...
        1..2
    not ok 9 - Module interface
      ---
      duration_ms: 24.7688
      type: 'suite'
      location: 'C:\\Users\\onlin\\.openclaw\\workspace\\temp-garden\\agenticchat\\tests\\model-compare-panel.test.js:271:3'
      failureType: 'subtestsFailed'
      error: '1 subtest failed'
      code: 'ERR_TEST_FAILURE'
      ...
    1..9
not ok 1 - ModelComparePanel
  ---
  duration_ms: 306.9544
  type: 'suite'
  location: 'C:\\Users\\onlin\\.openclaw\\workspace\\temp-garden\\agenticchat\\tests\\model-compare-panel.test.js:93:1'
  failureType: 'subtestsFailed'
  error: '1 subtest failed'
  code: 'ERR_TEST_FAILURE'
  ...
FAIL tests/model-compare-panel.test.js
  ΓùÅ Test suite failed to run

    Your test suite must contain at least one test.

      at onResult (node_modules/@jest/core/build/index.js:1048:18)
      at node_modules/@jest/core/build/index.js:1118:165
      at node_modules/emittery/index.js:363:13
          at Array.map (<anonymous>)
      at Emittery.emit (node_modules/emittery/index.js:361:23)

PASS tests/text-expander.test.js
  TextExpander
    ΓêÜ set and get user snippet (5 ms)
    ΓêÜ auto-prefixes slash if missing (12 ms)
    ΓêÜ cannot override builtin triggers (3 ms)
    ΓêÜ remove user snippet (2 ms)
    ΓêÜ remove nonexistent returns false (3 ms)
    ΓêÜ set rejects empty trigger or expansion (2 ms)
    ΓêÜ getUserSnippets returns only user snippets (4 ms)
    ΓêÜ clearAll removes all user snippets (2 ms)
    ΓêÜ builtin /date returns date string (39 ms)
    ΓêÜ builtin /time returns time string (3 ms)
    ΓêÜ builtin /now returns datetime string (3 ms)
    ΓêÜ builtin /shrug returns kaomoji (2 ms)
    ΓêÜ builtin /tableflip returns kaomoji (2 ms)
    ΓêÜ builtin /lenny returns face (2 ms)
    ΓêÜ getAllTriggers includes builtins and user (2 ms)
    ΓêÜ trackUsage increments counter (3 ms)
    ΓêÜ clearUsage resets all counters (2 ms)
    ΓêÜ exportJSON returns valid JSON of user snippets (5 ms)
    ΓêÜ importJSON adds snippets and returns count (3 ms)
    ΓêÜ importJSON skips builtins (2 ms)
    ΓêÜ importJSON handles invalid JSON (2 ms)
    ΓêÜ importJSON handles array input (2 ms)
    ΓêÜ importJSON auto-prefixes slash (2 ms)
    ΓêÜ expands trigger on Space key (5 ms)
    ΓêÜ expands trigger on Tab key (3 ms)
    ΓêÜ does not expand unknown trigger (3 ms)
    ΓêÜ does not expand on non-chat-input elements (4 ms)
    ΓêÜ tracks usage on successful expansion (4 ms)
    ΓêÜ open creates overlay and panel (7 ms)
    ΓêÜ close hides overlay (4 ms)
    ΓêÜ toggle opens then closes (4 ms)
    ΓêÜ BUILTINS is exposed and has expected keys (4 ms)
    ΓêÜ getExpansion returns null for unknown (2 ms)
    ΓêÜ set overwrites existing snippet (2 ms)
    ΓêÜ expansion preserves text after cursor (3 ms)

PASS tests/conversation-tags.test.js
  ConversationTags API
    ΓêÜ exposes required public methods (5 ms)
  ConversationTags CRUD
    ΓêÜ addTag adds a tag to a session (2 ms)
    ΓêÜ addTag normalizes to lowercase (1 ms)
    ΓêÜ addTag trims whitespace (1 ms)
    ΓêÜ addTag rejects empty tag (2 ms)
    ΓêÜ addTag rejects duplicate (2 ms)
    ΓêÜ addTag rejects when at MAX_TAGS_PER_SESSION (4 ms)
    ΓêÜ removeTag removes a tag (1 ms)
    ΓêÜ removeTag returns false for missing tag (1 ms)
    ΓêÜ removeTag returns false for missing session (2 ms)
    ΓêÜ clearSession removes all tags for a session (2 ms)
    ΓêÜ getTagsForSession returns empty array for unknown session (2 ms)
    ΓêÜ getTagsForSession returns a copy (not reference) (2 ms)
  ConversationTags getAllTags
    ΓêÜ returns all unique tags sorted by count (3 ms)
    ΓêÜ returns empty array when no tags (2 ms)
    ΓêÜ each tag entry has tag, count, and color (3 ms)
  ConversationTags rename/delete
    ΓêÜ renameTag renames across all sessions (3 ms)
    ΓêÜ renameTag avoids duplicates (1 ms)
    ΓêÜ renameTag returns false for same name (1 ms)
    ΓêÜ renameTag returns false for empty names (1 ms)
    ΓêÜ deleteTag removes from all sessions (2 ms)
    ΓêÜ deleteTag returns false for nonexistent tag (2 ms)
  ConversationTags filtering
    ΓêÜ starts with no filter (1 ms)
    ΓêÜ setFilter sets active filter (19 ms)
    ΓêÜ clearFilter clears (6 ms)
    ΓêÜ matchesFilter returns true when no filter (1 ms)
    ΓêÜ matchesFilter returns true for matching session (5 ms)
    ΓêÜ matchesFilter returns false for non-matching session (5 ms)
    ΓêÜ deleteTag clears filter if deleted tag was active (6 ms)
    ΓêÜ renameTag updates active filter (6 ms)
  ConversationTags getSessionsWithTag
    ΓêÜ returns session IDs with the tag (3 ms)
    ΓêÜ returns empty array for unused tag (2 ms)
  ConversationTags colorForTag
    ΓêÜ returns a hex color (2 ms)
    ΓêÜ same tag always gets same color (1 ms)
  ConversationTags renderTagPills
    ΓêÜ returns a container div (5 ms)
    ΓêÜ shows add button when no tags (3 ms)
    ΓêÜ shows tag pills for tagged session (7 ms)
    ΓêÜ hides add button at max tags (9 ms)
    ΓêÜ tag pills have a background color set (5 ms)
  ConversationTags openManager
    ΓêÜ creates modal overlay (10 ms)
    ΓêÜ shows empty message when no tags (6 ms)
    ΓêÜ shows tags with counts (15 ms)
    ΓêÜ close button removes modal (8 ms)
    ΓêÜ Escape key closes modal (8 ms)

PASS tests/conversation-replay.test.js
  ConversationReplay
    module structure
      ΓêÜ exports required API methods (8 ms)
    initial state
      ΓêÜ isActive returns false when not started (4 ms)
      ΓêÜ getState returns stopped state (3 ms)
    empty conversation
      ΓêÜ start with no messages does nothing (6 ms)
      ΓêÜ start with only system messages does nothing (4 ms)
    start and play
      ΓêÜ start begins replay and shows first message (20 ms)
      ΓêÜ replay bar appears in DOM (14 ms)
      ΓêÜ first message is visible, rest are hidden (14 ms)
    playback progression
      ΓêÜ advances to next message after delay (22 ms)
      ΓêÜ pauses at end of conversation (19 ms)
      ΓêÜ typing indicator appears during delay (13 ms)
      ΓêÜ typing indicator removed after message reveals (15 ms)
    pause and resume
      ΓêÜ pause stops progression (14 ms)
      ΓêÜ play resumes from paused position (30 ms)
      ΓêÜ pause removes typing indicator (13 ms)
    stop
      ΓêÜ stop restores all messages (14 ms)
      ΓêÜ stop removes replay bar (20 ms)
      ΓêÜ stop when already stopped is no-op (4 ms)
    next / prev
      ΓêÜ next advances one message when paused (18 ms)
      ΓêÜ prev goes back one message when paused (21 ms)
      ΓêÜ next does nothing at end (16 ms)
      ΓêÜ prev does nothing at start (14 ms)
      ΓêÜ next/prev ignored while playing (15 ms)
    speed control
      ΓêÜ default speed is 1x (3 ms)
      ΓêÜ cycleSpeed cycles through speeds (3 ms)
      ΓêÜ higher speed means faster progression (22 ms)
    keyboard
      ΓêÜ Escape stops active replay (12 ms)
      ΓêÜ Escape does nothing when replay not active (3 ms)
    single message
      ΓêÜ replay with one message shows it and pauses (10 ms)
    getState
      ΓêÜ returns accurate state during playback (25 ms)

FAIL tests/session-manager.test.js (8.301 s)
  SessionManager ΓÇö save & load
    ΓêÜ save creates a session and returns it with expected fields (251 ms)
    ΓêÜ save returns null when no messages and no name (211 ms)
    ├ù load restores messages into ConversationManager (237 ms)
    ΓêÜ load returns null for nonexistent session (246 ms)
    ΓêÜ saving with same active ID updates existing session (222 ms)
    ΓêÜ session name is truncated to 200 chars (218 ms)
  SessionManager ΓÇö CRUD operations
    ΓêÜ newSession clears conversation (214 ms)
    ΓêÜ remove deletes a session (210 ms)
    ├ù rename updates session name (233 ms)
    ├ù rename caps name length at 200 (225 ms)
    ΓêÜ duplicate creates a copy with different id (208 ms)
    ΓêÜ duplicate of nonexistent id returns null (215 ms)
    ΓêÜ clearAll removes everything (236 ms)
  SessionManager ΓÇö import validation
    ΓêÜ imports a valid session (220 ms)
    ΓêÜ strips system-role messages (prompt injection prevention) (215 ms)
    ΓêÜ truncates overly long message content (223 ms)
    ΓêÜ enforces maximum message count (500) (216 ms)
    ΓêÜ rejects import with no valid messages (248 ms)
    ΓêÜ rejects import with missing session field (215 ms)
    ΓêÜ rejects import with non-array messages (296 ms)
    ΓêÜ rejects malformed JSON (217 ms)
    ΓêÜ skips messages with non-string content (231 ms)
    ΓêÜ sanitizes session name to max 200 chars (230 ms)
    ΓêÜ uses default name when session name is missing (229 ms)
    ΓêÜ prototype pollution via __proto__ is sanitized (234 ms)
  SessionManager ΓÇö pinning
    ΓêÜ isPinned returns false for new session (234 ms)
    ΓêÜ togglePin pins and unpins a session (228 ms)
    ΓêÜ removing a session cleans up pin state (234 ms)
  SessionManager ΓÇö auto-save
    ΓêÜ initAutoSave reads persisted preference (230 ms)
    ΓêÜ toggleAutoSave flips the state (229 ms)
    ΓêÜ autoSaveIfEnabled does nothing when disabled (446 ms)
  SessionManager ΓÇö quota & eviction
    ΓêÜ enforces maximum 50 sessions (342 ms)
  SessionManager ΓÇö sorting
    ΓêÜ setSortMode cycles through modes (223 ms)

  ΓùÅ SessionManager ΓÇö save & load ΓÇ║ load restores messages into ConversationManager

    TypeError: MessageTranslator.decorateOne is not a function

      at _decorateAllMessages (eval at loadApp (tests/setup.js:364:3), <anonymous>:2007:25)
      at Object.refresh (eval at loadApp (tests/setup.js:364:3), <anonymous>:1960:5)
      at _resetUI (eval at loadApp (tests/setup.js:364:3), <anonymous>:4464:18)
      at Object.load (eval at loadApp (tests/setup.js:364:3), <anonymous>:4495:5)
      at Object.load (tests/session-manager.test.js:52:35)

  ΓùÅ SessionManager ΓÇö CRUD operations ΓÇ║ rename updates session name

    TypeError: MessageTranslator.decorateOne is not a function

      at _decorateAllMessages (eval at loadApp (tests/setup.js:364:3), <anonymous>:2007:25)
      at Object.refresh (eval at loadApp (tests/setup.js:364:3), <anonymous>:1960:5)
      at _resetUI (eval at loadApp (tests/setup.js:364:3), <anonymous>:4464:18)
      at Object.load (eval at loadApp (tests/setup.js:364:3), <anonymous>:4495:5)
      at Object.load (tests/session-manager.test.js:103:35)

  ΓùÅ SessionManager ΓÇö CRUD operations ΓÇ║ rename caps name length at 200

    TypeError: MessageTranslator.decorateOne is not a function

      at _decorateAllMessages (eval at loadApp (tests/setup.js:364:3), <anonymous>:2007:25)
      at Object.refresh (eval at loadApp (tests/setup.js:364:3), <anonymous>:1960:5)
      at _resetUI (eval at loadApp (tests/setup.js:364:3), <anonymous>:4464:18)
      at Object.load (eval at loadApp (tests/setup.js:364:3), <anonymous>:4495:5)
      at Object.load (tests/session-manager.test.js:111:35)

PASS tests/message-reactions.test.js
  MessageReactions
    API surface
      ΓêÜ exposes expected public methods (7 ms)
      ΓêÜ getAvailableEmojis returns non-empty array (2 ms)
      ΓêÜ getAvailableEmojis returns a copy (4 ms)
    addReaction
      ΓêÜ adds reaction to message index (4 ms)
      ΓêÜ increments count on repeated add (2 ms)
      ΓêÜ rejects invalid emoji (2 ms)
      ΓêÜ rejects negative message index (2 ms)
      ΓêÜ rejects non-number message index (1 ms)
      ΓêÜ allows multiple different emojis on same message (1 ms)
      ΓêÜ caps at MAX_REACTIONS_PER_MESSAGE (4 ms)
      ΓêÜ allows reactions on different messages (2 ms)
    removeReaction
      ΓêÜ decrements and removes at zero (1 ms)
      ΓêÜ decrements count but keeps if > 1 (1 ms)
      ΓêÜ returns false for non-existent reaction (1 ms)
      ΓêÜ returns false for non-existent message (1 ms)
      ΓêÜ cleans up message entry when last reaction removed (2 ms)
    toggleReaction
      ΓêÜ adds if not present (2 ms)
      ΓêÜ removes if already present (1 ms)
      ΓêÜ rejects invalid emoji (2 ms)
      ΓêÜ rejects negative index (2 ms)
      ΓêÜ rejects non-number index (1 ms)
    getReactions
      ΓêÜ returns empty object for unreacted message (1 ms)
      ΓêÜ returns a copy not a reference (3 ms)
    getReactionCount
      ΓêÜ returns 0 for unreacted message (1 ms)
      ΓêÜ sums all emoji counts (2 ms)
    getReactedMessages
      ΓêÜ returns empty array when no reactions (1 ms)
      ΓêÜ returns sorted message indices (2 ms)
    clearReactions
      ΓêÜ removes all reactions for a message and returns count (2 ms)
      ΓêÜ returns 0 for unreacted message (1 ms)
      ΓêÜ does not affect other messages (3 ms)
    clearAll
      ΓêÜ removes all reactions and returns message count (2 ms)
      ΓêÜ returns 0 when already empty (1 ms)
    getMostUsedEmoji
      ΓêÜ returns null when no reactions (2 ms)
      ΓêÜ returns the most-used emoji across all messages (1 ms)
      ΓêÜ returns single emoji when only one used (1 ms)
    _getState
      ΓêÜ returns reactions and available emojis (2 ms)
      ΓêÜ returns deep copy of reactions (1 ms)
    reset
      ΓêÜ clears all state (1 ms)
      ΓêÜ clears localStorage entry (2 ms)
    persistence
      ΓêÜ reactions survive init reload (2 ms)
      ΓêÜ corrupted localStorage handled gracefully (1 ms)
      ΓêÜ non-object localStorage handled gracefully (1 ms)
      ΓêÜ array in localStorage handled gracefully (1 ms)
    all available emojis
      ΓêÜ each available emoji can be added (3 ms)
    edge cases
      ΓêÜ high message index works (2 ms)
      ΓêÜ zero index works (1 ms)
      ΓêÜ clearAll after clearReactions is safe (2 ms)
      ΓêÜ toggle twice returns to original state (1 ms)
      ΓêÜ remove after toggle-off is false (1 ms)

PASS tests/prompt-library.test.js (9.223 s)
  PromptLibrary
    ΓêÜ module exists with expected API (217 ms)
    ΓêÜ addPrompt creates a prompt with correct fields (216 ms)
    ΓêÜ addPrompt rejects empty name or text (214 ms)
    ΓêÜ addPrompt trims whitespace (208 ms)
    ΓêÜ addPrompt with empty folder sets null (241 ms)
    ΓêÜ getAll returns all added prompts (213 ms)
    ΓêÜ getById returns correct prompt (289 ms)
    ΓêÜ getById returns null for unknown id (207 ms)
    ΓêÜ updatePrompt modifies fields (224 ms)
    ΓêÜ updatePrompt returns null for unknown id (217 ms)
    ΓêÜ deletePrompt removes prompt (224 ms)
    ΓêÜ deletePrompt returns false for unknown id (223 ms)
    ΓêÜ usePrompt increments count and sets lastUsedAt (216 ms)
    ΓêÜ usePrompt inserts text into chat input (225 ms)
    ΓêÜ usePrompt returns null for unknown id (222 ms)
    ΓêÜ open and close toggle visibility (225 ms)
    ΓêÜ toggle switches state (221 ms)
    ΓêÜ clearAll removes all prompts (273 ms)
    ΓêÜ exportPrompts returns valid JSON (226 ms)
    ΓêÜ importPrompts adds new prompts (232 ms)
    ΓêÜ importPrompts skips invalid entries (220 ms)
    ΓêÜ importPrompts returns -1 for invalid JSON (218 ms)
    ΓêÜ importPrompts returns 0 for non-array JSON (379 ms)
    ΓêÜ importPrompts updates existing prompts by id (223 ms)
    ΓêÜ persistence across load cycles (447 ms)
    ΓêÜ save modal opens and closes (223 ms)
    ΓêÜ confirmSave creates prompt from modal inputs (226 ms)
    ΓêÜ confirmSave returns null if name or text empty (226 ms)
    ΓêÜ edit modal populates with existing prompt data (224 ms)
    ΓêÜ confirmSave in edit mode updates existing prompt (232 ms)
    ΓêÜ saveCurrentInput prefills modal with chat input value (228 ms)
    ΓêÜ multiple usePrompt calls accumulate count (217 ms)
    ΓêÜ rendering shows correct count text (235 ms)
    ΓêÜ rendering shows singular for 1 prompt (231 ms)
    ΓêÜ rendering shows items in the list (237 ms)
    ΓêÜ search filters prompts (234 ms)
    ΓêÜ folder filter works (236 ms)
    ΓêÜ empty state shows helpful message (224 ms)

PASS tests/draft-recovery.test.js
  DraftRecovery
    ΓêÜ saveDraft stores text for current session (6 ms)
    ΓêÜ saveDraft removes entry when input is empty (3 ms)
    ΓêÜ restoreDraft populates input (6 ms)
    ΓêÜ restoreDraft does not overwrite existing input (3 ms)
    ΓêÜ restoreDraft returns false when no draft exists (4 ms)
    ΓêÜ clearDraft removes draft for current session (5 ms)
    ΓêÜ discardDraft clears input and draft (5 ms)
    ΓêÜ getDraftCount returns correct count (4 ms)
    ΓêÜ pruneOldDrafts removes stale entries (4 ms)
    ΓêÜ pruneOldDrafts keeps recent entries (4 ms)
    ΓêÜ _sessionId returns __default__ when no active session (3 ms)
    ΓêÜ _sessionId returns active session id (3 ms)
    ΓêÜ drafts are isolated per session (3 ms)
    ΓêÜ _formatAge returns human-readable times (4 ms)
    ΓêÜ load initializes without errors (4 ms)
    ΓêÜ debounced input handler triggers save (4 ms)
    ΓêÜ toast appears on draft recovery (6 ms)
    ΓêÜ toast auto-dismisses after 4 seconds (6 ms)
    ΓêÜ discard toast appears on discardDraft (4 ms)
    ΓêÜ handles corrupted storage gracefully (3 ms)
    ΓêÜ handles missing input element gracefully (5 ms)

PASS tests/streak-tracker.test.js
  StreakTracker
    ΓêÜ returns empty active dates when no sessions (3 ms)
    ΓêÜ extracts dates from createdAt (1 ms)
    ΓêÜ extracts dates from updatedAt (2 ms)
    ΓêÜ deduplicates dates (2 ms)
    ΓêÜ calcStreaks returns zeros for empty set (2 ms)
    ΓêÜ calcStreaks finds single day (1 ms)
    ΓêÜ calcStreaks finds consecutive streak (2 ms)
    ΓêÜ calcStreaks finds longest among multiple streaks (2 ms)
    ΓêÜ calcStreaks current streak includes today (1 ms)
    ΓêÜ calcStreaks current streak includes yesterday (2 ms)
    ΓêÜ calcStreaks current is 0 when last date is old (2 ms)
    ΓêÜ buildCalendar produces 90 cells (2 ms)
    ΓêÜ buildCalendar marks active dates (1 ms)
    ΓêÜ buildCalendar no active cells when empty (2 ms)
    ΓêÜ buildMilestones marks achieved milestones (2 ms)
    ΓêÜ buildMilestones none achieved at 0 (1 ms)
    ΓêÜ buildMilestones all achieved at 365 (1 ms)
    ΓêÜ buildWeekdayStats returns 7-element array (2 ms)
    ΓêÜ buildWeekdayStats counts correctly (2 ms)
    ΓêÜ open creates overlay (9 ms)
    ΓêÜ close removes overlay (2 ms)
    ΓêÜ toggle opens when closed (2 ms)
    ΓêÜ toggle closes when open (2 ms)
    ΓêÜ handles sessions with message timestamps (2 ms)
    ΓêÜ handles sessions with no messages array (1 ms)
    ΓêÜ MILESTONES has 7 entries (1 ms)
    ΓêÜ gap in dates creates separate streaks (2 ms)
    ΓêÜ single date streak has length 1 (1 ms)

PASS tests/timeline.test.js (7.783 s)
  ConversationTimeline
    visibility
      ΓêÜ starts hidden (221 ms)
      ΓêÜ toggle shows and hides (208 ms)
      ΓêÜ show() makes visible (213 ms)
      ΓêÜ hide() makes hidden (213 ms)
      ΓêÜ show() when already visible is no-op (209 ms)
      ΓêÜ hide() when already hidden is no-op (210 ms)
    getStats
      ΓêÜ empty conversation returns zeros (214 ms)
      ΓêÜ counts messages by role (213 ms)
      ΓêÜ excludes system messages from count (213 ms)
      ΓêÜ detects code blocks (212 ms)
      ΓêÜ counts multiple code block messages (214 ms)
    segments
      ΓêÜ no segments when hidden (209 ms)
      ΓêÜ creates segments when visible (220 ms)
      ΓêÜ segment heights are proportional to content length (219 ms)
      ΓêÜ segments have preview text (225 ms)
      ΓêÜ long previews are truncated (279 ms)
      ΓêÜ preview uses first line only (236 ms)
      ΓêÜ segments update on refresh (238 ms)
      ΓêÜ each segment has correct msgIndex (234 ms)
    scrollToMessage
      ΓêÜ does not throw for valid index (233 ms)
      ΓêÜ does not throw for out of range index (218 ms)
      ΓêÜ does not throw for negative index (219 ms)
    DOM
      ΓêÜ creates timeline container (220 ms)
      ΓêÜ creates toggle button (221 ms)
      ΓêÜ creates tooltip element (222 ms)
      ΓêÜ creates timeline strip (217 ms)
      ΓêÜ creates viewport indicator (276 ms)
      ΓêÜ toggle button has accessible label (218 ms)
      ΓêÜ container has navigation role (226 ms)
    integration
      ΓêÜ adding messages and refreshing creates segments with markers (521 ms)
      ΓêÜ toggle button text changes with state (240 ms)
      ΓêÜ stats and segments are consistent (240 ms)

FAIL tests/usageHeatmap.test.js (7.832 s)
  UsageHeatmap._fmtHour
    ΓêÜ formats midnight (219 ms)
    ΓêÜ formats morning hours (215 ms)
    ΓêÜ formats noon (200 ms)
    ΓêÜ formats afternoon hours (205 ms)
  UsageHeatmap._intensityClass
    ΓêÜ returns level-0 for zero count (196 ms)
    ΓêÜ returns level-0 for zero max (210 ms)
    ΓêÜ returns level-1 for low ratio (204 ms)
    ΓêÜ returns level-2 for mid-low ratio (209 ms)
    ΓêÜ returns level-3 for mid-high ratio (210 ms)
    ΓêÜ returns level-4 for high ratio (258 ms)
    ΓêÜ returns level-4 for max count (212 ms)
  UsageHeatmap._collectData
    ΓêÜ returns empty grid with no sessions (209 ms)
    ΓêÜ counts messages in the correct day/hour slots (359 ms)
    ΓêÜ aggregates across multiple sessions (236 ms)
    ΓêÜ skips messages without timestamps (224 ms)
    ΓêÜ skips messages with invalid timestamps (222 ms)
  UsageHeatmap.getData
    ΓêÜ returns a 7x24 grid (221 ms)
  UsageHeatmap.getTotalMessages
    ΓêÜ returns 0 with no data (255 ms)
  UsageHeatmap.getPeakHour
    ΓêÜ returns null when no messages (214 ms)
    ΓêÜ returns correct peak slot (462 ms)
  UsageHeatmap.getActiveHours
    ΓêÜ returns 0 with no data (220 ms)
    ΓêÜ counts distinct active slots (230 ms)
  UsageHeatmap panel
    ΓêÜ open shows panel and overlay (240 ms)
    ΓêÜ close hides panel and overlay (232 ms)
    ΓêÜ toggle opens then closes (238 ms)
  UsageHeatmap._render
    ΓêÜ renders grid with 7 day rows + 1 header + legend (251 ms)
    ΓêÜ renders 24 cells per day row (239 ms)
    ΓêÜ renders stats section (234 ms)
    ΓêÜ cells have correct data-count attributes (231 ms)
  UsageHeatmap.exportCSV
    ΓêÜ generates valid CSV content (256 ms)
  UsageHeatmap.init
    ├ù wires close button (213 ms)
    ├ù wires overlay click (214 ms)

  ΓùÅ UsageHeatmap.init ΓÇ║ wires close button

    TypeError: Failed to execute 'appendChild' on 'Node': parameter 1 is not of type 'Node'.

      at Object.exports.convert (node_modules/jsdom/lib/jsdom/living/generated/Node.js:25:9)
      at HTMLHeadElement.appendChild (node_modules/jsdom/lib/jsdom/living/generated/Node.js:404:26)
      at _injectStyles (eval at loadApp (tests/setup.js:364:3), <anonymous>:25888:19)
      at init (eval at loadApp (tests/setup.js:364:3), <anonymous>:25989:5)
      at eval (eval at loadApp (tests/setup.js:364:3), <anonymous>:26053:5)
      at eval (eval at loadApp (tests/setup.js:364:3), <anonymous>:26057:3)
      at eval (tests/setup.js:364:3)
      at Object.loadApp (tests/usageHeatmap.test.js:26:3)

  ΓùÅ UsageHeatmap.init ΓÇ║ wires overlay click

    TypeError: Failed to execute 'appendChild' on 'Node': parameter 1 is not of type 'Node'.

      at Object.exports.convert (node_modules/jsdom/lib/jsdom/living/generated/Node.js:25:9)
      at HTMLHeadElement.appendChild (node_modules/jsdom/lib/jsdom/living/generated/Node.js:404:26)
      at _injectStyles (eval at loadApp (tests/setup.js:364:3), <anonymous>:25888:19)
      at init (eval at loadApp (tests/setup.js:364:3), <anonymous>:25989:5)
      at eval (eval at loadApp (tests/setup.js:364:3), <anonymous>:26053:5)
      at eval (eval at loadApp (tests/setup.js:364:3), <anonymous>:26057:3)
      at eval (tests/setup.js:364:3)
      at Object.loadApp (tests/usageHeatmap.test.js:26:3)

FAIL tests/cost-dashboard.test.js (7.603 s)
  CostDashboard
    ΓêÜ recordUsage stores entry in log (263 ms)
    ΓêÜ recordUsage computes cost correctly for gpt-4o (209 ms)
    ΓêÜ recordUsage computes cost correctly for gpt-4o-mini (338 ms)
    ΓêÜ recordUsage handles missing usage gracefully (204 ms)
    ΓêÜ recordUsage defaults model to ChatConfig.MODEL (214 ms)
    ΓêÜ recordUsage accumulates multiple entries (213 ms)
    ΓêÜ recordUsage handles zero tokens (213 ms)
    ΓêÜ recordUsage handles missing token fields (216 ms)
    ΓêÜ recordUsage uses fallback pricing for unknown model (213 ms)
    ΓêÜ getTotals computes cumulative cost (234 ms)
    ΓêÜ getTotals returns per-model breakdown (204 ms)
    ΓêÜ getTotals returns per-day breakdown (212 ms)
    ΓêÜ getTotals returns zeros for empty log (209 ms)
    ΓêÜ setBudget and getBudget round-trip (234 ms)
    ΓêÜ setBudget(null) clears budget (222 ms)
    ΓêÜ getBudget rejects non-positive values (225 ms)
    ├ù panel opens and closes (269 ms)
    ΓêÜ toggle opens then closes (237 ms)
    ΓêÜ panel shows correct summary stats (251 ms)
    ΓêÜ panel shows model table (283 ms)
    ΓêÜ panel shows daily chart (277 ms)
    ΓêÜ panel shows budget bar when budget set (303 ms)
    ΓêÜ panel has no budget bar when no budget (255 ms)
    ΓêÜ panel shows "No data yet" when empty (238 ms)
    ΓêÜ reset clears all data (220 ms)
    ΓêÜ model names are escaped in panel (244 ms)
    ΓêÜ clicking overlay closes panel (254 ms)
    ΓêÜ clicking close button closes panel (265 ms)
    ├ù budget bar shows correct percentage (494 ms)

  ΓùÅ CostDashboard ΓÇ║ panel opens and closes

    expect(received).toBeNull()

    Received: <div aria-label="Cost Dashboard" class="cost-panel" id="cost-panel" role="dialog">
          <div class="cost-header">
            <h3>≡ƒÆ░ Cost Dashboard</h3>
            <div>
              <button class="cost-budget-btn btn-sm" title="Set budget limit">≡ƒÄ» Budget</button>
              <button class="cost-export-btn btn-sm" title="Export cost data as CSV">≡ƒôÑ Export</button>
              <button class="cost-reset-btn btn-sm btn-danger-sm" title="Reset all cost data">≡ƒùæ∩╕Å</button>
              <button class="cost-close btn-sm" title="Close">Γ£ò</button>
            </div>
          </div>┬╖┬╖┬╖┬╖┬╖┬╖┬╖
          <div class="cost-summary">
            <div class="cost-stat">
              <div class="cost-stat-value">$0.000000</div>
              <div class="cost-stat-label">Total Spent</div>
            </div>
            <div class="cost-stat">
              <div class="cost-stat-value">0</div>
              <div class="cost-stat-label">API Calls</div>
            </div>
            <div class="cost-stat">
              <div class="cost-stat-value">0</div>
              <div class="cost-stat-label">Total Tokens</div>
            </div>
            <div class="cost-stat">
              <div class="cost-stat-value">$0.000000</div>
              <div class="cost-stat-label">Avg / Call</div>
            </div>
          </div>
          <div class="cost-section">
            <h4>≡ƒôè Daily Spending (14 days)</h4>
            <div class="cost-chart"><div class="cost-bar-col" title="Mar 14: $0.000000"><div class="cost-bar" style="height:2%" /><div class="cost-bar-label">14</div></div><div class="cost-bar-col" title="Mar 15: $0.000000"><div class="cost-bar" style="height:2%" /><div class="cost-bar-label">15</div></div><div class="cost-bar-col" title="Mar 16: $0.000000"><div class="cost-bar" style="height:2%" /><div class="cost-bar-label">16</div></div><div class="cost-bar-col" title="Mar 17: $0.000000"><div class="cost-bar" style="height:2%" /><div class="cost-bar-label">17</div></div><div class="cost-bar-col" title="Mar 18: $0.000000"><div class="cost-bar" style="height:2%" /><div class="cost-bar-label">18</div></div><div class="cost-bar-col" title="Mar 19: $0.000000"><div class="cost-bar" style="height:2%" /><div class="cost-bar-label">19</div></div><div class="cost-bar-col" title="Mar 20: $0.000000"><div class="cost-bar" style="height:2%" /><div class="cost-bar-label">20</div></div><div class="cost-bar-col" title="Mar 21: $0.000000"><div class="cost-bar" style="height:2%" /><div class="cost-bar-label">21</div></div><div class="cost-bar-col" title="Mar 22: $0.000000"><div class="cost-bar" style="height:2%" /><div class="cost-bar-label">22</div></div><div class="cost-bar-col" title="Mar 23: $0.000000"><div class="cost-bar" style="height:2%" /><div class="cost-bar-label">23</div></div><div class="cost-bar-col" title="Mar 24: $0.000000"><div class="cost-bar" style="height:2%" /><div class="cost-bar-label">24</div></div><div class="cost-bar-col" title="Mar 25: $0.000000"><div class="cost-bar" style="height:2%" /><div class="cost-bar-label">25</div></div><div class="cost-bar-col" title="Mar 26: $0.000000"><div class="cost-bar" style="height:2%" /><div class="cost-bar-label">26</div></div><div class="cost-bar-col" title="Mar 27: $0.000000"><div class="cost-bar" style="height:2%" /><div class="cost-bar-label">27</div></div></div>
          </div>
          <div class="cost-section">
            <h4>≡ƒñû By Model</h4>
            <p class="cost-empty">No data yet</p>
          </div>
        </div>

      160 |     CostDashboard.close();
      161 |     expect(CostDashboard.isOpen()).toBe(false);
    > 162 |     expect(document.getElementById('cost-panel')).toBeNull();
          |                                                   ^
      163 |     expect(document.getElementById('cost-overlay')).toBeNull();
      164 |   });
      165 |

      at Object.toBeNull (tests/cost-dashboard.test.js:162:51)

  ΓùÅ CostDashboard ΓÇ║ budget bar shows correct percentage

    expect(received).toBe(expected) // Object.is equality

    Expected: "60%"
    Received: "8%"

      285 |     expect(fill).not.toBeNull();
      286 |     // 60% of $1.00 budget
    > 287 |     expect(fill.style.width).toBe('60%');
          |                              ^
      288 |   });
      289 | });
      290 |

      at Object.toBe (tests/cost-dashboard.test.js:287:30)

FAIL tests/ChatGPTImporter.test.js
  ChatGPTImporter
    _extractMessages
      ΓêÜ extracts user and assistant messages from mapping tree (7 ms)
      ΓêÜ skips system messages (2 ms)
      ΓêÜ handles content as string (legacy format) (1 ms)
      ΓêÜ handles content.text format (2 ms)
      ΓêÜ joins multiple parts with newline (1 ms)
      ΓêÜ skips messages with empty content (1 ms)
      ΓêÜ returns empty array for missing mapping (1 ms)
      ΓêÜ filters non-string parts from content.parts (1 ms)
      ΓêÜ follows first child in branching conversations (2 ms)
    importFromJSON
      ├ù imports array of conversations (1 ms)
      ├ù imports single conversation object (1 ms)
      ├ù appends (ChatGPT) suffix to session name (1 ms)
      ├ù uses fallback name for untitled conversations (1 ms)
      ├ù skips conversations with no valid messages (1 ms)
      ΓêÜ throws on invalid JSON (5 ms)
      ├ù throws on empty array (7 ms)
      ├ù skips null entries in array (1 ms)

  ΓùÅ ChatGPTImporter ΓÇ║ importFromJSON ΓÇ║ imports array of conversations

    Invalid JSON file

      at Object.importFromJSON (eval at <anonymous> (tests/ChatGPTImporter.test.js:27:12), <anonymous>:17:13)
      at Object.importFromJSON (tests/ChatGPTImporter.test.js:202:38)

  ΓùÅ ChatGPTImporter ΓÇ║ importFromJSON ΓÇ║ imports single conversation object

    Invalid JSON file

      at Object.importFromJSON (eval at <anonymous> (tests/ChatGPTImporter.test.js:27:12), <anonymous>:17:13)
      at Object.importFromJSON (tests/ChatGPTImporter.test.js:219:38)

  ΓùÅ ChatGPTImporter ΓÇ║ importFromJSON ΓÇ║ appends (ChatGPT) suffix to session name

    Invalid JSON file

      at Object.importFromJSON (eval at <anonymous> (tests/ChatGPTImporter.test.js:27:12), <anonymous>:17:13)
      at Object.importFromJSON (tests/ChatGPTImporter.test.js:234:23)

  ΓùÅ ChatGPTImporter ΓÇ║ importFromJSON ΓÇ║ uses fallback name for untitled conversations

    Invalid JSON file

      at Object.importFromJSON (eval at <anonymous> (tests/ChatGPTImporter.test.js:27:12), <anonymous>:17:13)
      at Object.importFromJSON (tests/ChatGPTImporter.test.js:249:23)

  ΓùÅ ChatGPTImporter ΓÇ║ importFromJSON ΓÇ║ skips conversations with no valid messages

    Invalid JSON file

      at Object.importFromJSON (eval at <anonymous> (tests/ChatGPTImporter.test.js:27:12), <anonymous>:17:13)
      at Object.importFromJSON (tests/ChatGPTImporter.test.js:267:38)

  ΓùÅ ChatGPTImporter ΓÇ║ importFromJSON ΓÇ║ throws on empty array

    expect(received).toThrow(expected)

    Expected substring: "No conversations found"
    Received message:   "Invalid JSON file"

      at Object.importFromJSON (eval at <anonymous> (tests/ChatGPTImporter.test.js:27:12), <anonymous>:17:13)
      at importFromJSON (tests/ChatGPTImporter.test.js:278:36)
      at Object.<anonymous> (node_modules/expect/build/index.js:1824:9)
      at Object.throwingMatcher [as toThrow] (node_modules/expect/build/index.js:2235:93)
      at Object.toThrow (tests/ChatGPTImporter.test.js:279:10)
      at Object.toThrow (tests/ChatGPTImporter.test.js:279:10)

  ΓùÅ ChatGPTImporter ΓÇ║ importFromJSON ΓÇ║ skips null entries in array

    Invalid JSON file

      at Object.importFromJSON (eval at <anonymous> (tests/ChatGPTImporter.test.js:27:12), <anonymous>:17:13)
      at Object.importFromJSON (tests/ChatGPTImporter.test.js:292:38)

PASS tests/model-compare.test.js
  ModelCompare
    ΓêÜ module exists with expected API (7 ms)
    ΓêÜ compare rejects missing prompt (26 ms)
    ΓêÜ compare rejects non-string prompt (2 ms)
    ΓêÜ compare rejects fewer than 2 models (2 ms)
    ΓêÜ compare rejects non-array models (2 ms)
    ΓêÜ getHistory returns empty array initially (1 ms)
    ΓêÜ getHistory respects limit (1 ms)
    ΓêÜ clearHistory empties storage (2 ms)
    ΓêÜ setWinner returns false for non-existent comparison (2 ms)
    ΓêÜ setWinner updates winner and persists (2 ms)
    ΓêÜ getComparison returns null for unknown ID (1 ms)
    ΓêÜ exportHistory returns valid JSON (2 ms)
    buildComparisonView
      ΓêÜ returns empty string for null (2 ms)
      ΓêÜ returns empty string for missing responses (1 ms)
      ΓêÜ includes prompt text (3 ms)
      ΓêÜ includes both model names (1 ms)
      ΓêÜ includes response content (1 ms)
      ΓêÜ includes latency metrics (2 ms)
      ΓêÜ includes token counts (2 ms)
      ΓêÜ includes vote buttons when no winner (2 ms)
      ΓêÜ shows crown for winner and hides vote buttons (1 ms)
      ΓêÜ shows error for failed model (3 ms)
      ΓêÜ escapes HTML in prompt (2 ms)
      ΓêÜ escapes HTML in response content (1 ms)
      ΓêÜ includes total time in footer (1 ms)
      ΓêÜ handles 3+ models (1 ms)
    getModelStats
      ΓêÜ returns empty object with no history (2 ms)
      ΓêÜ computes stats from history (2 ms)
      ΓêÜ handles comparisons with no winner (1 ms)

FAIL tests/pinning.test.js (8.093 s)
  MessagePinning
    ΓêÜ module is defined with expected interface (216 ms)
    ΓêÜ pin adds a message to pinned list (210 ms)
    ΓêÜ pin stores message preview (236 ms)
    ΓêÜ pin allows multiple messages (234 ms)
    ΓêÜ pin rejects duplicate pin (233 ms)
    ΓêÜ pin rejects invalid index (272 ms)
    ΓêÜ pin rejects out-of-range index (216 ms)
    ΓêÜ pin rejects system messages (index 0) (209 ms)
    ΓêÜ unpin removes a pinned message (205 ms)
    ΓêÜ unpin returns false for non-pinned message (204 ms)
    ΓêÜ togglePin pins then unpins (215 ms)
    ΓêÜ isPinned returns false for never-pinned (204 ms)
    ΓêÜ getPins returns a copy, not the internal array (240 ms)
    ΓêÜ clearAll removes all pins (260 ms)
    ΓêÜ clearAll returns 0 when empty (213 ms)
    ΓêÜ pin enforces max limit (20) (222 ms)
    ΓêÜ preview is truncated to 100 chars (235 ms)
    ΓêÜ pins persist to localStorage (206 ms)
    ΓêÜ pins load from localStorage on init (246 ms)
    ΓêÜ corrupted localStorage data is handled gracefully (223 ms)
    ΓêÜ invalid items in localStorage are filtered out (245 ms)
    ΓêÜ reset clears state and removes localStorage (219 ms)
    ΓêÜ jumpTo does not throw for valid index (218 ms)
    ΓêÜ jumpTo does not throw for missing output element (194 ms)
    ΓêÜ toggleCollapse does not throw without DOM (324 ms)
    ΓêÜ renderBar does not throw without init (191 ms)
    ΓêÜ init creates pin-bar element (183 ms)
    ΓêÜ pin-bar is hidden when no pins (179 ms)
    ΓêÜ pin-bar shows when messages are pinned (204 ms)
    ΓêÜ pin-bar title shows count (200 ms)
    ΓêÜ pin-bar has unpin buttons for each pin (225 ms)
    ΓêÜ clear all button removes all pins (198 ms)
    ΓêÜ unpin button in DOM removes the pin (193 ms)
    ├ù init does not double-create pin-bar (196 ms)
    ΓêÜ user pin shows user icon (186 ms)
    ΓêÜ assistant pin shows robot icon (186 ms)

  ΓùÅ MessagePinning ΓÇ║ init does not double-create pin-bar

    expect(received).toHaveLength(expected)

    Expected length: 1
    Received length: 2
    Received object: [<div aria-label="Pinned messages" id="pin-bar" role="region" style="display: none; background: rgb(26, 35, 50); border: 1px solid rgb(45, 74, 111); border-radius: 8px; padding: 0px; margin-bottom: 8px; font-size: 13px; max-height: 200px; overflow: hidden; transition: max-height 0.2s ease;"><div aria-expanded="true" role="button" style="display: flex; align-items: center; justify-content: space-between; padding: 6px 10px; cursor: pointer; user-select: none;" tabindex="0"><span id="pin-bar-title" style="color: rgb(56, 189, 248); font-weight: 600;">≡ƒôî Pinned</span><span><button style="background: none; color: rgb(136, 136, 136); cursor: pointer; font-size: 11px; padding: 2px 6px; margin-left: 4px;" title="Unpin all messages">Clear all</button><button id="pin-collapse-btn" style="background: none; color: rgb(136, 136, 136); cursor: pointer; font-size: 11px; padding: 2px 6px;" title="Collapse pinned messages">Γû▓</button></span></div><ul id="pin-list" style="list-style: none; padding: 0px; margin: 0px; max-height: 150px; overflow-y: auto;" /></div>, <div aria-label="Pinned messages" id="pin-bar" role="region" style="display: none; background: rgb(26, 35, 50); border: 1px solid rgb(45, 74, 111); border-radius: 8px; padding: 0px; margin-bottom: 8px; font-size: 13px; max-height: 200px; overflow: hidden; transition: max-height 0.2s ease;"><div aria-expanded="true" role="button" style="display: flex; align-items: center; justify-content: space-between; padding: 6px 10px; cursor: pointer; user-select: none;" tabindex="0"><span id="pin-bar-title" style="color: rgb(56, 189, 248); font-weight: 600;">≡ƒôî Pinned</span><span><button style="background: none; color: rgb(136, 136, 136); cursor: pointer; font-size: 11px; padding: 2px 6px; margin-left: 4px;" title="Unpin all messages">Clear all</button><button id="pin-collapse-btn" style="background: none; color: rgb(136, 136, 136); cursor: pointer; font-size: 11px; padding: 2px 6px;" title="Collapse pinned messages">Γû▓</button></span></div><ul id="pin-list" style="list-style: none; padding: 0px; margin: 0px; max-height: 150px; overflow-y: auto;" /></div>]

      304 |     MessagePinning.init();
      305 |     const bars = document.querySelectorAll('#pin-bar');
    > 306 |     expect(bars).toHaveLength(1);
          |                  ^
      307 |   });
      308 |
      309 |   /* ΓöÇΓöÇ Role icons ΓöÇΓöÇ */

      at Object.toHaveLength (tests/pinning.test.js:306:18)

FAIL tests/message-translator.test.js
  ΓùÅ Test suite failed to run

    SyntaxError: Identifier 'MessageScheduler' has already been declared

      40 | const start = appCode.indexOf('const MessageTranslator = (() => {');
      41 | const moduleCode = appCode.slice(start).replace('const MessageTranslator =', 'global.MessageTranslator =');
    > 42 | eval(moduleCode);
         |      ^
      43 |
      44 | /* ---- helpers ---- */
      45 | function setupDOM() {

      at Object.moduleCode (tests/message-translator.test.js:42:6)

PASS tests/conversationSentiment.test.js (6.865 s)
  ConversationSentiment.tokenize
    ΓêÜ splits text into lowercase words (174 ms)
    ΓêÜ strips punctuation (169 ms)
    ΓêÜ filters single-char words (165 ms)
    ΓêÜ handles empty string (168 ms)
    ΓêÜ preserves contractions (161 ms)
  ConversationSentiment.scoreMessage
    ΓêÜ positive message scores > 0 (273 ms)
    ΓêÜ negative message scores < 0 (179 ms)
    ΓêÜ neutral message scores near 0 (207 ms)
    ΓêÜ empty message scores 0 (198 ms)
    ΓêÜ score is bounded between -1 and 1 (226 ms)
    ΓêÜ negation reduces positive sentiment (182 ms)
    ΓêÜ intensifier amplifies sentiment (172 ms)
  ConversationSentiment.analyse
    ΓêÜ returns expected shape (196 ms)
    ΓêÜ empty messages returns neutral (170 ms)
    ΓêÜ positive conversation has positive average (175 ms)
    ΓêÜ negative conversation has negative average (167 ms)
    ΓêÜ scores array length matches message count (172 ms)
    ΓêÜ detects improving trend (167 ms)
    ΓêÜ detects declining trend (230 ms)
  ConversationSentiment.getMood
    ΓêÜ very positive score returns happy mood (179 ms)
    ΓêÜ positive score returns positive mood (205 ms)
    ΓêÜ zero returns neutral (195 ms)
    ΓêÜ negative score returns negative mood (200 ms)
    ΓêÜ very negative score (174 ms)
  ConversationSentiment.MOODS
    ΓêÜ has 5 mood levels (181 ms)
    ΓêÜ each mood has emoji, label, color (172 ms)
    ΓêÜ moods are ordered descending by min (197 ms)
  ConversationSentiment.sparklineSVG
    ΓêÜ returns SVG string (170 ms)
    ΓêÜ empty scores returns empty SVG (176 ms)
    ΓêÜ single score produces SVG with polyline (170 ms)
    ΓêÜ respects custom dimensions (170 ms)
  ConversationSentiment.toggle
    ΓêÜ toggles visibility (175 ms)
    ΓêÜ double toggle restores (175 ms)
    ΓêÜ persists to storage (174 ms)
  ConversationSentiment.init
    ΓêÜ creates panel in DOM (250 ms)
    ΓêÜ panel is hidden by default (182 ms)

FAIL tests/custom-theme-creator.test.js
  ΓùÅ Test suite failed to run

    ReferenceError: TextEncoder is not defined

       5 | const { describe, it, beforeEach, afterEach } = require('node:test');
       6 | const assert = require('node:assert/strict');
    >  7 | const { JSDOM } = require('jsdom');
         |                   ^
       8 |
       9 | let dom, cleanup;
      10 |

      at Object.<anonymous> (node_modules/whatwg-url/lib/encoding.js:2:21)
      at Object.<anonymous> (node_modules/whatwg-url/lib/url-state-machine.js:5:34)
      at Object.<anonymous> (node_modules/whatwg-url/lib/URL-impl.js:2:13)
      at Object.<anonymous> (node_modules/whatwg-url/lib/URL.js:499:14)
      at Object.<anonymous> (node_modules/whatwg-url/webidl2js-wrapper.js:3:13)
      at Object.<anonymous> (node_modules/whatwg-url/index.js:3:34)
      at Object.<anonymous> (node_modules/jsdom/lib/api.js:7:19)
      at Object.require (tests/custom-theme-creator.test.js:7:19)

PASS tests/focus-timer.test.js
  FocusTimer
    ΓêÜ starts in idle state (5 ms)
    ΓêÜ start begins work session with default 25 min (4 ms)
    ΓêÜ pause stops countdown (3 ms)
    ΓêÜ resume after pause continues from same point (3 ms)
    ΓêÜ reset returns to idle (3 ms)
    ΓêÜ completing work session increments counters (3 ms)
    ΓêÜ tracks total focus seconds (3 ms)
    ΓêÜ skip during work goes to break (5 ms)
    ΓêÜ skip during break goes to idle (4 ms)
    ΓêÜ custom settings are applied (4 ms)
    ΓêÜ formatTime formats correctly (3 ms)
    ΓêÜ settings have valid defaults (3 ms)
    ΓêÜ persists state to storage (4 ms)
    ΓêÜ loads state from storage (4 ms)
    ΓêÜ long break triggers after longAfter sessions (12 ms)
    ΓêÜ day rollover archives old day to history (4 ms)

PASS tests/context-meter.test.js (5.581 s)
  ContextWindowMeter
    _colorClass
      ΓêÜ returns green for ratio < 0.60 (190 ms)
      ΓêÜ returns yellow for ratio 0.60-0.79 (207 ms)
      ΓêÜ returns red for ratio >= 0.80 (188 ms)
    _fmtK
      ΓêÜ formats small numbers without suffix (202 ms)
      ΓêÜ formats thousands with k suffix (192 ms)
    thresholds
      ΓêÜ YELLOW_THRESHOLD is 0.60 (210 ms)
      ΓêÜ RED_THRESHOLD is 0.80 (196 ms)
    init
      ΓêÜ initializes without errors (210 ms)
      ΓêÜ meter starts hidden when conversation is empty (273 ms)
    refresh
      ΓêÜ updates fill width based on token usage (340 ms)
      ΓêÜ shows green color for low usage (280 ms)
      ΓêÜ updates label with token count (249 ms)
      ΓêÜ updates ARIA valuenow (250 ms)
      ΓêÜ makes meter visible when conversation has messages (235 ms)
      ΓêÜ hides meter when conversation is cleared (271 ms)
      ΓêÜ handles missing DOM elements gracefully (246 ms)
    toggle
      ΓêÜ hides the meter on first toggle (251 ms)
      ΓêÜ shows the meter on second toggle (219 ms)
      ΓêÜ persists visibility preference (205 ms)
    destroy
      ΓêÜ disconnects observer without errors (386 ms)
      ΓêÜ can be called multiple times safely (214 ms)
    integration
      ΓêÜ percentage increases as messages accumulate (208 ms)
      ΓêÜ label format matches expected pattern (214 ms)

PASS tests/clipboard-history.test.js
  ClipboardHistory
    API surface
      ΓêÜ exposes expected public methods (4 ms)
    record()
      ΓêÜ records a text snippet (2 ms)
      ΓêÜ records source type (2 ms)
      ΓêÜ defaults source to manual (1 ms)
      ΓêÜ trims whitespace (1 ms)
      ΓêÜ ignores empty text (1 ms)
      ΓêÜ deduplicates consecutive identical copies (1 ms)
      ΓêÜ allows same text after different text (1 ms)
      ΓêÜ newest entry is first (2 ms)
      ΓêÜ truncates text exceeding MAX_TEXT_LENGTH (2 ms)
      ΓêÜ enforces MAX_ENTRIES limit (5 ms)
      ΓêÜ includes timestamp (2 ms)
      ΓêÜ ignores non-string types (2 ms)
    getAll()
      ΓêÜ returns empty array initially (2 ms)
      ΓêÜ returns a copy (not the internal array) (2 ms)
    remove()
      ΓêÜ removes entry by index (2 ms)
      ΓêÜ handles out-of-bounds gracefully (2 ms)
    clearAll()
      ΓêÜ removes all entries (2 ms)
    persistence
      ΓêÜ saves to localStorage on record (1 ms)
      ΓêÜ saves to localStorage on remove (1 ms)
      ΓêÜ saves to localStorage on clearAll (2 ms)
    toggle/open/close
      ΓêÜ isOpen returns false initially (2 ms)
      ΓêÜ toggle returns boolean state (10 ms)
      ΓêÜ open then close cycle (4 ms)
      ΓêÜ toggle flips state (5 ms)
    constants
      ΓêÜ STORAGE_KEY is defined (2 ms)
      ΓêÜ MAX_ENTRIES is reasonable (2 ms)
      ΓêÜ MAX_TEXT_LENGTH is reasonable (3 ms)
      ΓêÜ PREVIEW_LENGTH is reasonable (3 ms)
    edge cases
      ΓêÜ handles special characters in text (7 ms)
      ΓêÜ handles unicode text (6 ms)
      ΓêÜ handles multiline text (5 ms)
      ΓêÜ preserves order after removal (26 ms)

PASS tests/input-history.test.js
  InputHistory
    API surface
      ΓêÜ exposes expected public methods (4 ms)
    push()
      ΓêÜ records a prompt (6 ms)
      ΓêÜ records multiple prompts in order (7 ms)
      ΓêÜ deduplicates consecutive identical entries (10 ms)
      ΓêÜ allows non-consecutive duplicates (4 ms)
      ΓêÜ ignores empty strings (2 ms)
      ΓêÜ ignores falsy values (2 ms)
      ΓêÜ caps at MAX_ENTRIES (100) (7 ms)
    clearAll()
      ΓêÜ removes all entries (2 ms)
    handleKeydown() ΓÇö arrow navigation
      ΓêÜ returns false when history is empty (3 ms)
      ΓêÜ ArrowUp navigates to most recent entry (3 ms)
      ΓêÜ multiple ArrowUp navigates back through history (3 ms)
      ΓêÜ ArrowUp at oldest entry stays put (2 ms)
      ΓêÜ ArrowDown restores draft after navigating up (3 ms)
      ΓêÜ ArrowDown returns false when not navigating (3 ms)
      ΓêÜ ArrowUp ignored when cursor not at position 0 (3 ms)
      ΓêÜ non-arrow keys are ignored (4 ms)
    resetCursor()
      ΓêÜ resets navigation state (3 ms)
    persistence
      ΓêÜ saves and restores from localStorage (2 ms)
    getAll()
      ΓêÜ returns a copy (not a reference) (2 ms)

FAIL tests/smart-retry.test.js (21.351 s)
  SmartRetry
    ΓêÜ returns successful result immediately without retry (227 ms)
    ΓêÜ retries on 429 status (1360 ms)
    ΓêÜ retries on 500 status (1498 ms)
    ΓêÜ retries on 502 status (1411 ms)
    ΓêÜ retries on 503 status (1294 ms)
    ΓêÜ retries on network error (thrown exception) (1443 ms)
    ΓêÜ does NOT retry on 401 (not transient) (193 ms)
    ΓêÜ does NOT retry on 400 (not transient) (197 ms)
    ΓêÜ gives up after maxRetries (3422 ms)
    ΓêÜ skips retry when disabled (211 ms)
  SmartRetry.isRetryable
    ΓêÜ returns true for 429 (201 ms)
    ΓêÜ returns true for 500 (206 ms)
    ΓêÜ returns true for 502 (204 ms)
    ΓêÜ returns true for 503 (209 ms)
    ΓêÜ returns true for networkError (213 ms)
    ΓêÜ returns false for 401 (215 ms)
    ΓêÜ returns false for 400 (256 ms)
    ΓêÜ returns false for null (333 ms)
    ΓêÜ returns false for successful result (322 ms)
  SmartRetry.getDelay
    ΓêÜ attempt 0 is ~1000ms (267 ms)
    ΓêÜ attempt 1 is ~2000ms (266 ms)
    ΓêÜ attempt 2 is ~4000ms (261 ms)
    ΓêÜ delays increase exponentially (281 ms)
  SmartRetry statistics
    ΓêÜ starts with zero stats (264 ms)
    ΓêÜ tracks successful retry (1418 ms)
    ΓêÜ tracks failed retry (exhausted) (1279 ms)
    ΓêÜ resetStats clears all counters (1291 ms)
  SmartRetry enable/disable
    ΓêÜ isEnabled defaults to true (199 ms)
    ΓêÜ setEnabled(false) disables retry (206 ms)
    ΓêÜ setEnabled(true) re-enables retry (213 ms)
  SmartRetry indicator
    ΓêÜ _showRetryIndicator creates DOM element (425 ms)
    ├ù _clearIndicator removes DOM element (243 ms)
    ├ù showing new indicator replaces old one (240 ms)
  SmartRetry constants
    ΓêÜ MAX_RETRIES is 3 (257 ms)
    ΓêÜ RETRYABLE_STATUSES includes 429, 500, 502, 503 (222 ms)
    ΓêÜ RETRYABLE_STATUSES does NOT include 401 or 404 (226 ms)

  ΓùÅ SmartRetry indicator ΓÇ║ _clearIndicator removes DOM element

    expect(received).toBeNull()

    Received: <div class="smart-retry-indicator" id="smart-retry-indicator"><div class="retry-header"><span class="retry-icon">Γƒ│</span> <strong>Retrying</strong> (attempt 1/3)</div><div class="retry-reason">test</div><div class="retry-countdown">Retrying in <span id="retry-seconds">2</span>sΓÇª</div><button class="retry-cancel-btn" id="retry-cancel-btn">Cancel</button></div>

      253 |     SmartRetry._clearIndicator();
      254 |     const el = document.getElementById('smart-retry-indicator');
    > 255 |     expect(el).toBeNull();
          |                ^
      256 |   });
      257 |
      258 |   test('showing new indicator replaces old one', () => {

      at Object.toBeNull (tests/smart-retry.test.js:255:16)

  ΓùÅ SmartRetry indicator ΓÇ║ showing new indicator replaces old one

    expect(received).toBe(expected) // Object.is equality

    Expected: 1
    Received: 2

      260 |     SmartRetry._showRetryIndicator(1, 2000, 'second');
      261 |     const els = document.querySelectorAll('#smart-retry-indicator');
    > 262 |     expect(els.length).toBe(1);
          |                        ^
      263 |     expect(els[0].textContent).toContain('second');
      264 |   });
      265 | });

      at Object.toBe (tests/smart-retry.test.js:262:24)

PASS tests/file-drop-zone.test.js
  FileDropZone ΓÇö isTextFile
    ΓêÜ accepts common text extensions (194 ms)
    ΓêÜ rejects binary file extensions (181 ms)
    ΓêÜ accepts extensionless common filenames (234 ms)
    ΓêÜ rejects extensionless unknown filenames (188 ms)
    ΓêÜ returns false for null/undefined/empty (178 ms)
    ΓêÜ is case-insensitive for extensionless names (170 ms)
  FileDropZone ΓÇö _langHint
    ΓêÜ returns correct language hints for known extensions (189 ms)
    ΓêÜ returns empty string for unknown extensions (190 ms)
    ΓêÜ handles sauravcode custom extension (197 ms)
  FileDropZone ΓÇö _getExt
    ΓêÜ extracts lowercase extension (343 ms)
    ΓêÜ returns empty string for no extension (224 ms)
  FileDropZone ΓÇö constants
    ΓêÜ MAX_FILE_SIZE is 100KB (213 ms)
    ΓêÜ MAX_FILES is 5 (213 ms)
  FileDropZone ΓÇö handleFiles
    ΓêÜ inserts single file content into chat input (285 ms)
    ΓêÜ inserts multiple files separated by double newlines (217 ms)
    ΓêÜ rejects files over MAX_FILE_SIZE (237 ms)
    ΓêÜ rejects non-text files (216 ms)
    ΓêÜ caps at MAX_FILES and reports overflow (224 ms)
    ΓêÜ appends to existing input content (225 ms)
    ΓêÜ does nothing with empty file list (207 ms)
  FileDropZone ΓÇö drag events
    ΓêÜ init sets up dragenter/dragleave/drop on blackbox (208 ms)

PASS tests/response-rating.test.js
  ResponseRating
    ΓêÜ module exists with expected API (6 ms)
    ΓêÜ rate returns true for valid assistant message (2 ms)
    ΓêÜ rate returns false for user message index (2 ms)
    ΓêÜ rate returns false for invalid rating value (2 ms)
    ΓêÜ rate returns false for negative index (2 ms)
    ΓêÜ getRating returns null when unrated (2 ms)
    ΓêÜ getRating returns rating after rate() (3 ms)
    ΓêÜ rating replaces previous rating for same message (4 ms)
    ΓêÜ unrate removes rating (3 ms)
    ΓêÜ unrate returns false when no rating exists (2 ms)
    ΓêÜ getRatings returns copy of all ratings (2 ms)
    ΓêÜ rating includes model, timestamp, and snippet (3 ms)
    ΓêÜ getOverallStats calculates correctly (3 ms)
    ΓêÜ getOverallStats returns 0 rate when empty (3 ms)
    ΓêÜ getModelStats groups by model (2 ms)
    ΓêÜ clearAll removes all ratings (4 ms)
    ΓêÜ ratings persist to localStorage (4 ms)
    ΓêÜ clearAll clears localStorage (2 ms)
    ΓêÜ decorateMessages runs without error (4 ms)
    ΓêÜ toggleDashboard opens and closes (10 ms)
    ΓêÜ openDashboard shows stats (30 ms)
    ΓêÜ openDashboard shows empty state when no ratings (11 ms)
    ΓêÜ exportRatings alerts when empty (4 ms)
    ΓêÜ snippet is truncated to 80 chars (5 ms)
    ΓêÜ multiple ratings for different messages (3 ms)

  console.error
    Error: Not implemented: window.alert
        at module.exports (C:\Users\onlin\.openclaw\workspace\temp-garden\agenticchat\node_modules\jsdom\lib\jsdom\browser\not-implemented.js:9:17)
        at C:\Users\onlin\.openclaw\workspace\temp-garden\agenticchat\node_modules\jsdom\lib\jsdom\browser\Window.js:960:7
        at Object.runChain (eval at loadApp (C:\Users\onlin\.openclaw\workspace\temp-garden\agenticchat\tests\setup.js:364:3), <anonymous>:19219:7)
        at Object.runChain (C:\Users\onlin\.openclaw\workspace\temp-garden\agenticchat\tests\prompt-chains.test.js:143:44)
        at Promise.finally.completed (C:\Users\onlin\.openclaw\workspace\temp-garden\agenticchat\node_modules\jest-circus\build\jestAdapterInit.js:1557:28)
        at new Promise (<anonymous>)
        at callAsyncCircusFn (C:\Users\onlin\.openclaw\workspace\temp-garden\agenticchat\node_modules\jest-circus\build\jestAdapterInit.js:1497:10)
        at _callCircusTest (C:\Users\onlin\.openclaw\workspace\temp-garden\agenticchat\node_modules\jest-circus\build\jestAdapterInit.js:1007:40)
        at processTicksAndRejections (node:internal/process/task_queues:105:5)
        at _runTest (C:\Users\onlin\.openclaw\workspace\temp-garden\agenticchat\node_modules\jest-circus\build\jestAdapterInit.js:947:3)
        at C:\Users\onlin\.openclaw\workspace\temp-garden\agenticchat\node_modules\jest-circus\build\jestAdapterInit.js:849:7
        at _runTestsForDescribeBlock (C:\Users\onlin\.openclaw\workspace\temp-garden\agenticchat\node_modules\jest-circus\build\jestAdapterInit.js:862:11)
        at _runTestsForDescribeBlock (C:\Users\onlin\.openclaw\workspace\temp-garden\agenticchat\node_modules\jest-circus\build\jestAdapterInit.js:857:11)
        at run (C:\Users\onlin\.openclaw\workspace\temp-garden\agenticchat\node_modules\jest-circus\build\jestAdapterInit.js:761:3)
        at runAndTransformResultsToJestFormat (C:\Users\onlin\.openclaw\workspace\temp-garden\agenticchat\node_modules\jest-circus\build\jestAdapterInit.js:1918:21)
        at jestAdapter (C:\Users\onlin\.openclaw\workspace\temp-garden\agenticchat\node_modules\jest-circus\build\runner.js:101:19)
        at runTestInternal (C:\Users\onlin\.openclaw\workspace\temp-garden\agenticchat\node_modules\jest-runner\build\testWorker.js:275:16)
        at runTest (C:\Users\onlin\.openclaw\workspace\temp-garden\agenticchat\node_modules\jest-runner\build\testWorker.js:343:7)
        at Object.worker (C:\Users\onlin\.openclaw\workspace\temp-garden\agenticchat\node_modules\jest-runner\build\testWorker.js:497:12) {
      type: 'not implemented'
    }

      at VirtualConsole.<anonymous> (node_modules/@jest/environment-jsdom-abstract/build/index.js:87:23)
      at module.exports (node_modules/jsdom/lib/jsdom/browser/not-implemented.js:12:26)
      at node_modules/jsdom/lib/jsdom/browser/Window.js:960:7
      at Object.runChain (eval at loadApp (tests/setup.js:364:3), <anonymous>:19219:7)
      at Object.runChain (tests/prompt-chains.test.js:143:44)

PASS tests/prompt-chains.test.js
  PromptChainRunner
    ΓêÜ module exposes expected public API (6 ms)
    ΓêÜ createChain adds a chain and persists to storage (4 ms)
    ΓêÜ createChain defaults name to Untitled Chain (3 ms)
    ΓêÜ updateChain modifies chain name and steps (3 ms)
    ΓêÜ updateChain returns null for nonexistent id (2 ms)
    ΓêÜ deleteChain removes the chain (3 ms)
    ΓêÜ duplicateChain creates a copy with (copy) suffix (3 ms)
    ΓêÜ duplicateChain returns null for nonexistent id (2 ms)
    ΓêÜ getChains returns a copy of the chains array (3 ms)
    ΓêÜ presets are loaded on first init when no chains exist (6 ms)
    ΓêÜ presets are not loaded when chains already exist (2 ms)
    ΓêÜ panel opens and closes (43 ms)
    ΓêÜ toggle opens and closes panel (23 ms)
    ΓêÜ runChain returns null for empty/nonexistent chain (102 ms)
    ΓêÜ stopChain does not throw when not running (3 ms)
    ΓêÜ chains persist across init cycles (3 ms)
    ΓêÜ chain steps with multiple steps have correct structure (3 ms)
    ΓêÜ exportChains creates a downloadable blob (8 ms)

PASS tests/conversation-agenda.test.js
  ConversationAgenda
    ΓêÜ addGoal adds a goal and returns true (5 ms)
    ΓêÜ addGoal rejects empty text (3 ms)
    ΓêÜ addGoal truncates text to MAX_GOAL_LENGTH (3 ms)
    ΓêÜ addGoal respects MAX_GOALS limit (6 ms)
    ΓêÜ toggleGoal flips done state (3 ms)
    ΓêÜ toggleGoal ignores invalid index (2 ms)
    ΓêÜ removeGoal removes the correct goal (3 ms)
    ΓêÜ removeGoal ignores invalid index (2 ms)
    ΓêÜ clearDone removes only completed goals (3 ms)
    ΓêÜ getProgress returns correct counts (3 ms)
    ΓêÜ getProgress 100% when all done (2 ms)
    ΓêÜ persists to localStorage (2 ms)
    ΓêÜ _load restores from localStorage (3 ms)
    ΓêÜ open and close toggle panel visibility (13 ms)
    ΓêÜ toggle opens then closes (4 ms)
    ΓêÜ each goal gets a unique id (10 ms)
    ΓêÜ STORAGE_KEY is ac-agenda (2 ms)
    ΓêÜ MAX_GOALS is 50 (3 ms)
    ΓêÜ MAX_GOAL_LENGTH is 200 (3 ms)
    ΓêÜ panel renders goals correctly (13 ms)
    ΓêÜ panel shows empty message when no goals (9 ms)
    ΓêÜ progress bar updates on toggle (14 ms)
    ΓêÜ clearDone with no completed goals is a no-op (13 ms)
    ΓêÜ escapes HTML in goal text (10 ms)
    ΓêÜ addGoal with null returns false (3 ms)

FAIL tests/conversation-merge.test.js
  ConversationMerge
    ├ù open() alerts when fewer than 2 sessions (5 ms)
    ├ù open() renders modal with session list when 2+ sessions exist (4 ms)
    ├ù close() removes modal and overlay (3 ms)
    ├ù merge button is disabled until 2+ sessions selected (3 ms)
    ├ù merge creates combined session with messages from both sources (3 ms)
    ├ù merge with delete originals removes source sessions (3 ms)
    ├ù merge with custom name uses provided name (3 ms)
    ├ù merged messages include separator markers between sources (3 ms)

  ΓùÅ ConversationMerge ΓÇ║ open() alerts when fewer than 2 sessions

    ReferenceError: ConversationMerge is not defined

      23 |     const alertSpy = jest.spyOn(window, 'alert').mockImplementation(() => {});
      24 |     // No sessions saved
    > 25 |     ConversationMerge.open();
         |     ^
      26 |     expect(alertSpy).toHaveBeenCalledWith(expect.stringContaining('at least 2'));
      27 |     alertSpy.mockRestore();
      28 |   });

      at Object.ConversationMerge (tests/conversation-merge.test.js:25:5)

  ΓùÅ ConversationMerge ΓÇ║ open() renders modal with session list when 2+ sessions exist

    ReferenceError: ConversationManager is not defined

      30 |   test('open() renders modal with session list when 2+ sessions exist', () => {
      31 |     // Create two sessions
    > 32 |     ConversationManager.addMessage('user', 'Hello from session 1');
         |     ^
      33 |     ConversationManager.addMessage('assistant', 'Hi there!');
      34 |     SessionManager.save('Session One');
      35 |     ConversationManager.clearHistory();

      at Object.ConversationManager (tests/conversation-merge.test.js:32:5)

  ΓùÅ ConversationMerge ΓÇ║ close() removes modal and overlay

    ReferenceError: ConversationManager is not defined

      53 |
      54 |   test('close() removes modal and overlay', () => {
    > 55 |     ConversationManager.addMessage('user', 'A');
         |     ^
      56 |     SessionManager.save('S1');
      57 |     ConversationManager.clearHistory();
      58 |     ConversationManager.addMessage('user', 'B');

      at Object.ConversationManager (tests/conversation-merge.test.js:55:5)

  ΓùÅ ConversationMerge ΓÇ║ merge button is disabled until 2+ sessions selected

    ReferenceError: ConversationManager is not defined

      68 |
      69 |   test('merge button is disabled until 2+ sessions selected', () => {
    > 70 |     ConversationManager.addMessage('user', 'A');
         |     ^
      71 |     SessionManager.save('S1');
      72 |     ConversationManager.clearHistory();
      73 |     ConversationManager.addMessage('user', 'B');

      at Object.ConversationManager (tests/conversation-merge.test.js:70:5)

  ΓùÅ ConversationMerge ΓÇ║ merge creates combined session with messages from both sources

    ReferenceError: ConversationManager is not defined

      93 |
      94 |   test('merge creates combined session with messages from both sources', () => {
    > 95 |     ConversationManager.addMessage('user', 'Alpha');
         |     ^
      96 |     ConversationManager.addMessage('assistant', 'Beta');
      97 |     SessionManager.save('First');
      98 |     ConversationManager.clearHistory();

      at Object.ConversationManager (tests/conversation-merge.test.js:95:5)

  ΓùÅ ConversationMerge ΓÇ║ merge with delete originals removes source sessions

    ReferenceError: ConversationManager is not defined

      132 |
      133 |   test('merge with delete originals removes source sessions', () => {
    > 134 |     ConversationManager.addMessage('user', 'One');
          |     ^
      135 |     SessionManager.save('S1');
      136 |     ConversationManager.clearHistory();
      137 |

      at Object.ConversationManager (tests/conversation-merge.test.js:134:5)

  ΓùÅ ConversationMerge ΓÇ║ merge with custom name uses provided name

    ReferenceError: ConversationManager is not defined

      158 |
      159 |   test('merge with custom name uses provided name', () => {
    > 160 |     ConversationManager.addMessage('user', 'A');
          |     ^
      161 |     SessionManager.save('SA');
      162 |     ConversationManager.clearHistory();
      163 |

      at Object.ConversationManager (tests/conversation-merge.test.js:160:5)

  ΓùÅ ConversationMerge ΓÇ║ merged messages include separator markers between sources

    ReferenceError: ConversationManager is not defined

      181 |
      182 |   test('merged messages include separator markers between sources', () => {
    > 183 |     ConversationManager.addMessage('user', 'X');
          |     ^
      184 |     SessionManager.save('SX');
      185 |     ConversationManager.clearHistory();
      186 |

      at Object.ConversationManager (tests/conversation-merge.test.js:183:5)

FAIL tests/sw.test.js
  Service Worker - Install
    ΓêÜ registers install, activate, and fetch handlers (3 ms)
    ΓêÜ install pre-caches app shell and calls skipWaiting (9 ms)
  Service Worker - Activate
    ├ù deletes old caches and claims clients (3 ms)
    ΓêÜ does nothing when only current cache exists (3 ms)
  Service Worker - Fetch
    ΓêÜ ignores cross-origin requests (network-only) (3 ms)
    ΓêÜ returns cached response for same-origin cache hit (3 ms)
    ΓêÜ fetches from network on cache miss and caches result (3 ms)
    ΓêÜ does not cache failed network responses (3 ms)

  ΓùÅ Service Worker - Activate ΓÇ║ deletes old caches and claims clients

    TypeError: self.clients.matchAll is not a function

      44 |         if (evicted > 0) {
      45 |           // A new version replaced an old one ΓÇö tell every open tab.
    > 46 |           self.clients.matchAll({ type: 'window' }).then(clients => {
         |                        ^
      47 |             clients.forEach(c => c.postMessage({ type: 'SW_UPDATED' }));
      48 |           });
      49 |         }

      at matchAll (sw.js:46:24)
      at Object.<anonymous> (tests/sw.test.js:131:5)

PASS tests/message-editor.test.js
  MessageEditor
    ΓêÜ module exists with expected API (5 ms)
    ΓêÜ truncateAt removes messages from given index onward (2 ms)
    ΓêÜ truncateAt with index 1 keeps only system message (2 ms)
    ΓêÜ truncateAt with index 0 does nothing (protects system message) (3 ms)
    ΓêÜ truncateAt with index beyond history length does nothing (2 ms)
    ΓêÜ truncateAt updates token estimate (2 ms)
    ΓêÜ editAt does nothing for non-user message index (2 ms)
    ΓêÜ editAt does nothing for index 0 (system) (2 ms)
    ΓêÜ editAt does nothing for negative index (2 ms)
    ΓêÜ editAt does nothing for out-of-bounds index (3 ms)
    ΓêÜ getEditHistory returns empty array initially (2 ms)
    ΓêÜ clearEditHistory empties stored edits (2 ms)
    ΓêÜ decorateOne adds edit button to user message element (3 ms)
    ΓêÜ decorateOne does not add button to assistant message (2 ms)
    ΓêÜ decorateOne does not duplicate buttons (4 ms)
    ΓêÜ decorateOne handles invalid index gracefully (3 ms)
    ΓêÜ decorateMessages runs without error when no container exists (2 ms)
    ΓêÜ UIController.setChatInput sets the input value (3 ms)
    ΓêÜ UIController.setChatInput gives focus to input (3 ms)

FAIL tests/smart-title.test.js (5.27 s)
  SmartTitle
    generate
      ├ù returns "Empty Conversation" for no messages (217 ms)
      ├ù returns "Empty Conversation" for empty content (215 ms)
      ├ù detects Python language in title (200 ms)
      ├ù detects JavaScript language in title (214 ms)
      ├ù detects API topic (209 ms)
      ├ù detects Algorithm topic (205 ms)
      ├ù detects Debugging action (217 ms)
      ├ù generates title with max 60 chars (239 ms)
      ├ù combines language and topic (210 ms)
      ├ù falls back to first user message for generic content (207 ms)
      ├ù uses current conversation when no messages passed (228 ms)
    _extractKeywords
      ├ù extracts non-stop words (209 ms)
      ├ù respects maxWords limit (224 ms)
      ├ù returns empty for only stop words (228 ms)
      ├ù sorts by frequency (217 ms)
    _capitalize
      ├ù capitalizes first letter (228 ms)
      ├ù handles empty string (213 ms)
      ├ù handles single character (220 ms)
      ├ù handles already capitalized (262 ms)
    init
      ├ù initializes without errors (232 ms)
      ├ù suggest button populates session name input (214 ms)
    SessionManager integration
      ΓêÜ auto-generated names use SmartTitle when available (228 ms)

  ΓùÅ SmartTitle ΓÇ║ generate ΓÇ║ returns "Empty Conversation" for no messages

    ReferenceError: SmartTitle is not defined

      15 |   describe('generate', () => {
      16 |     test('returns "Empty Conversation" for no messages', () => {
    > 17 |       expect(SmartTitle.generate([])).toBe('Empty Conversation');
         |              ^
      18 |     });
      19 |
      20 |     test('returns "Empty Conversation" for empty content', () => {

      at Object.SmartTitle (tests/smart-title.test.js:17:14)

  ΓùÅ SmartTitle ΓÇ║ generate ΓÇ║ returns "Empty Conversation" for empty content

    ReferenceError: SmartTitle is not defined

      19 |
      20 |     test('returns "Empty Conversation" for empty content', () => {
    > 21 |       expect(SmartTitle.generate([{ role: 'user', content: '' }])).toBe('Empty Conversation');
         |              ^
      22 |     });
      23 |
      24 |     test('detects Python language in title', () => {

      at Object.SmartTitle (tests/smart-title.test.js:21:14)

  ΓùÅ SmartTitle ΓÇ║ generate ΓÇ║ detects Python language in title

    ReferenceError: SmartTitle is not defined

      27 |         { role: 'assistant', content: 'You can use sorted() or list.sort() in Python.' }
      28 |       ];
    > 29 |       const title = SmartTitle.generate(msgs);
         |                     ^
      30 |       expect(title).toContain('Python');
      31 |     });
      32 |

      at Object.SmartTitle (tests/smart-title.test.js:29:21)

  ΓùÅ SmartTitle ΓÇ║ generate ΓÇ║ detects JavaScript language in title

    ReferenceError: SmartTitle is not defined

      36 |         { role: 'assistant', content: 'In JavaScript, async/await works with Promises.' }
      37 |       ];
    > 38 |       const title = SmartTitle.generate(msgs);
         |                     ^
      39 |       expect(title).toContain('JavaScript');
      40 |     });
      41 |

      at Object.SmartTitle (tests/smart-title.test.js:38:21)

  ΓùÅ SmartTitle ΓÇ║ generate ΓÇ║ detects API topic

    ReferenceError: SmartTitle is not defined

      45 |         { role: 'assistant', content: 'You can create a REST endpoint using Express.' }
      46 |       ];
    > 47 |       const title = SmartTitle.generate(msgs);
         |                     ^
      48 |       expect(title).toContain('API');
      49 |     });
      50 |

      at Object.SmartTitle (tests/smart-title.test.js:47:21)

  ΓùÅ SmartTitle ΓÇ║ generate ΓÇ║ detects Algorithm topic

    ReferenceError: SmartTitle is not defined

      54 |         { role: 'assistant', content: 'Binary search divides the search interval in half each step.' }
      55 |       ];
    > 56 |       const title = SmartTitle.generate(msgs);
         |                     ^
      57 |       expect(title).toContain('Algorithm');
      58 |     });
      59 |

      at Object.SmartTitle (tests/smart-title.test.js:56:21)

  ΓùÅ SmartTitle ΓÇ║ generate ΓÇ║ detects Debugging action

    ReferenceError: SmartTitle is not defined

      63 |         { role: 'assistant', content: 'Let me help you debug that error.' }
      64 |       ];
    > 65 |       const title = SmartTitle.generate(msgs);
         |                     ^
      66 |       expect(title).toContain('Debugging') || expect(title).toContain('Troubleshooting');
      67 |     });
      68 |

      at Object.SmartTitle (tests/smart-title.test.js:65:21)

  ΓùÅ SmartTitle ΓÇ║ generate ΓÇ║ generates title with max 60 chars

    ReferenceError: SmartTitle is not defined

      71 |         { role: 'user', content: 'I need help with Python machine learning neural network deep learning tensorflow pytorch model training optimization hyperparameter tuning cross validation' }
      72 |       ];
    > 73 |       const title = SmartTitle.generate(msgs);
         |                     ^
      74 |       expect(title.length).toBeLessThanOrEqual(60);
      75 |     });
      76 |

      at Object.SmartTitle (tests/smart-title.test.js:73:21)

  ΓùÅ SmartTitle ΓÇ║ generate ΓÇ║ combines language and topic

    ReferenceError: SmartTitle is not defined

      80 |         { role: 'assistant', content: 'You can use pytest with Flask test client.' }
      81 |       ];
    > 82 |       const title = SmartTitle.generate(msgs);
         |                     ^
      83 |       expect(title).toContain('Python');
      84 |       // Should also contain API or Testing
      85 |       const hasApiOrTesting = title.includes('API') || title.includes('Testing');

      at Object.SmartTitle (tests/smart-title.test.js:82:21)

  ΓùÅ SmartTitle ΓÇ║ generate ΓÇ║ falls back to first user message for generic content

    ReferenceError: SmartTitle is not defined

      92 |         { role: 'assistant', content: 'Hi!' }
      93 |       ];
    > 94 |       const title = SmartTitle.generate(msgs);
         |                     ^
      95 |       expect(title.length).toBeGreaterThan(0);
      96 |       expect(title).not.toBe('Empty Conversation');
      97 |     });

      at Object.SmartTitle (tests/smart-title.test.js:94:21)

  ΓùÅ SmartTitle ΓÇ║ generate ΓÇ║ uses current conversation when no messages passed

    ReferenceError: SmartTitle is not defined

      100 |       ConversationManager.addMessage('user', 'How do I deploy a Docker container?');
      101 |       ConversationManager.addMessage('assistant', 'Use docker run or docker-compose.');
    > 102 |       const title = SmartTitle.generate();
          |                     ^
      103 |       expect(title).toContain('DevOps') || expect(title.toLowerCase()).toContain('docker');
      104 |     });
      105 |   });

      at Object.SmartTitle (tests/smart-title.test.js:102:21)

  ΓùÅ SmartTitle ΓÇ║ _extractKeywords ΓÇ║ extracts non-stop words

    ReferenceError: SmartTitle is not defined

      108 |   describe('_extractKeywords', () => {
      109 |     test('extracts non-stop words', () => {
    > 110 |       const kw = SmartTitle._extractKeywords('the quick brown fox jumps over the lazy dog', 5);
          |                  ^
      111 |       expect(kw).toContain('quick');
      112 |       expect(kw).toContain('brown');
      113 |       expect(kw).toContain('fox');

      at Object.SmartTitle (tests/smart-title.test.js:110:18)

  ΓùÅ SmartTitle ΓÇ║ _extractKeywords ΓÇ║ respects maxWords limit

    ReferenceError: SmartTitle is not defined

      117 |
      118 |     test('respects maxWords limit', () => {
    > 119 |       const kw = SmartTitle._extractKeywords('alpha beta gamma delta epsilon zeta', 3);
          |                  ^
      120 |       expect(kw.length).toBeLessThanOrEqual(3);
      121 |     });
      122 |

      at Object.SmartTitle (tests/smart-title.test.js:119:18)

  ΓùÅ SmartTitle ΓÇ║ _extractKeywords ΓÇ║ returns empty for only stop words

    ReferenceError: SmartTitle is not defined

      122 |
      123 |     test('returns empty for only stop words', () => {
    > 124 |       const kw = SmartTitle._extractKeywords('the is are was were', 5);
          |                  ^
      125 |       expect(kw.length).toBe(0);
      126 |     });
      127 |

      at Object.SmartTitle (tests/smart-title.test.js:124:18)

  ΓùÅ SmartTitle ΓÇ║ _extractKeywords ΓÇ║ sorts by frequency

    ReferenceError: SmartTitle is not defined

      127 |
      128 |     test('sorts by frequency', () => {
    > 129 |       const kw = SmartTitle._extractKeywords('python python python java java ruby', 3);
          |                  ^
      130 |       expect(kw[0]).toBe('python');
      131 |       expect(kw[1]).toBe('java');
      132 |       expect(kw[2]).toBe('ruby');

      at Object.SmartTitle (tests/smart-title.test.js:129:18)

  ΓùÅ SmartTitle ΓÇ║ _capitalize ΓÇ║ capitalizes first letter

    ReferenceError: SmartTitle is not defined

      137 |   describe('_capitalize', () => {
      138 |     test('capitalizes first letter', () => {
    > 139 |       expect(SmartTitle._capitalize('hello')).toBe('Hello');
          |              ^
      140 |     });
      141 |
      142 |     test('handles empty string', () => {

      at Object.SmartTitle (tests/smart-title.test.js:139:14)

  ΓùÅ SmartTitle ΓÇ║ _capitalize ΓÇ║ handles empty string

    ReferenceError: SmartTitle is not defined

      141 |
      142 |     test('handles empty string', () => {
    > 143 |       expect(SmartTitle._capitalize('')).toBe('');
          |              ^
      144 |     });
      145 |
      146 |     test('handles single character', () => {

      at Object.SmartTitle (tests/smart-title.test.js:143:14)

  ΓùÅ SmartTitle ΓÇ║ _capitalize ΓÇ║ handles single character

    ReferenceError: SmartTitle is not defined

      145 |
      146 |     test('handles single character', () => {
    > 147 |       expect(SmartTitle._capitalize('a')).toBe('A');
          |              ^
      148 |     });
      149 |
      150 |     test('handles already capitalized', () => {

      at Object.SmartTitle (tests/smart-title.test.js:147:14)

  ΓùÅ SmartTitle ΓÇ║ _capitalize ΓÇ║ handles already capitalized

    ReferenceError: SmartTitle is not defined

      149 |
      150 |     test('handles already capitalized', () => {
    > 151 |       expect(SmartTitle._capitalize('Hello')).toBe('Hello');
          |              ^
      152 |     });
      153 |   });
      154 |

      at Object.SmartTitle (tests/smart-title.test.js:151:14)

  ΓùÅ SmartTitle ΓÇ║ init ΓÇ║ initializes without errors

    expect(received).not.toThrow()

    Error name:    "ReferenceError"
    Error message: "SmartTitle is not defined"

          156 |   describe('init', () => {
          157 |     test('initializes without errors', () => {
        > 158 |       expect(() => SmartTitle.init()).not.toThrow();
              |                               ^
          159 |     });
          160 |
          161 |     test('suggest button populates session name input', () => {

      at init (tests/smart-title.test.js:158:31)
      at Object.<anonymous> (node_modules/expect/build/index.js:1824:9)
      at Object.throwingMatcher [as toThrow] (node_modules/expect/build/index.js:2235:93)
      at Object.toThrow (tests/smart-title.test.js:158:43)
      at Object.toThrow (tests/smart-title.test.js:158:43)

  ΓùÅ SmartTitle ΓÇ║ init ΓÇ║ suggest button populates session name input

    ReferenceError: SmartTitle is not defined

      163 |       ConversationManager.addMessage('assistant', 'Here is a sorting script.');
      164 |
    > 165 |       SmartTitle.init();
          |       ^
      166 |       const btn = document.getElementById('session-suggest-title');
      167 |       const input = document.getElementById('session-name-input');
      168 |       if (btn && input) {

      at Object.SmartTitle (tests/smart-title.test.js:165:7)

PASS tests/cross-tab-sync.test.js
  CrossTabSync ΓÇö init
    ΓêÜ init snapshots current sessions from storage (205 ms)
    ΓêÜ init wires up banner buttons (252 ms)
    ΓêÜ getTabId returns a string UUID (203 ms)
  CrossTabSync ΓÇö banner
    ΓêÜ _showBanner displays the conflict banner with message (200 ms)
    ΓêÜ _hideBanner hides the conflict banner (212 ms)
    ΓêÜ _showBanner does not throw when DOM elements are missing (228 ms)
  CrossTabSync ΓÇö storage events
    ΓêÜ storage event on session key shows conflict banner (246 ms)
    ΓêÜ storage event on active session key shows banner (442 ms)
    ΓêÜ storage event on unrelated key does not show banner (258 ms)
  CrossTabSync ΓÇö SessionManager patching
    ΓêÜ after init, SessionManager.save updates session snapshot (248 ms)
    ΓêÜ own writes suppress the next storage event (no self-conflict) (226 ms)
  CrossTabSync ΓÇö destroy
    ΓêÜ destroy cleans up without throwing (259 ms)

PASS tests/session-sort.test.js
  SessionManager sort and search
    ΓêÜ default sort is newest first (240 ms)
    ΓêÜ sort by oldest (224 ms)
    ΓêÜ sort by name A-Z (192 ms)
    ΓêÜ sort by name Z-A (238 ms)
    ΓêÜ sort by most messages (340 ms)
    ΓêÜ sort by fewest messages (199 ms)
    ΓêÜ pinned sessions always float to top (227 ms)
    ΓêÜ search filters by name (213 ms)
    ΓêÜ search filters by preview (311 ms)
    ΓêÜ setSortMode persists preference (226 ms)

FAIL tests/session-archive.test.js
  SessionArchive
    ├ù isArchived returns false for unknown session (3 ms)
    ├ù archive and unarchive a session (3 ms)
    ├ù toggle flips archive state (3 ms)
    ├ù getArchivedCount returns correct count (2 ms)
    ├ù filterSessions hides archived by default (3 ms)
    ├ù filterSessions shows only archived when toggled (3 ms)
    ├ù cleanup removes stale archived IDs (2 ms)
    ├ù toggleShowArchived flips visibility (2 ms)

  ΓùÅ SessionArchive ΓÇ║ isArchived returns false for unknown session

    ReferenceError: SessionArchive is not defined

      62 |
      63 |   test('isArchived returns false for unknown session', () => {
    > 64 |     expect(SessionArchive.isArchived('nonexistent')).toBe(false);
         |            ^
      65 |   });
      66 |
      67 |   test('archive and unarchive a session', () => {

      at Object.SessionArchive (tests/session-archive.test.js:64:12)

  ΓùÅ SessionArchive ΓÇ║ archive and unarchive a session

    ReferenceError: SessionArchive is not defined

      66 |
      67 |   test('archive and unarchive a session', () => {
    > 68 |     SessionArchive.archive('sess-1');
         |     ^
      69 |     expect(SessionArchive.isArchived('sess-1')).toBe(true);
      70 |
      71 |     SessionArchive.unarchive('sess-1');

      at Object.SessionArchive (tests/session-archive.test.js:68:5)

  ΓùÅ SessionArchive ΓÇ║ toggle flips archive state

    ReferenceError: SessionArchive is not defined

      74 |
      75 |   test('toggle flips archive state', () => {
    > 76 |     expect(SessionArchive.toggle('sess-2')).toBe(true);
         |            ^
      77 |     expect(SessionArchive.isArchived('sess-2')).toBe(true);
      78 |
      79 |     expect(SessionArchive.toggle('sess-2')).toBe(false);

      at Object.SessionArchive (tests/session-archive.test.js:76:12)

  ΓùÅ SessionArchive ΓÇ║ getArchivedCount returns correct count

    ReferenceError: SessionArchive is not defined

      82 |
      83 |   test('getArchivedCount returns correct count', () => {
    > 84 |     SessionArchive.archive('a');
         |     ^
      85 |     SessionArchive.archive('b');
      86 |     SessionArchive.archive('c');
      87 |     expect(SessionArchive.getArchivedCount()).toBe(3);

      at Object.SessionArchive (tests/session-archive.test.js:84:5)

  ΓùÅ SessionArchive ΓÇ║ filterSessions hides archived by default

    ReferenceError: SessionArchive is not defined

      89 |
      90 |   test('filterSessions hides archived by default', () => {
    > 91 |     SessionArchive.setShowArchived(false);
         |     ^
      92 |     SessionArchive.archive('s2');
      93 |
      94 |     const sessions = [

      at Object.SessionArchive (tests/session-archive.test.js:91:5)

  ΓùÅ SessionArchive ΓÇ║ filterSessions shows only archived when toggled

    ReferenceError: SessionArchive is not defined

      103 |
      104 |   test('filterSessions shows only archived when toggled', () => {
    > 105 |     SessionArchive.archive('s2');
          |     ^
      106 |     SessionArchive.setShowArchived(true);
      107 |
      108 |     const sessions = [

      at Object.SessionArchive (tests/session-archive.test.js:105:5)

  ΓùÅ SessionArchive ΓÇ║ cleanup removes stale archived IDs

    ReferenceError: SessionArchive is not defined

      116 |
      117 |   test('cleanup removes stale archived IDs', () => {
    > 118 |     SessionArchive.archive('exists');
          |     ^
      119 |     SessionArchive.archive('gone');
      120 |
      121 |     SessionArchive.cleanup(['exists', 'other']);

      at Object.SessionArchive (tests/session-archive.test.js:118:5)

  ΓùÅ SessionArchive ΓÇ║ toggleShowArchived flips visibility

    ReferenceError: SessionArchive is not defined

      125 |
      126 |   test('toggleShowArchived flips visibility', () => {
    > 127 |     SessionArchive.setShowArchived(false);
          |     ^
      128 |     expect(SessionArchive.toggleShowArchived()).toBe(true);
      129 |     expect(SessionArchive.isShowingArchived()).toBe(true);
      130 |     expect(SessionArchive.toggleShowArchived()).toBe(false);

      at Object.SessionArchive (tests/session-archive.test.js:127:5)

FAIL tests/flashcards.test.js
  ConversationFlashcards
    API surface
      ├ù exposes expected public methods (3 ms)
    extractFromConversation()
      ├ù returns empty array when no messages (3 ms)
      ├ù extracts Q&A pairs from conversation (2 ms)
      ├ù skips non-question user messages (4 ms)
      ├ù detects question-word patterns (2 ms)
    deck persistence
      ├ù loadDecks returns empty array by default (2 ms)
      ├ù saveDecks and loadDecks roundtrip (3 ms)
    panel UI
      ├ù open creates and shows panel (2 ms)
      ├ù close hides panel (2 ms)
      ├ù toggle switches visibility (3 ms)

  ΓùÅ ConversationFlashcards ΓÇ║ API surface ΓÇ║ exposes expected public methods

    ReferenceError: ConversationFlashcards is not defined

      12 |   describe('API surface', () => {
      13 |     test('exposes expected public methods', () => {
    > 14 |       expect(typeof ConversationFlashcards.init).toBe('function');
         |                     ^
      15 |       expect(typeof ConversationFlashcards.open).toBe('function');
      16 |       expect(typeof ConversationFlashcards.close).toBe('function');
      17 |       expect(typeof ConversationFlashcards.toggle).toBe('function');

      at Object.ConversationFlashcards (tests/flashcards.test.js:14:21)

  ΓùÅ ConversationFlashcards ΓÇ║ extractFromConversation() ΓÇ║ returns empty array when no messages

    ReferenceError: ConversationFlashcards is not defined

      25 |   describe('extractFromConversation()', () => {
      26 |     test('returns empty array when no messages', () => {
    > 27 |       const cards = ConversationFlashcards.extractFromConversation();
         |                     ^
      28 |       expect(Array.isArray(cards)).toBe(true);
      29 |       expect(cards.length).toBe(0);
      30 |     });

      at Object.ConversationFlashcards (tests/flashcards.test.js:27:21)

  ΓùÅ ConversationFlashcards ΓÇ║ extractFromConversation() ΓÇ║ extracts Q&A pairs from conversation

    ReferenceError: ConversationFlashcards is not defined

      34 |       ConversationManager.addMessage('user', 'What is JavaScript?');
      35 |       ConversationManager.addMessage('assistant', 'JavaScript is a programming language.');
    > 36 |       const cards = ConversationFlashcards.extractFromConversation();
         |                     ^
      37 |       expect(cards.length).toBe(1);
      38 |       expect(cards[0].front).toBe('What is JavaScript?');
      39 |       expect(cards[0].back).toBe('JavaScript is a programming language.');

      at Object.ConversationFlashcards (tests/flashcards.test.js:36:21)

  ΓùÅ ConversationFlashcards ΓÇ║ extractFromConversation() ΓÇ║ skips non-question user messages

    ReferenceError: ConversationFlashcards is not defined

      43 |       ConversationManager.addMessage('user', 'Hello there');
      44 |       ConversationManager.addMessage('assistant', 'Hi!');
    > 45 |       const cards = ConversationFlashcards.extractFromConversation();
         |                     ^
      46 |       expect(cards.length).toBe(0);
      47 |     });
      48 |

      at Object.ConversationFlashcards (tests/flashcards.test.js:45:21)

  ΓùÅ ConversationFlashcards ΓÇ║ extractFromConversation() ΓÇ║ detects question-word patterns

    ReferenceError: ConversationFlashcards is not defined

      51 |       ConversationManager.addMessage('assistant', 'React uses a virtual DOM.');
      52 |       // No '?' but starts with 'How'
    > 53 |       const cards = ConversationFlashcards.extractFromConversation();
         |                     ^
      54 |       expect(cards.length).toBe(1);
      55 |     });
      56 |   });

      at Object.ConversationFlashcards (tests/flashcards.test.js:53:21)

  ΓùÅ ConversationFlashcards ΓÇ║ deck persistence ΓÇ║ loadDecks returns empty array by default

    ReferenceError: ConversationFlashcards is not defined

      58 |   describe('deck persistence', () => {
      59 |     test('loadDecks returns empty array by default', () => {
    > 60 |       const decks = ConversationFlashcards._loadDecks();
         |                     ^
      61 |       expect(Array.isArray(decks)).toBe(true);
      62 |       expect(decks.length).toBe(0);
      63 |     });

      at Object.ConversationFlashcards (tests/flashcards.test.js:60:21)

  ΓùÅ ConversationFlashcards ΓÇ║ deck persistence ΓÇ║ saveDecks and loadDecks roundtrip

    ReferenceError: ConversationFlashcards is not defined

      65 |     test('saveDecks and loadDecks roundtrip', () => {
      66 |       const deck = [{ name: 'Test', cards: [{ front: 'Q', back: 'A' }], created: Date.now(), count: 1 }];
    > 67 |       ConversationFlashcards._saveDecks(deck);
         |       ^
      68 |       const loaded = ConversationFlashcards._loadDecks();
      69 |       expect(loaded.length).toBe(1);
      70 |       expect(loaded[0].name).toBe('Test');

      at Object.ConversationFlashcards (tests/flashcards.test.js:67:7)

  ΓùÅ ConversationFlashcards ΓÇ║ panel UI ΓÇ║ open creates and shows panel

    ReferenceError: ConversationFlashcards is not defined

      74 |   describe('panel UI', () => {
      75 |     test('open creates and shows panel', () => {
    > 76 |       ConversationFlashcards.open();
         |       ^
      77 |       const panel = document.getElementById('flashcard-panel');
      78 |       expect(panel).not.toBeNull();
      79 |       expect(panel.style.display).toBe('flex');

      at Object.ConversationFlashcards (tests/flashcards.test.js:76:7)

  ΓùÅ ConversationFlashcards ΓÇ║ panel UI ΓÇ║ close hides panel

    ReferenceError: ConversationFlashcards is not defined

      82 |
      83 |     test('close hides panel', () => {
    > 84 |       ConversationFlashcards.open();
         |       ^
      85 |       ConversationFlashcards.close();
      86 |       const panel = document.getElementById('flashcard-panel');
      87 |       expect(panel.style.display).toBe('none');

      at Object.ConversationFlashcards (tests/flashcards.test.js:84:7)

  ΓùÅ ConversationFlashcards ΓÇ║ panel UI ΓÇ║ toggle switches visibility

    ReferenceError: ConversationFlashcards is not defined

      89 |
      90 |     test('toggle switches visibility', () => {
    > 91 |       ConversationFlashcards.toggle();
         |       ^
      92 |       expect(document.getElementById('flashcard-panel').style.display).toBe('flex');
      93 |       ConversationFlashcards.toggle();
      94 |       expect(document.getElementById('flashcard-panel').style.display).toBe('none');

      at Object.ConversationFlashcards (tests/flashcards.test.js:91:7)

FAIL tests/smart-paste.test.js
  SmartPaste
    ├ù detects single URL (1 ms)
    ├ù detects JSON (1 ms)
    ├ù formats JSON with pretty print (1 ms)
    ├ù detects CSV data (1 ms)
    ├ù detects SQL (1 ms)
    ├ù detects stack trace (1 ms)
    ├ù detects Python code (1 ms)
    ├ù detects key-value config (1 ms)
    ├ù returns null for short plain text (1 ms)
    ├ù returns null for single short line (1 ms)
    ├ù formats multi-URL as list (1 ms)
    ├ù guesses JavaScript language (1 ms)
    ├ù guesses Go language (1 ms)
    ├ù enable/disable works (1 ms)

  ΓùÅ SmartPaste ΓÇ║ detects single URL

    SyntaxError: Identifier 'MessageScheduler' has already been declared

      21 |
      22 |     const code = fs.readFileSync(path.join(__dirname, '..', 'app.js'), 'utf8');
    > 23 |     eval(code);
         |          ^
      24 |     SmartPaste = global.SmartPaste;
      25 |   });
      26 |

      at Object.code (tests/smart-paste.test.js:23:10)

  ΓùÅ SmartPaste ΓÇ║ detects JSON

    SyntaxError: Identifier 'MessageScheduler' has already been declared

      21 |
      22 |     const code = fs.readFileSync(path.join(__dirname, '..', 'app.js'), 'utf8');
    > 23 |     eval(code);
         |          ^
      24 |     SmartPaste = global.SmartPaste;
      25 |   });
      26 |

      at Object.code (tests/smart-paste.test.js:23:10)

  ΓùÅ SmartPaste ΓÇ║ formats JSON with pretty print

    SyntaxError: Identifier 'MessageScheduler' has already been declared

      21 |
      22 |     const code = fs.readFileSync(path.join(__dirname, '..', 'app.js'), 'utf8');
    > 23 |     eval(code);
         |          ^
      24 |     SmartPaste = global.SmartPaste;
      25 |   });
      26 |

      at Object.code (tests/smart-paste.test.js:23:10)

  ΓùÅ SmartPaste ΓÇ║ detects CSV data

    SyntaxError: Identifier 'MessageScheduler' has already been declared

      21 |
      22 |     const code = fs.readFileSync(path.join(__dirname, '..', 'app.js'), 'utf8');
    > 23 |     eval(code);
         |          ^
      24 |     SmartPaste = global.SmartPaste;
      25 |   });
      26 |

      at Object.code (tests/smart-paste.test.js:23:10)

  ΓùÅ SmartPaste ΓÇ║ detects SQL

    SyntaxError: Identifier 'MessageScheduler' has already been declared

      21 |
      22 |     const code = fs.readFileSync(path.join(__dirname, '..', 'app.js'), 'utf8');
    > 23 |     eval(code);
         |          ^
      24 |     SmartPaste = global.SmartPaste;
      25 |   });
      26 |

      at Object.code (tests/smart-paste.test.js:23:10)

  ΓùÅ SmartPaste ΓÇ║ detects stack trace

    SyntaxError: Identifier 'MessageScheduler' has already been declared

      21 |
      22 |     const code = fs.readFileSync(path.join(__dirname, '..', 'app.js'), 'utf8');
    > 23 |     eval(code);
         |          ^
      24 |     SmartPaste = global.SmartPaste;
      25 |   });
      26 |

      at Object.code (tests/smart-paste.test.js:23:10)

  ΓùÅ SmartPaste ΓÇ║ detects Python code

    SyntaxError: Identifier 'MessageScheduler' has already been declared

      21 |
      22 |     const code = fs.readFileSync(path.join(__dirname, '..', 'app.js'), 'utf8');
    > 23 |     eval(code);
         |          ^
      24 |     SmartPaste = global.SmartPaste;
      25 |   });
      26 |

      at Object.code (tests/smart-paste.test.js:23:10)

  ΓùÅ SmartPaste ΓÇ║ detects key-value config

    SyntaxError: Identifier 'MessageScheduler' has already been declared

      21 |
      22 |     const code = fs.readFileSync(path.join(__dirname, '..', 'app.js'), 'utf8');
    > 23 |     eval(code);
         |          ^
      24 |     SmartPaste = global.SmartPaste;
      25 |   });
      26 |

      at Object.code (tests/smart-paste.test.js:23:10)

  ΓùÅ SmartPaste ΓÇ║ returns null for short plain text

    SyntaxError: Identifier 'MessageScheduler' has already been declared

      21 |
      22 |     const code = fs.readFileSync(path.join(__dirname, '..', 'app.js'), 'utf8');
    > 23 |     eval(code);
         |          ^
      24 |     SmartPaste = global.SmartPaste;
      25 |   });
      26 |

      at Object.code (tests/smart-paste.test.js:23:10)

  ΓùÅ SmartPaste ΓÇ║ returns null for single short line

    SyntaxError: Identifier 'MessageScheduler' has already been declared

      21 |
      22 |     const code = fs.readFileSync(path.join(__dirname, '..', 'app.js'), 'utf8');
    > 23 |     eval(code);
         |          ^
      24 |     SmartPaste = global.SmartPaste;
      25 |   });
      26 |

      at Object.code (tests/smart-paste.test.js:23:10)

  ΓùÅ SmartPaste ΓÇ║ formats multi-URL as list

    SyntaxError: Identifier 'MessageScheduler' has already been declared

      21 |
      22 |     const code = fs.readFileSync(path.join(__dirname, '..', 'app.js'), 'utf8');
    > 23 |     eval(code);
         |          ^
      24 |     SmartPaste = global.SmartPaste;
      25 |   });
      26 |

      at Object.code (tests/smart-paste.test.js:23:10)

  ΓùÅ SmartPaste ΓÇ║ guesses JavaScript language

    SyntaxError: Identifier 'MessageScheduler' has already been declared

      21 |
      22 |     const code = fs.readFileSync(path.join(__dirname, '..', 'app.js'), 'utf8');
    > 23 |     eval(code);
         |          ^
      24 |     SmartPaste = global.SmartPaste;
      25 |   });
      26 |

      at Object.code (tests/smart-paste.test.js:23:10)

  ΓùÅ SmartPaste ΓÇ║ guesses Go language

    SyntaxError: Identifier 'MessageScheduler' has already been declared

      21 |
      22 |     const code = fs.readFileSync(path.join(__dirname, '..', 'app.js'), 'utf8');
    > 23 |     eval(code);
         |          ^
      24 |     SmartPaste = global.SmartPaste;
      25 |   });
      26 |

      at Object.code (tests/smart-paste.test.js:23:10)

  ΓùÅ SmartPaste ΓÇ║ enable/disable works

    SyntaxError: Identifier 'MessageScheduler' has already been declared

      21 |
      22 |     const code = fs.readFileSync(path.join(__dirname, '..', 'app.js'), 'utf8');
    > 23 |     eval(code);
         |          ^
      24 |     SmartPaste = global.SmartPaste;
      25 |   });
      26 |

      at Object.code (tests/smart-paste.test.js:23:10)

  console.log
    [OfflineManager] Connection restored

      at _onOnline (eval at loadApp (tests/setup.js:364:3), <anonymous>:17991:15)

PASS tests/offline.test.js
  OfflineManager
    ΓêÜ OfflineManager is defined (6 ms)
    ΓêÜ isOffline returns false when online (4 ms)
    ΓêÜ isOffline returns true when offline (5 ms)
    ΓêÜ offline event shows banner and disables send button (11 ms)
    ΓêÜ online event hides banner and enables send button (25 ms)
    ΓêÜ dismiss button hides banner (29 ms)
    ΓêÜ init shows banner when starting offline (3 ms)
    ΓêÜ init does not show banner when starting online (5 ms)

FAIL tests/word-cloud.test.js
  WordCloudGenerator
    ├ù opens and closes panel (1117 ms)
    ├ù toggle switches state (614 ms)
    ├ù shows empty state when no messages (544 ms)
    ├ù Alt+W keyboard shortcut triggers toggle (586 ms)

  ΓùÅ WordCloudGenerator ΓÇ║ opens and closes panel

    Jest encountered an unexpected token

    Jest failed to parse a file. This happens e.g. when your code or its dependencies use non-standard JavaScript syntax, or when Jest is not configured to support such syntax.

    Out of the box Jest supports Babel, which will be used to transform your files into valid JS based on your Babel configuration.

    By default "node_modules" folder is ignored by transformers.

    Here's what you can do:
     ΓÇó If you are trying to use ECMAScript Modules, see https://jestjs.io/docs/ecmascript-modules for how to enable it.
     ΓÇó If you are trying to use TypeScript, see https://jestjs.io/docs/getting-started#using-typescript
     ΓÇó To have some of your "node_modules" files transformed, you can specify a custom "transformIgnorePatterns" in your config.
     ΓÇó If you need a custom transformation, specify a "transform" option in your config.
     ΓÇó If you simply want to mock your non-JS modules (e.g. binary assets) you can stub them out with the "moduleNameMapper" config option.

    You'll find more details and examples of these config options in the docs:
    https://jestjs.io/docs/configuration
    For information about custom transformations, see:
    https://jestjs.io/docs/code-transformation

    Details:

    SyntaxError: C:\Users\onlin\.openclaw\workspace\temp-garden\agenticchat\app.js: Identifier 'MessageScheduler' has already been declared. (27915:6)

      27913 |  * @namespace MessageScheduler
      27914 |  */
    > 27915 | const MessageScheduler = (() => {
            |       ^
      27916 |   let _queue = [];          // { id, text, sendAt, timerId }
      27917 |   let _tickId = null;
      27918 |   let _idCounter = 0;

      27 |     // Reset module
      28 |     jest.resetModules();
    > 29 |     require('../app.js');
         |     ^
      30 |   });
      31 |
      32 |   afterEach(() => {

      at constructor (node_modules/@babel/parser/src/parse-error.ts:95:45)
      at Parser.toParseError [as raise] (node_modules/@babel/parser/src/tokenizer/index.ts:1504:19)
      at ScopeHandler.raise [as checkRedeclarationInScope] (node_modules/@babel/parser/src/util/scope.ts:164:19)
      at ScopeHandler.checkRedeclarationInScope [as declareName] (node_modules/@babel/parser/src/util/scope.ts:118:12)
      at Parser.declareName [as declareNameFromIdentifier] (node_modules/@babel/parser/src/parser/lval.ts:876:16)
      at Parser.declareNameFromIdentifier [as checkIdentifier] (node_modules/@babel/parser/src/parser/lval.ts:871:12)
      at Parser.checkIdentifier [as checkLVal] (node_modules/@babel/parser/src/parser/lval.ts:763:12)
      at Parser.checkLVal [as parseVarId] (node_modules/@babel/parser/src/parser/statement.ts:1633:10)
      at Parser.parseVarId [as parseVar] (node_modules/@babel/parser/src/parser/statement.ts:1582:12)
      at Parser.parseVar [as parseVarStatement] (node_modules/@babel/parser/src/parser/statement.ts:1251:10)
      at Parser.parseVarStatement [as parseStatementContent] (node_modules/@babel/parser/src/parser/statement.ts:612:21)
      at Parser.parseStatementContent [as parseStatementLike] (node_modules/@babel/parser/src/parser/statement.ts:482:17)
      at Parser.parseStatementLike [as parseModuleItem] (node_modules/@babel/parser/src/parser/statement.ts:419:17)
      at Parser.parseModuleItem [as parseBlockOrModuleBlockBody] (node_modules/@babel/parser/src/parser/statement.ts:1443:16)
      at Parser.parseBlockOrModuleBlockBody [as parseBlockBody] (node_modules/@babel/parser/src/parser/statement.ts:1417:10)
      at Parser.parseBlockBody [as parseProgram] (node_modules/@babel/parser/src/parser/statement.ts:229:10)
      at Parser.parseProgram [as parseTopLevel] (node_modules/@babel/parser/src/parser/statement.ts:203:25)
      at Parser.parseTopLevel [as parse] (node_modules/@babel/parser/src/parser/index.ts:83:25)
      at parse (node_modules/@babel/parser/src/index.ts:86:38)
      at parser (node_modules/@babel/core/src/parser/index.ts:29:19)
          at parser.next (<anonymous>)
      at normalizeFile (node_modules/@babel/core/src/transformation/normalize-file.ts:50:24)
          at normalizeFile.next (<anonymous>)
      at run (node_modules/@babel/core/src/transformation/index.ts:41:36)
          at run.next (<anonymous>)
      at transform (node_modules/@babel/core/src/transform.ts:29:20)
          at transform.next (<anonymous>)
      at evaluateSync (node_modules/gensync/index.js:251:28)
      at sync (node_modules/gensync/index.js:89:14)
      at fn (node_modules/@babel/core/src/errors/rewrite-stack-trace.ts:99:14)
      at transformSync (node_modules/@babel/core/src/transform.ts:66:52)
      at ScriptTransformer.transformSource (node_modules/@jest/transform/build/index.js:415:31)
      at ScriptTransformer._transformAndBuildScript (node_modules/@jest/transform/build/index.js:512:40)
      at ScriptTransformer.transform (node_modules/@jest/transform/build/index.js:551:19)
      at Object.require (tests/word-cloud.test.js:29:5)

  ΓùÅ WordCloudGenerator ΓÇ║ toggle switches state

    Jest encountered an unexpected token

    Jest failed to parse a file. This happens e.g. when your code or its dependencies use non-standard JavaScript syntax, or when Jest is not configured to support such syntax.

    Out of the box Jest supports Babel, which will be used to transform your files into valid JS based on your Babel configuration.

    By default "node_modules" folder is ignored by transformers.

    Here's what you can do:
     ΓÇó If you are trying to use ECMAScript Modules, see https://jestjs.io/docs/ecmascript-modules for how to enable it.
     ΓÇó If you are trying to use TypeScript, see https://jestjs.io/docs/getting-started#using-typescript
     ΓÇó To have some of your "node_modules" files transformed, you can specify a custom "transformIgnorePatterns" in your config.
     ΓÇó If you need a custom transformation, specify a "transform" option in your config.
     ΓÇó If you simply want to mock your non-JS modules (e.g. binary assets) you can stub them out with the "moduleNameMapper" config option.

    You'll find more details and examples of these config options in the docs:
    https://jestjs.io/docs/configuration
    For information about custom transformations, see:
    https://jestjs.io/docs/code-transformation

    Details:

    SyntaxError: C:\Users\onlin\.openclaw\workspace\temp-garden\agenticchat\app.js: Identifier 'MessageScheduler' has already been declared. (27915:6)

      27913 |  * @namespace MessageScheduler
      27914 |  */
    > 27915 | const MessageScheduler = (() => {
            |       ^
      27916 |   let _queue = [];          // { id, text, sendAt, timerId }
      27917 |   let _tickId = null;
      27918 |   let _idCounter = 0;

      27 |     // Reset module
      28 |     jest.resetModules();
    > 29 |     require('../app.js');
         |     ^
      30 |   });
      31 |
      32 |   afterEach(() => {

      at constructor (node_modules/@babel/parser/src/parse-error.ts:95:45)
      at Parser.toParseError [as raise] (node_modules/@babel/parser/src/tokenizer/index.ts:1504:19)
      at ScopeHandler.raise [as checkRedeclarationInScope] (node_modules/@babel/parser/src/util/scope.ts:164:19)
      at ScopeHandler.checkRedeclarationInScope [as declareName] (node_modules/@babel/parser/src/util/scope.ts:118:12)
      at Parser.declareName [as declareNameFromIdentifier] (node_modules/@babel/parser/src/parser/lval.ts:876:16)
      at Parser.declareNameFromIdentifier [as checkIdentifier] (node_modules/@babel/parser/src/parser/lval.ts:871:12)
      at Parser.checkIdentifier [as checkLVal] (node_modules/@babel/parser/src/parser/lval.ts:763:12)
      at Parser.checkLVal [as parseVarId] (node_modules/@babel/parser/src/parser/statement.ts:1633:10)
      at Parser.parseVarId [as parseVar] (node_modules/@babel/parser/src/parser/statement.ts:1582:12)
      at Parser.parseVar [as parseVarStatement] (node_modules/@babel/parser/src/parser/statement.ts:1251:10)
      at Parser.parseVarStatement [as parseStatementContent] (node_modules/@babel/parser/src/parser/statement.ts:612:21)
      at Parser.parseStatementContent [as parseStatementLike] (node_modules/@babel/parser/src/parser/statement.ts:482:17)
      at Parser.parseStatementLike [as parseModuleItem] (node_modules/@babel/parser/src/parser/statement.ts:419:17)
      at Parser.parseModuleItem [as parseBlockOrModuleBlockBody] (node_modules/@babel/parser/src/parser/statement.ts:1443:16)
      at Parser.parseBlockOrModuleBlockBody [as parseBlockBody] (node_modules/@babel/parser/src/parser/statement.ts:1417:10)
      at Parser.parseBlockBody [as parseProgram] (node_modules/@babel/parser/src/parser/statement.ts:229:10)
      at Parser.parseProgram [as parseTopLevel] (node_modules/@babel/parser/src/parser/statement.ts:203:25)
      at Parser.parseTopLevel [as parse] (node_modules/@babel/parser/src/parser/index.ts:83:25)
      at parse (node_modules/@babel/parser/src/index.ts:86:38)
      at parser (node_modules/@babel/core/src/parser/index.ts:29:19)
          at parser.next (<anonymous>)
      at normalizeFile (node_modules/@babel/core/src/transformation/normalize-file.ts:50:24)
          at normalizeFile.next (<anonymous>)
      at run (node_modules/@babel/core/src/transformation/index.ts:41:36)
          at run.next (<anonymous>)
      at transform (node_modules/@babel/core/src/transform.ts:29:20)
          at transform.next (<anonymous>)
      at evaluateSync (node_modules/gensync/index.js:251:28)
      at sync (node_modules/gensync/index.js:89:14)
      at fn (node_modules/@babel/core/src/errors/rewrite-stack-trace.ts:99:14)
      at transformSync (node_modules/@babel/core/src/transform.ts:66:52)
      at ScriptTransformer.transformSource (node_modules/@jest/transform/build/index.js:415:31)
      at ScriptTransformer._transformAndBuildScript (node_modules/@jest/transform/build/index.js:512:40)
      at ScriptTransformer.transform (node_modules/@jest/transform/build/index.js:551:19)
      at Object.require (tests/word-cloud.test.js:29:5)

  ΓùÅ WordCloudGenerator ΓÇ║ shows empty state when no messages

    Jest encountered an unexpected token

    Jest failed to parse a file. This happens e.g. when your code or its dependencies use non-standard JavaScript syntax, or when Jest is not configured to support such syntax.

    Out of the box Jest supports Babel, which will be used to transform your files into valid JS based on your Babel configuration.

    By default "node_modules" folder is ignored by transformers.

    Here's what you can do:
     ΓÇó If you are trying to use ECMAScript Modules, see https://jestjs.io/docs/ecmascript-modules for how to enable it.
     ΓÇó If you are trying to use TypeScript, see https://jestjs.io/docs/getting-started#using-typescript
     ΓÇó To have some of your "node_modules" files transformed, you can specify a custom "transformIgnorePatterns" in your config.
     ΓÇó If you need a custom transformation, specify a "transform" option in your config.
     ΓÇó If you simply want to mock your non-JS modules (e.g. binary assets) you can stub them out with the "moduleNameMapper" config option.

    You'll find more details and examples of these config options in the docs:
    https://jestjs.io/docs/configuration
    For information about custom transformations, see:
    https://jestjs.io/docs/code-transformation

    Details:

    SyntaxError: C:\Users\onlin\.openclaw\workspace\temp-garden\agenticchat\app.js: Identifier 'MessageScheduler' has already been declared. (27915:6)

      27913 |  * @namespace MessageScheduler
      27914 |  */
    > 27915 | const MessageScheduler = (() => {
            |       ^
      27916 |   let _queue = [];          // { id, text, sendAt, timerId }
      27917 |   let _tickId = null;
      27918 |   let _idCounter = 0;

      27 |     // Reset module
      28 |     jest.resetModules();
    > 29 |     require('../app.js');
         |     ^
      30 |   });
      31 |
      32 |   afterEach(() => {

      at constructor (node_modules/@babel/parser/src/parse-error.ts:95:45)
      at Parser.toParseError [as raise] (node_modules/@babel/parser/src/tokenizer/index.ts:1504:19)
      at ScopeHandler.raise [as checkRedeclarationInScope] (node_modules/@babel/parser/src/util/scope.ts:164:19)
      at ScopeHandler.checkRedeclarationInScope [as declareName] (node_modules/@babel/parser/src/util/scope.ts:118:12)
      at Parser.declareName [as declareNameFromIdentifier] (node_modules/@babel/parser/src/parser/lval.ts:876:16)
      at Parser.declareNameFromIdentifier [as checkIdentifier] (node_modules/@babel/parser/src/parser/lval.ts:871:12)
      at Parser.checkIdentifier [as checkLVal] (node_modules/@babel/parser/src/parser/lval.ts:763:12)
      at Parser.checkLVal [as parseVarId] (node_modules/@babel/parser/src/parser/statement.ts:1633:10)
      at Parser.parseVarId [as parseVar] (node_modules/@babel/parser/src/parser/statement.ts:1582:12)
      at Parser.parseVar [as parseVarStatement] (node_modules/@babel/parser/src/parser/statement.ts:1251:10)
      at Parser.parseVarStatement [as parseStatementContent] (node_modules/@babel/parser/src/parser/statement.ts:612:21)
      at Parser.parseStatementContent [as parseStatementLike] (node_modules/@babel/parser/src/parser/statement.ts:482:17)
      at Parser.parseStatementLike [as parseModuleItem] (node_modules/@babel/parser/src/parser/statement.ts:419:17)
      at Parser.parseModuleItem [as parseBlockOrModuleBlockBody] (node_modules/@babel/parser/src/parser/statement.ts:1443:16)
      at Parser.parseBlockOrModuleBlockBody [as parseBlockBody] (node_modules/@babel/parser/src/parser/statement.ts:1417:10)
      at Parser.parseBlockBody [as parseProgram] (node_modules/@babel/parser/src/parser/statement.ts:229:10)
      at Parser.parseProgram [as parseTopLevel] (node_modules/@babel/parser/src/parser/statement.ts:203:25)
      at Parser.parseTopLevel [as parse] (node_modules/@babel/parser/src/parser/index.ts:83:25)
      at parse (node_modules/@babel/parser/src/index.ts:86:38)
      at parser (node_modules/@babel/core/src/parser/index.ts:29:19)
          at parser.next (<anonymous>)
      at normalizeFile (node_modules/@babel/core/src/transformation/normalize-file.ts:50:24)
          at normalizeFile.next (<anonymous>)
      at run (node_modules/@babel/core/src/transformation/index.ts:41:36)
          at run.next (<anonymous>)
      at transform (node_modules/@babel/core/src/transform.ts:29:20)
          at transform.next (<anonymous>)
      at evaluateSync (node_modules/gensync/index.js:251:28)
      at sync (node_modules/gensync/index.js:89:14)
      at fn (node_modules/@babel/core/src/errors/rewrite-stack-trace.ts:99:14)
      at transformSync (node_modules/@babel/core/src/transform.ts:66:52)
      at ScriptTransformer.transformSource (node_modules/@jest/transform/build/index.js:415:31)
      at ScriptTransformer._transformAndBuildScript (node_modules/@jest/transform/build/index.js:512:40)
      at ScriptTransformer.transform (node_modules/@jest/transform/build/index.js:551:19)
      at Object.require (tests/word-cloud.test.js:29:5)

  ΓùÅ WordCloudGenerator ΓÇ║ Alt+W keyboard shortcut triggers toggle

    Jest encountered an unexpected token

    Jest failed to parse a file. This happens e.g. when your code or its dependencies use non-standard JavaScript syntax, or when Jest is not configured to support such syntax.

    Out of the box Jest supports Babel, which will be used to transform your files into valid JS based on your Babel configuration.

    By default "node_modules" folder is ignored by transformers.

    Here's what you can do:
     ΓÇó If you are trying to use ECMAScript Modules, see https://jestjs.io/docs/ecmascript-modules for how to enable it.
     ΓÇó If you are trying to use TypeScript, see https://jestjs.io/docs/getting-started#using-typescript
     ΓÇó To have some of your "node_modules" files transformed, you can specify a custom "transformIgnorePatterns" in your config.
     ΓÇó If you need a custom transformation, specify a "transform" option in your config.
     ΓÇó If you simply want to mock your non-JS modules (e.g. binary assets) you can stub them out with the "moduleNameMapper" config option.

    You'll find more details and examples of these config options in the docs:
    https://jestjs.io/docs/configuration
    For information about custom transformations, see:
    https://jestjs.io/docs/code-transformation

    Details:

    SyntaxError: C:\Users\onlin\.openclaw\workspace\temp-garden\agenticchat\app.js: Identifier 'MessageScheduler' has already been declared. (27915:6)

      27913 |  * @namespace MessageScheduler
      27914 |  */
    > 27915 | const MessageScheduler = (() => {
            |       ^
      27916 |   let _queue = [];          // { id, text, sendAt, timerId }
      27917 |   let _tickId = null;
      27918 |   let _idCounter = 0;

      27 |     // Reset module
      28 |     jest.resetModules();
    > 29 |     require('../app.js');
         |     ^
      30 |   });
      31 |
      32 |   afterEach(() => {

      at constructor (node_modules/@babel/parser/src/parse-error.ts:95:45)
      at Parser.toParseError [as raise] (node_modules/@babel/parser/src/tokenizer/index.ts:1504:19)
      at ScopeHandler.raise [as checkRedeclarationInScope] (node_modules/@babel/parser/src/util/scope.ts:164:19)
      at ScopeHandler.checkRedeclarationInScope [as declareName] (node_modules/@babel/parser/src/util/scope.ts:118:12)
      at Parser.declareName [as declareNameFromIdentifier] (node_modules/@babel/parser/src/parser/lval.ts:876:16)
      at Parser.declareNameFromIdentifier [as checkIdentifier] (node_modules/@babel/parser/src/parser/lval.ts:871:12)
      at Parser.checkIdentifier [as checkLVal] (node_modules/@babel/parser/src/parser/lval.ts:763:12)
      at Parser.checkLVal [as parseVarId] (node_modules/@babel/parser/src/parser/statement.ts:1633:10)
      at Parser.parseVarId [as parseVar] (node_modules/@babel/parser/src/parser/statement.ts:1582:12)
      at Parser.parseVar [as parseVarStatement] (node_modules/@babel/parser/src/parser/statement.ts:1251:10)
      at Parser.parseVarStatement [as parseStatementContent] (node_modules/@babel/parser/src/parser/statement.ts:612:21)
      at Parser.parseStatementContent [as parseStatementLike] (node_modules/@babel/parser/src/parser/statement.ts:482:17)
      at Parser.parseStatementLike [as parseModuleItem] (node_modules/@babel/parser/src/parser/statement.ts:419:17)
      at Parser.parseModuleItem [as parseBlockOrModuleBlockBody] (node_modules/@babel/parser/src/parser/statement.ts:1443:16)
      at Parser.parseBlockOrModuleBlockBody [as parseBlockBody] (node_modules/@babel/parser/src/parser/statement.ts:1417:10)
      at Parser.parseBlockBody [as parseProgram] (node_modules/@babel/parser/src/parser/statement.ts:229:10)
      at Parser.parseProgram [as parseTopLevel] (node_modules/@babel/parser/src/parser/statement.ts:203:25)
      at Parser.parseTopLevel [as parse] (node_modules/@babel/parser/src/parser/index.ts:83:25)
      at parse (node_modules/@babel/parser/src/index.ts:86:38)
      at parser (node_modules/@babel/core/src/parser/index.ts:29:19)
          at parser.next (<anonymous>)
      at normalizeFile (node_modules/@babel/core/src/transformation/normalize-file.ts:50:24)
          at normalizeFile.next (<anonymous>)
      at run (node_modules/@babel/core/src/transformation/index.ts:41:36)
          at run.next (<anonymous>)
      at transform (node_modules/@babel/core/src/transform.ts:29:20)
          at transform.next (<anonymous>)
      at evaluateSync (node_modules/gensync/index.js:251:28)
      at sync (node_modules/gensync/index.js:89:14)
      at fn (node_modules/@babel/core/src/errors/rewrite-stack-trace.ts:99:14)
      at transformSync (node_modules/@babel/core/src/transform.ts:66:52)
      at ScriptTransformer.transformSource (node_modules/@jest/transform/build/index.js:415:31)
      at ScriptTransformer._transformAndBuildScript (node_modules/@jest/transform/build/index.js:512:40)
      at ScriptTransformer.transform (node_modules/@jest/transform/build/index.js:551:19)
      at Object.require (tests/word-cloud.test.js:29:5)

FAIL tests/tone-adjuster.test.js
  ToneAdjuster
    ├ù TONES array contains expected tone presets (4 ms)
    ├ù each tone has id, label, and prompt (3 ms)
    ├ù decorateOne adds tone button to assistant message element (3 ms)
    ├ù decorateOne does not duplicate button on repeated calls (7 ms)
    ├ù decorateOne works without role label element (3 ms)

  ΓùÅ ToneAdjuster ΓÇ║ TONES array contains expected tone presets

    ReferenceError: ToneAdjuster is not defined

      12 | describe('ToneAdjuster', () => {
      13 |   test('TONES array contains expected tone presets', () => {
    > 14 |     expect(ToneAdjuster.TONES).toBeDefined();
         |            ^
      15 |     expect(Array.isArray(ToneAdjuster.TONES)).toBe(true);
      16 |     expect(ToneAdjuster.TONES.length).toBeGreaterThanOrEqual(5);
      17 |

      at Object.ToneAdjuster (tests/tone-adjuster.test.js:14:12)

  ΓùÅ ToneAdjuster ΓÇ║ each tone has id, label, and prompt

    ReferenceError: ToneAdjuster is not defined

      25 |
      26 |   test('each tone has id, label, and prompt', () => {
    > 27 |     for (const tone of ToneAdjuster.TONES) {
         |                                     ^
      28 |       expect(typeof tone.id).toBe('string');
      29 |       expect(typeof tone.label).toBe('string');
      30 |       expect(typeof tone.prompt).toBe('string');

      at Object.TONES (tests/tone-adjuster.test.js:27:37)

  ΓùÅ ToneAdjuster ΓÇ║ decorateOne adds tone button to assistant message element

    ReferenceError: ToneAdjuster is not defined

      41 |     msgEl.appendChild(roleLabel);
      42 |
    > 43 |     ToneAdjuster.decorateOne(msgEl, 0);
         |     ^
      44 |
      45 |     const btn = msgEl.querySelector('.tone-btn');
      46 |     expect(btn).not.toBeNull();

      at Object.ToneAdjuster (tests/tone-adjuster.test.js:43:5)

  ΓùÅ ToneAdjuster ΓÇ║ decorateOne does not duplicate button on repeated calls

    ReferenceError: ToneAdjuster is not defined

      56 |     msgEl.appendChild(roleLabel);
      57 |
    > 58 |     ToneAdjuster.decorateOne(msgEl, 0);
         |     ^
      59 |     ToneAdjuster.decorateOne(msgEl, 0);
      60 |
      61 |     const buttons = msgEl.querySelectorAll('.tone-btn');

      at Object.ToneAdjuster (tests/tone-adjuster.test.js:58:5)

  ΓùÅ ToneAdjuster ΓÇ║ decorateOne works without role label element

    ReferenceError: ToneAdjuster is not defined

      67 |     msgEl.className = 'history-msg assistant';
      68 |
    > 69 |     ToneAdjuster.decorateOne(msgEl, 0);
         |     ^
      70 |
      71 |     const btn = msgEl.querySelector('.tone-btn');
      72 |     expect(btn).not.toBeNull();

      at Object.ToneAdjuster (tests/tone-adjuster.test.js:69:5)

FAIL tests/session-pinning.test.js
  SessionManager ΓÇö Session Pinning
    ├ù isPinned returns false for unpinned session (2 ms)
    ├ù togglePin pins a session and returns true (2 ms)
    ├ù togglePin unpins a pinned session and returns false (2 ms)
    ├ù pinned sessions persist in localStorage (1 ms)
    ├ù pinned sessions sort first in getAll (2 ms)
    ├ù removing a session cleans up pinned state (2 ms)

  ΓùÅ SessionManager ΓÇö Session Pinning ΓÇ║ isPinned returns false for unpinned session

    TypeError: setup is not a function

       5 |
       6 | describe('SessionManager ΓÇö Session Pinning', () => {
    >  7 |   beforeEach(() => setup());
         |                    ^
       8 |
       9 |   test('isPinned returns false for unpinned session', () => {
      10 |     expect(SessionManager.isPinned('abc123')).toBe(false);

      at Object.setup (tests/session-pinning.test.js:7:20)

  ΓùÅ SessionManager ΓÇö Session Pinning ΓÇ║ togglePin pins a session and returns true

    TypeError: setup is not a function

       5 |
       6 | describe('SessionManager ΓÇö Session Pinning', () => {
    >  7 |   beforeEach(() => setup());
         |                    ^
       8 |
       9 |   test('isPinned returns false for unpinned session', () => {
      10 |     expect(SessionManager.isPinned('abc123')).toBe(false);

      at Object.setup (tests/session-pinning.test.js:7:20)

  ΓùÅ SessionManager ΓÇö Session Pinning ΓÇ║ togglePin unpins a pinned session and returns false

    TypeError: setup is not a function

       5 |
       6 | describe('SessionManager ΓÇö Session Pinning', () => {
    >  7 |   beforeEach(() => setup());
         |                    ^
       8 |
       9 |   test('isPinned returns false for unpinned session', () => {
      10 |     expect(SessionManager.isPinned('abc123')).toBe(false);

      at Object.setup (tests/session-pinning.test.js:7:20)

  ΓùÅ SessionManager ΓÇö Session Pinning ΓÇ║ pinned sessions persist in localStorage

    TypeError: setup is not a function

       5 |
       6 | describe('SessionManager ΓÇö Session Pinning', () => {
    >  7 |   beforeEach(() => setup());
         |                    ^
       8 |
       9 |   test('isPinned returns false for unpinned session', () => {
      10 |     expect(SessionManager.isPinned('abc123')).toBe(false);

      at Object.setup (tests/session-pinning.test.js:7:20)

  ΓùÅ SessionManager ΓÇö Session Pinning ΓÇ║ pinned sessions sort first in getAll

    TypeError: setup is not a function

       5 |
       6 | describe('SessionManager ΓÇö Session Pinning', () => {
    >  7 |   beforeEach(() => setup());
         |                    ^
       8 |
       9 |   test('isPinned returns false for unpinned session', () => {
      10 |     expect(SessionManager.isPinned('abc123')).toBe(false);

      at Object.setup (tests/session-pinning.test.js:7:20)

  ΓùÅ SessionManager ΓÇö Session Pinning ΓÇ║ removing a session cleans up pinned state

    TypeError: setup is not a function

       5 |
       6 | describe('SessionManager ΓÇö Session Pinning', () => {
    >  7 |   beforeEach(() => setup());
         |                    ^
       8 |
       9 |   test('isPinned returns false for unpinned session', () => {
      10 |     expect(SessionManager.isPinned('abc123')).toBe(false);

      at Object.setup (tests/session-pinning.test.js:7:20)

FAIL tests/emoji-picker.test.js
  EmojiPicker
    ├ù toggle opens and closes overlay (9 ms)
    ├ù clicking emoji inserts into chat input (5 ms)
    ├ù search filters emojis (6 ms)
    ├ù recent emojis are stored and shown (4 ms)

  ΓùÅ EmojiPicker ΓÇ║ toggle opens and closes overlay

    ReferenceError: EmojiPicker is not defined

      27 | describe('EmojiPicker', () => {
      28 |   test('toggle opens and closes overlay', () => {
    > 29 |     EmojiPicker.open();
         |     ^
      30 |     expect(document.querySelector('.emoji-picker__overlay')).not.toBeNull();
      31 |     EmojiPicker.close();
      32 |     expect(document.querySelector('.emoji-picker__overlay')).toBeNull();

      at Object.EmojiPicker (tests/emoji-picker.test.js:29:5)

  ΓùÅ EmojiPicker ΓÇ║ clicking emoji inserts into chat input

    ReferenceError: EmojiPicker is not defined

      34 |
      35 |   test('clicking emoji inserts into chat input', () => {
    > 36 |     EmojiPicker.open();
         |     ^
      37 |     const btn = document.querySelector('.emoji-picker__emoji');
      38 |     expect(btn).not.toBeNull();
      39 |     btn.click();

      at Object.EmojiPicker (tests/emoji-picker.test.js:36:5)

  ΓùÅ EmojiPicker ΓÇ║ search filters emojis

    ReferenceError: EmojiPicker is not defined

      43 |
      44 |   test('search filters emojis', () => {
    > 45 |     EmojiPicker.open();
         |     ^
      46 |     const search = document.querySelector('.emoji-picker__search');
      47 |     search.value = '≡ƒÿÇ';
      48 |     search.dispatchEvent(new Event('input'));

      at Object.EmojiPicker (tests/emoji-picker.test.js:45:5)

  ΓùÅ EmojiPicker ΓÇ║ recent emojis are stored and shown

    ReferenceError: EmojiPicker is not defined

      52 |
      53 |   test('recent emojis are stored and shown', () => {
    > 54 |     EmojiPicker.open();
         |     ^
      55 |     const btn = document.querySelector('.emoji-picker__emoji');
      56 |     btn.click();
      57 |     EmojiPicker.close();

      at Object.EmojiPicker (tests/emoji-picker.test.js:54:5)

FAIL tests/typing-speed.test.js (11.209 s)
  TypingSpeedMonitor
    ├ù module exposes public API (1242 ms)
    ├ù initial WPM is 0 (655 ms)
    ├ù indicator element shows 0 initially (533 ms)
    ├ù dashboard overlay is created (815 ms)
    ├ù dashboard is hidden by default (536 ms)
    ├ù open() shows dashboard (540 ms)
    ├ù close() hides dashboard (551 ms)
    ├ù toggle() opens then closes (528 ms)
    ├ù reset() clears all stats (604 ms)
    ├ù keystrokes increment char count (622 ms)
    ├ù send button increments word count (622 ms)
    ├ù stats persist to localStorage (573 ms)
    ├ù dashboard has stat elements (538 ms)
    ├ù indicator gets wpm-active class when typing (584 ms)
    ├ù Ctrl+Shift+T toggles dashboard (567 ms)
    ├ù close button closes dashboard (573 ms)
    ├ù reset button clears stats and updates display (586 ms)

  ΓùÅ TypingSpeedMonitor ΓÇ║ module exposes public API

    Jest encountered an unexpected token

    Jest failed to parse a file. This happens e.g. when your code or its dependencies use non-standard JavaScript syntax, or when Jest is not configured to support such syntax.

    Out of the box Jest supports Babel, which will be used to transform your files into valid JS based on your Babel configuration.

    By default "node_modules" folder is ignored by transformers.

    Here's what you can do:
     ΓÇó If you are trying to use ECMAScript Modules, see https://jestjs.io/docs/ecmascript-modules for how to enable it.
     ΓÇó If you are trying to use TypeScript, see https://jestjs.io/docs/getting-started#using-typescript
     ΓÇó To have some of your "node_modules" files transformed, you can specify a custom "transformIgnorePatterns" in your config.
     ΓÇó If you need a custom transformation, specify a "transform" option in your config.
     ΓÇó If you simply want to mock your non-JS modules (e.g. binary assets) you can stub them out with the "moduleNameMapper" config option.

    You'll find more details and examples of these config options in the docs:
    https://jestjs.io/docs/configuration
    For information about custom transformations, see:
    https://jestjs.io/docs/code-transformation

    Details:

    SyntaxError: C:\Users\onlin\.openclaw\workspace\temp-garden\agenticchat\app.js: Identifier 'MessageScheduler' has already been declared. (27915:6)

      27913 |  * @namespace MessageScheduler
      27914 |  */
    > 27915 | const MessageScheduler = (() => {
            |       ^
      27916 |   let _queue = [];          // { id, text, sendAt, timerId }
      27917 |   let _tickId = null;
      27918 |   let _idCounter = 0;

      13 |     localStorage.clear();
      14 |     jest.useFakeTimers();
    > 15 |     require('../app.js');
         |     ^
      16 |     document.dispatchEvent(new Event('DOMContentLoaded'));
      17 |   });
      18 |

      at constructor (node_modules/@babel/parser/src/parse-error.ts:95:45)
      at Parser.toParseError [as raise] (node_modules/@babel/parser/src/tokenizer/index.ts:1504:19)
      at ScopeHandler.raise [as checkRedeclarationInScope] (node_modules/@babel/parser/src/util/scope.ts:164:19)
      at ScopeHandler.checkRedeclarationInScope [as declareName] (node_modules/@babel/parser/src/util/scope.ts:118:12)
      at Parser.declareName [as declareNameFromIdentifier] (node_modules/@babel/parser/src/parser/lval.ts:876:16)
      at Parser.declareNameFromIdentifier [as checkIdentifier] (node_modules/@babel/parser/src/parser/lval.ts:871:12)
      at Parser.checkIdentifier [as checkLVal] (node_modules/@babel/parser/src/parser/lval.ts:763:12)
      at Parser.checkLVal [as parseVarId] (node_modules/@babel/parser/src/parser/statement.ts:1633:10)
      at Parser.parseVarId [as parseVar] (node_modules/@babel/parser/src/parser/statement.ts:1582:12)
      at Parser.parseVar [as parseVarStatement] (node_modules/@babel/parser/src/parser/statement.ts:1251:10)
      at Parser.parseVarStatement [as parseStatementContent] (node_modules/@babel/parser/src/parser/statement.ts:612:21)
      at Parser.parseStatementContent [as parseStatementLike] (node_modules/@babel/parser/src/parser/statement.ts:482:17)
      at Parser.parseStatementLike [as parseModuleItem] (node_modules/@babel/parser/src/parser/statement.ts:419:17)
      at Parser.parseModuleItem [as parseBlockOrModuleBlockBody] (node_modules/@babel/parser/src/parser/statement.ts:1443:16)
      at Parser.parseBlockOrModuleBlockBody [as parseBlockBody] (node_modules/@babel/parser/src/parser/statement.ts:1417:10)
      at Parser.parseBlockBody [as parseProgram] (node_modules/@babel/parser/src/parser/statement.ts:229:10)
      at Parser.parseProgram [as parseTopLevel] (node_modules/@babel/parser/src/parser/statement.ts:203:25)
      at Parser.parseTopLevel [as parse] (node_modules/@babel/parser/src/parser/index.ts:83:25)
      at parse (node_modules/@babel/parser/src/index.ts:86:38)
      at parser (node_modules/@babel/core/src/parser/index.ts:29:19)
          at parser.next (<anonymous>)
      at normalizeFile (node_modules/@babel/core/src/transformation/normalize-file.ts:50:24)
          at normalizeFile.next (<anonymous>)
      at run (node_modules/@babel/core/src/transformation/index.ts:41:36)
          at run.next (<anonymous>)
      at transform (node_modules/@babel/core/src/transform.ts:29:20)
          at transform.next (<anonymous>)
      at evaluateSync (node_modules/gensync/index.js:251:28)
      at sync (node_modules/gensync/index.js:89:14)
      at fn (node_modules/@babel/core/src/errors/rewrite-stack-trace.ts:99:14)
      at transformSync (node_modules/@babel/core/src/transform.ts:66:52)
      at ScriptTransformer.transformSource (node_modules/@jest/transform/build/index.js:415:31)
      at ScriptTransformer._transformAndBuildScript (node_modules/@jest/transform/build/index.js:512:40)
      at ScriptTransformer.transform (node_modules/@jest/transform/build/index.js:551:19)
      at Object.require (tests/typing-speed.test.js:15:5)

  ΓùÅ TypingSpeedMonitor ΓÇ║ initial WPM is 0

    Jest encountered an unexpected token

    Jest failed to parse a file. This happens e.g. when your code or its dependencies use non-standard JavaScript syntax, or when Jest is not configured to support such syntax.

    Out of the box Jest supports Babel, which will be used to transform your files into valid JS based on your Babel configuration.

    By default "node_modules" folder is ignored by transformers.

    Here's what you can do:
     ΓÇó If you are trying to use ECMAScript Modules, see https://jestjs.io/docs/ecmascript-modules for how to enable it.
     ΓÇó If you are trying to use TypeScript, see https://jestjs.io/docs/getting-started#using-typescript
     ΓÇó To have some of your "node_modules" files transformed, you can specify a custom "transformIgnorePatterns" in your config.
     ΓÇó If you need a custom transformation, specify a "transform" option in your config.
     ΓÇó If you simply want to mock your non-JS modules (e.g. binary assets) you can stub them out with the "moduleNameMapper" config option.

    You'll find more details and examples of these config options in the docs:
    https://jestjs.io/docs/configuration
    For information about custom transformations, see:
    https://jestjs.io/docs/code-transformation

    Details:

    SyntaxError: C:\Users\onlin\.openclaw\workspace\temp-garden\agenticchat\app.js: Identifier 'MessageScheduler' has already been declared. (27915:6)

      27913 |  * @namespace MessageScheduler
      27914 |  */
    > 27915 | const MessageScheduler = (() => {
            |       ^
      27916 |   let _queue = [];          // { id, text, sendAt, timerId }
      27917 |   let _tickId = null;
      27918 |   let _idCounter = 0;

      13 |     localStorage.clear();
      14 |     jest.useFakeTimers();
    > 15 |     require('../app.js');
         |     ^
      16 |     document.dispatchEvent(new Event('DOMContentLoaded'));
      17 |   });
      18 |

      at constructor (node_modules/@babel/parser/src/parse-error.ts:95:45)
      at Parser.toParseError [as raise] (node_modules/@babel/parser/src/tokenizer/index.ts:1504:19)
      at ScopeHandler.raise [as checkRedeclarationInScope] (node_modules/@babel/parser/src/util/scope.ts:164:19)
      at ScopeHandler.checkRedeclarationInScope [as declareName] (node_modules/@babel/parser/src/util/scope.ts:118:12)
      at Parser.declareName [as declareNameFromIdentifier] (node_modules/@babel/parser/src/parser/lval.ts:876:16)
      at Parser.declareNameFromIdentifier [as checkIdentifier] (node_modules/@babel/parser/src/parser/lval.ts:871:12)
      at Parser.checkIdentifier [as checkLVal] (node_modules/@babel/parser/src/parser/lval.ts:763:12)
      at Parser.checkLVal [as parseVarId] (node_modules/@babel/parser/src/parser/statement.ts:1633:10)
      at Parser.parseVarId [as parseVar] (node_modules/@babel/parser/src/parser/statement.ts:1582:12)
      at Parser.parseVar [as parseVarStatement] (node_modules/@babel/parser/src/parser/statement.ts:1251:10)
      at Parser.parseVarStatement [as parseStatementContent] (node_modules/@babel/parser/src/parser/statement.ts:612:21)
      at Parser.parseStatementContent [as parseStatementLike] (node_modules/@babel/parser/src/parser/statement.ts:482:17)
      at Parser.parseStatementLike [as parseModuleItem] (node_modules/@babel/parser/src/parser/statement.ts:419:17)
      at Parser.parseModuleItem [as parseBlockOrModuleBlockBody] (node_modules/@babel/parser/src/parser/statement.ts:1443:16)
      at Parser.parseBlockOrModuleBlockBody [as parseBlockBody] (node_modules/@babel/parser/src/parser/statement.ts:1417:10)
      at Parser.parseBlockBody [as parseProgram] (node_modules/@babel/parser/src/parser/statement.ts:229:10)
      at Parser.parseProgram [as parseTopLevel] (node_modules/@babel/parser/src/parser/statement.ts:203:25)
      at Parser.parseTopLevel [as parse] (node_modules/@babel/parser/src/parser/index.ts:83:25)
      at parse (node_modules/@babel/parser/src/index.ts:86:38)
      at parser (node_modules/@babel/core/src/parser/index.ts:29:19)
          at parser.next (<anonymous>)
      at normalizeFile (node_modules/@babel/core/src/transformation/normalize-file.ts:50:24)
          at normalizeFile.next (<anonymous>)
      at run (node_modules/@babel/core/src/transformation/index.ts:41:36)
          at run.next (<anonymous>)
      at transform (node_modules/@babel/core/src/transform.ts:29:20)
          at transform.next (<anonymous>)
      at evaluateSync (node_modules/gensync/index.js:251:28)
      at sync (node_modules/gensync/index.js:89:14)
      at fn (node_modules/@babel/core/src/errors/rewrite-stack-trace.ts:99:14)
      at transformSync (node_modules/@babel/core/src/transform.ts:66:52)
      at ScriptTransformer.transformSource (node_modules/@jest/transform/build/index.js:415:31)
      at ScriptTransformer._transformAndBuildScript (node_modules/@jest/transform/build/index.js:512:40)
      at ScriptTransformer.transform (node_modules/@jest/transform/build/index.js:551:19)
      at Object.require (tests/typing-speed.test.js:15:5)

  ΓùÅ TypingSpeedMonitor ΓÇ║ indicator element shows 0 initially

    Jest encountered an unexpected token

    Jest failed to parse a file. This happens e.g. when your code or its dependencies use non-standard JavaScript syntax, or when Jest is not configured to support such syntax.

    Out of the box Jest supports Babel, which will be used to transform your files into valid JS based on your Babel configuration.

    By default "node_modules" folder is ignored by transformers.

    Here's what you can do:
     ΓÇó If you are trying to use ECMAScript Modules, see https://jestjs.io/docs/ecmascript-modules for how to enable it.
     ΓÇó If you are trying to use TypeScript, see https://jestjs.io/docs/getting-started#using-typescript
     ΓÇó To have some of your "node_modules" files transformed, you can specify a custom "transformIgnorePatterns" in your config.
     ΓÇó If you need a custom transformation, specify a "transform" option in your config.
     ΓÇó If you simply want to mock your non-JS modules (e.g. binary assets) you can stub them out with the "moduleNameMapper" config option.

    You'll find more details and examples of these config options in the docs:
    https://jestjs.io/docs/configuration
    For information about custom transformations, see:
    https://jestjs.io/docs/code-transformation

    Details:

    SyntaxError: C:\Users\onlin\.openclaw\workspace\temp-garden\agenticchat\app.js: Identifier 'MessageScheduler' has already been declared. (27915:6)

      27913 |  * @namespace MessageScheduler
      27914 |  */
    > 27915 | const MessageScheduler = (() => {
            |       ^
      27916 |   let _queue = [];          // { id, text, sendAt, timerId }
      27917 |   let _tickId = null;
      27918 |   let _idCounter = 0;

      13 |     localStorage.clear();
      14 |     jest.useFakeTimers();
    > 15 |     require('../app.js');
         |     ^
      16 |     document.dispatchEvent(new Event('DOMContentLoaded'));
      17 |   });
      18 |

      at constructor (node_modules/@babel/parser/src/parse-error.ts:95:45)
      at Parser.toParseError [as raise] (node_modules/@babel/parser/src/tokenizer/index.ts:1504:19)
      at ScopeHandler.raise [as checkRedeclarationInScope] (node_modules/@babel/parser/src/util/scope.ts:164:19)
      at ScopeHandler.checkRedeclarationInScope [as declareName] (node_modules/@babel/parser/src/util/scope.ts:118:12)
      at Parser.declareName [as declareNameFromIdentifier] (node_modules/@babel/parser/src/parser/lval.ts:876:16)
      at Parser.declareNameFromIdentifier [as checkIdentifier] (node_modules/@babel/parser/src/parser/lval.ts:871:12)
      at Parser.checkIdentifier [as checkLVal] (node_modules/@babel/parser/src/parser/lval.ts:763:12)
      at Parser.checkLVal [as parseVarId] (node_modules/@babel/parser/src/parser/statement.ts:1633:10)
      at Parser.parseVarId [as parseVar] (node_modules/@babel/parser/src/parser/statement.ts:1582:12)
      at Parser.parseVar [as parseVarStatement] (node_modules/@babel/parser/src/parser/statement.ts:1251:10)
      at Parser.parseVarStatement [as parseStatementContent] (node_modules/@babel/parser/src/parser/statement.ts:612:21)
      at Parser.parseStatementContent [as parseStatementLike] (node_modules/@babel/parser/src/parser/statement.ts:482:17)
      at Parser.parseStatementLike [as parseModuleItem] (node_modules/@babel/parser/src/parser/statement.ts:419:17)
      at Parser.parseModuleItem [as parseBlockOrModuleBlockBody] (node_modules/@babel/parser/src/parser/statement.ts:1443:16)
      at Parser.parseBlockOrModuleBlockBody [as parseBlockBody] (node_modules/@babel/parser/src/parser/statement.ts:1417:10)
      at Parser.parseBlockBody [as parseProgram] (node_modules/@babel/parser/src/parser/statement.ts:229:10)
      at Parser.parseProgram [as parseTopLevel] (node_modules/@babel/parser/src/parser/statement.ts:203:25)
      at Parser.parseTopLevel [as parse] (node_modules/@babel/parser/src/parser/index.ts:83:25)
      at parse (node_modules/@babel/parser/src/index.ts:86:38)
      at parser (node_modules/@babel/core/src/parser/index.ts:29:19)
          at parser.next (<anonymous>)
      at normalizeFile (node_modules/@babel/core/src/transformation/normalize-file.ts:50:24)
          at normalizeFile.next (<anonymous>)
      at run (node_modules/@babel/core/src/transformation/index.ts:41:36)
          at run.next (<anonymous>)
      at transform (node_modules/@babel/core/src/transform.ts:29:20)
          at transform.next (<anonymous>)
      at evaluateSync (node_modules/gensync/index.js:251:28)
      at sync (node_modules/gensync/index.js:89:14)
      at fn (node_modules/@babel/core/src/errors/rewrite-stack-trace.ts:99:14)
      at transformSync (node_modules/@babel/core/src/transform.ts:66:52)
      at ScriptTransformer.transformSource (node_modules/@jest/transform/build/index.js:415:31)
      at ScriptTransformer._transformAndBuildScript (node_modules/@jest/transform/build/index.js:512:40)
      at ScriptTransformer.transform (node_modules/@jest/transform/build/index.js:551:19)
      at Object.require (tests/typing-speed.test.js:15:5)

  ΓùÅ TypingSpeedMonitor ΓÇ║ dashboard overlay is created

    Jest encountered an unexpected token

    Jest failed to parse a file. This happens e.g. when your code or its dependencies use non-standard JavaScript syntax, or when Jest is not configured to support such syntax.

    Out of the box Jest supports Babel, which will be used to transform your files into valid JS based on your Babel configuration.

    By default "node_modules" folder is ignored by transformers.

    Here's what you can do:
     ΓÇó If you are trying to use ECMAScript Modules, see https://jestjs.io/docs/ecmascript-modules for how to enable it.
     ΓÇó If you are trying to use TypeScript, see https://jestjs.io/docs/getting-started#using-typescript
     ΓÇó To have some of your "node_modules" files transformed, you can specify a custom "transformIgnorePatterns" in your config.
     ΓÇó If you need a custom transformation, specify a "transform" option in your config.
     ΓÇó If you simply want to mock your non-JS modules (e.g. binary assets) you can stub them out with the "moduleNameMapper" config option.

    You'll find more details and examples of these config options in the docs:
    https://jestjs.io/docs/configuration
    For information about custom transformations, see:
    https://jestjs.io/docs/code-transformation

    Details:

    SyntaxError: C:\Users\onlin\.openclaw\workspace\temp-garden\agenticchat\app.js: Identifier 'MessageScheduler' has already been declared. (27915:6)

      27913 |  * @namespace MessageScheduler
      27914 |  */
    > 27915 | const MessageScheduler = (() => {
            |       ^
      27916 |   let _queue = [];          // { id, text, sendAt, timerId }
      27917 |   let _tickId = null;
      27918 |   let _idCounter = 0;

      13 |     localStorage.clear();
      14 |     jest.useFakeTimers();
    > 15 |     require('../app.js');
         |     ^
      16 |     document.dispatchEvent(new Event('DOMContentLoaded'));
      17 |   });
      18 |

      at constructor (node_modules/@babel/parser/src/parse-error.ts:95:45)
      at Parser.toParseError [as raise] (node_modules/@babel/parser/src/tokenizer/index.ts:1504:19)
      at ScopeHandler.raise [as checkRedeclarationInScope] (node_modules/@babel/parser/src/util/scope.ts:164:19)
      at ScopeHandler.checkRedeclarationInScope [as declareName] (node_modules/@babel/parser/src/util/scope.ts:118:12)
      at Parser.declareName [as declareNameFromIdentifier] (node_modules/@babel/parser/src/parser/lval.ts:876:16)
      at Parser.declareNameFromIdentifier [as checkIdentifier] (node_modules/@babel/parser/src/parser/lval.ts:871:12)
      at Parser.checkIdentifier [as checkLVal] (node_modules/@babel/parser/src/parser/lval.ts:763:12)
      at Parser.checkLVal [as parseVarId] (node_modules/@babel/parser/src/parser/statement.ts:1633:10)
      at Parser.parseVarId [as parseVar] (node_modules/@babel/parser/src/parser/statement.ts:1582:12)
      at Parser.parseVar [as parseVarStatement] (node_modules/@babel/parser/src/parser/statement.ts:1251:10)
      at Parser.parseVarStatement [as parseStatementContent] (node_modules/@babel/parser/src/parser/statement.ts:612:21)
      at Parser.parseStatementContent [as parseStatementLike] (node_modules/@babel/parser/src/parser/statement.ts:482:17)
      at Parser.parseStatementLike [as parseModuleItem] (node_modules/@babel/parser/src/parser/statement.ts:419:17)
      at Parser.parseModuleItem [as parseBlockOrModuleBlockBody] (node_modules/@babel/parser/src/parser/statement.ts:1443:16)
      at Parser.parseBlockOrModuleBlockBody [as parseBlockBody] (node_modules/@babel/parser/src/parser/statement.ts:1417:10)
      at Parser.parseBlockBody [as parseProgram] (node_modules/@babel/parser/src/parser/statement.ts:229:10)
      at Parser.parseProgram [as parseTopLevel] (node_modules/@babel/parser/src/parser/statement.ts:203:25)
      at Parser.parseTopLevel [as parse] (node_modules/@babel/parser/src/parser/index.ts:83:25)
      at parse (node_modules/@babel/parser/src/index.ts:86:38)
      at parser (node_modules/@babel/core/src/parser/index.ts:29:19)
          at parser.next (<anonymous>)
      at normalizeFile (node_modules/@babel/core/src/transformation/normalize-file.ts:50:24)
          at normalizeFile.next (<anonymous>)
      at run (node_modules/@babel/core/src/transformation/index.ts:41:36)
          at run.next (<anonymous>)
      at transform (node_modules/@babel/core/src/transform.ts:29:20)
          at transform.next (<anonymous>)
      at evaluateSync (node_modules/gensync/index.js:251:28)
      at sync (node_modules/gensync/index.js:89:14)
      at fn (node_modules/@babel/core/src/errors/rewrite-stack-trace.ts:99:14)
      at transformSync (node_modules/@babel/core/src/transform.ts:66:52)
      at ScriptTransformer.transformSource (node_modules/@jest/transform/build/index.js:415:31)
      at ScriptTransformer._transformAndBuildScript (node_modules/@jest/transform/build/index.js:512:40)
      at ScriptTransformer.transform (node_modules/@jest/transform/build/index.js:551:19)
      at Object.require (tests/typing-speed.test.js:15:5)

  ΓùÅ TypingSpeedMonitor ΓÇ║ dashboard is hidden by default

    Jest encountered an unexpected token

    Jest failed to parse a file. This happens e.g. when your code or its dependencies use non-standard JavaScript syntax, or when Jest is not configured to support such syntax.

    Out of the box Jest supports Babel, which will be used to transform your files into valid JS based on your Babel configuration.

    By default "node_modules" folder is ignored by transformers.

    Here's what you can do:
     ΓÇó If you are trying to use ECMAScript Modules, see https://jestjs.io/docs/ecmascript-modules for how to enable it.
     ΓÇó If you are trying to use TypeScript, see https://jestjs.io/docs/getting-started#using-typescript
     ΓÇó To have some of your "node_modules" files transformed, you can specify a custom "transformIgnorePatterns" in your config.
     ΓÇó If you need a custom transformation, specify a "transform" option in your config.
     ΓÇó If you simply want to mock your non-JS modules (e.g. binary assets) you can stub them out with the "moduleNameMapper" config option.

    You'll find more details and examples of these config options in the docs:
    https://jestjs.io/docs/configuration
    For information about custom transformations, see:
    https://jestjs.io/docs/code-transformation

    Details:

    SyntaxError: C:\Users\onlin\.openclaw\workspace\temp-garden\agenticchat\app.js: Identifier 'MessageScheduler' has already been declared. (27915:6)

      27913 |  * @namespace MessageScheduler
      27914 |  */
    > 27915 | const MessageScheduler = (() => {
            |       ^
      27916 |   let _queue = [];          // { id, text, sendAt, timerId }
      27917 |   let _tickId = null;
      27918 |   let _idCounter = 0;

      13 |     localStorage.clear();
      14 |     jest.useFakeTimers();
    > 15 |     require('../app.js');
         |     ^
      16 |     document.dispatchEvent(new Event('DOMContentLoaded'));
      17 |   });
      18 |

      at constructor (node_modules/@babel/parser/src/parse-error.ts:95:45)
      at Parser.toParseError [as raise] (node_modules/@babel/parser/src/tokenizer/index.ts:1504:19)
      at ScopeHandler.raise [as checkRedeclarationInScope] (node_modules/@babel/parser/src/util/scope.ts:164:19)
      at ScopeHandler.checkRedeclarationInScope [as declareName] (node_modules/@babel/parser/src/util/scope.ts:118:12)
      at Parser.declareName [as declareNameFromIdentifier] (node_modules/@babel/parser/src/parser/lval.ts:876:16)
      at Parser.declareNameFromIdentifier [as checkIdentifier] (node_modules/@babel/parser/src/parser/lval.ts:871:12)
      at Parser.checkIdentifier [as checkLVal] (node_modules/@babel/parser/src/parser/lval.ts:763:12)
      at Parser.checkLVal [as parseVarId] (node_modules/@babel/parser/src/parser/statement.ts:1633:10)
      at Parser.parseVarId [as parseVar] (node_modules/@babel/parser/src/parser/statement.ts:1582:12)
      at Parser.parseVar [as parseVarStatement] (node_modules/@babel/parser/src/parser/statement.ts:1251:10)
      at Parser.parseVarStatement [as parseStatementContent] (node_modules/@babel/parser/src/parser/statement.ts:612:21)
      at Parser.parseStatementContent [as parseStatementLike] (node_modules/@babel/parser/src/parser/statement.ts:482:17)
      at Parser.parseStatementLike [as parseModuleItem] (node_modules/@babel/parser/src/parser/statement.ts:419:17)
      at Parser.parseModuleItem [as parseBlockOrModuleBlockBody] (node_modules/@babel/parser/src/parser/statement.ts:1443:16)
      at Parser.parseBlockOrModuleBlockBody [as parseBlockBody] (node_modules/@babel/parser/src/parser/statement.ts:1417:10)
      at Parser.parseBlockBody [as parseProgram] (node_modules/@babel/parser/src/parser/statement.ts:229:10)
      at Parser.parseProgram [as parseTopLevel] (node_modules/@babel/parser/src/parser/statement.ts:203:25)
      at Parser.parseTopLevel [as parse] (node_modules/@babel/parser/src/parser/index.ts:83:25)
      at parse (node_modules/@babel/parser/src/index.ts:86:38)
      at parser (node_modules/@babel/core/src/parser/index.ts:29:19)
          at parser.next (<anonymous>)
      at normalizeFile (node_modules/@babel/core/src/transformation/normalize-file.ts:50:24)
          at normalizeFile.next (<anonymous>)
      at run (node_modules/@babel/core/src/transformation/index.ts:41:36)
          at run.next (<anonymous>)
      at transform (node_modules/@babel/core/src/transform.ts:29:20)
          at transform.next (<anonymous>)
      at evaluateSync (node_modules/gensync/index.js:251:28)
      at sync (node_modules/gensync/index.js:89:14)
      at fn (node_modules/@babel/core/src/errors/rewrite-stack-trace.ts:99:14)
      at transformSync (node_modules/@babel/core/src/transform.ts:66:52)
      at ScriptTransformer.transformSource (node_modules/@jest/transform/build/index.js:415:31)
      at ScriptTransformer._transformAndBuildScript (node_modules/@jest/transform/build/index.js:512:40)
      at ScriptTransformer.transform (node_modules/@jest/transform/build/index.js:551:19)
      at Object.require (tests/typing-speed.test.js:15:5)

  ΓùÅ TypingSpeedMonitor ΓÇ║ open() shows dashboard

    Jest encountered an unexpected token

    Jest failed to parse a file. This happens e.g. when your code or its dependencies use non-standard JavaScript syntax, or when Jest is not configured to support such syntax.

    Out of the box Jest supports Babel, which will be used to transform your files into valid JS based on your Babel configuration.

    By default "node_modules" folder is ignored by transformers.

    Here's what you can do:
     ΓÇó If you are trying to use ECMAScript Modules, see https://jestjs.io/docs/ecmascript-modules for how to enable it.
     ΓÇó If you are trying to use TypeScript, see https://jestjs.io/docs/getting-started#using-typescript
     ΓÇó To have some of your "node_modules" files transformed, you can specify a custom "transformIgnorePatterns" in your config.
     ΓÇó If you need a custom transformation, specify a "transform" option in your config.
     ΓÇó If you simply want to mock your non-JS modules (e.g. binary assets) you can stub them out with the "moduleNameMapper" config option.

    You'll find more details and examples of these config options in the docs:
    https://jestjs.io/docs/configuration
    For information about custom transformations, see:
    https://jestjs.io/docs/code-transformation

    Details:

    SyntaxError: C:\Users\onlin\.openclaw\workspace\temp-garden\agenticchat\app.js: Identifier 'MessageScheduler' has already been declared. (27915:6)

      27913 |  * @namespace MessageScheduler
      27914 |  */
    > 27915 | const MessageScheduler = (() => {
            |       ^
      27916 |   let _queue = [];          // { id, text, sendAt, timerId }
      27917 |   let _tickId = null;
      27918 |   let _idCounter = 0;

      13 |     localStorage.clear();
      14 |     jest.useFakeTimers();
    > 15 |     require('../app.js');
         |     ^
      16 |     document.dispatchEvent(new Event('DOMContentLoaded'));
      17 |   });
      18 |

      at constructor (node_modules/@babel/parser/src/parse-error.ts:95:45)
      at Parser.toParseError [as raise] (node_modules/@babel/parser/src/tokenizer/index.ts:1504:19)
      at ScopeHandler.raise [as checkRedeclarationInScope] (node_modules/@babel/parser/src/util/scope.ts:164:19)
      at ScopeHandler.checkRedeclarationInScope [as declareName] (node_modules/@babel/parser/src/util/scope.ts:118:12)
      at Parser.declareName [as declareNameFromIdentifier] (node_modules/@babel/parser/src/parser/lval.ts:876:16)
      at Parser.declareNameFromIdentifier [as checkIdentifier] (node_modules/@babel/parser/src/parser/lval.ts:871:12)
      at Parser.checkIdentifier [as checkLVal] (node_modules/@babel/parser/src/parser/lval.ts:763:12)
      at Parser.checkLVal [as parseVarId] (node_modules/@babel/parser/src/parser/statement.ts:1633:10)
      at Parser.parseVarId [as parseVar] (node_modules/@babel/parser/src/parser/statement.ts:1582:12)
      at Parser.parseVar [as parseVarStatement] (node_modules/@babel/parser/src/parser/statement.ts:1251:10)
      at Parser.parseVarStatement [as parseStatementContent] (node_modules/@babel/parser/src/parser/statement.ts:612:21)
      at Parser.parseStatementContent [as parseStatementLike] (node_modules/@babel/parser/src/parser/statement.ts:482:17)
      at Parser.parseStatementLike [as parseModuleItem] (node_modules/@babel/parser/src/parser/statement.ts:419:17)
      at Parser.parseModuleItem [as parseBlockOrModuleBlockBody] (node_modules/@babel/parser/src/parser/statement.ts:1443:16)
      at Parser.parseBlockOrModuleBlockBody [as parseBlockBody] (node_modules/@babel/parser/src/parser/statement.ts:1417:10)
      at Parser.parseBlockBody [as parseProgram] (node_modules/@babel/parser/src/parser/statement.ts:229:10)
      at Parser.parseProgram [as parseTopLevel] (node_modules/@babel/parser/src/parser/statement.ts:203:25)
      at Parser.parseTopLevel [as parse] (node_modules/@babel/parser/src/parser/index.ts:83:25)
      at parse (node_modules/@babel/parser/src/index.ts:86:38)
      at parser (node_modules/@babel/core/src/parser/index.ts:29:19)
          at parser.next (<anonymous>)
      at normalizeFile (node_modules/@babel/core/src/transformation/normalize-file.ts:50:24)
          at normalizeFile.next (<anonymous>)
      at run (node_modules/@babel/core/src/transformation/index.ts:41:36)
          at run.next (<anonymous>)
      at transform (node_modules/@babel/core/src/transform.ts:29:20)
          at transform.next (<anonymous>)
      at evaluateSync (node_modules/gensync/index.js:251:28)
      at sync (node_modules/gensync/index.js:89:14)
      at fn (node_modules/@babel/core/src/errors/rewrite-stack-trace.ts:99:14)
      at transformSync (node_modules/@babel/core/src/transform.ts:66:52)
      at ScriptTransformer.transformSource (node_modules/@jest/transform/build/index.js:415:31)
      at ScriptTransformer._transformAndBuildScript (node_modules/@jest/transform/build/index.js:512:40)
      at ScriptTransformer.transform (node_modules/@jest/transform/build/index.js:551:19)
      at Object.require (tests/typing-speed.test.js:15:5)

  ΓùÅ TypingSpeedMonitor ΓÇ║ close() hides dashboard

    Jest encountered an unexpected token

    Jest failed to parse a file. This happens e.g. when your code or its dependencies use non-standard JavaScript syntax, or when Jest is not configured to support such syntax.

    Out of the box Jest supports Babel, which will be used to transform your files into valid JS based on your Babel configuration.

    By default "node_modules" folder is ignored by transformers.

    Here's what you can do:
     ΓÇó If you are trying to use ECMAScript Modules, see https://jestjs.io/docs/ecmascript-modules for how to enable it.
     ΓÇó If you are trying to use TypeScript, see https://jestjs.io/docs/getting-started#using-typescript
     ΓÇó To have some of your "node_modules" files transformed, you can specify a custom "transformIgnorePatterns" in your config.
     ΓÇó If you need a custom transformation, specify a "transform" option in your config.
     ΓÇó If you simply want to mock your non-JS modules (e.g. binary assets) you can stub them out with the "moduleNameMapper" config option.

    You'll find more details and examples of these config options in the docs:
    https://jestjs.io/docs/configuration
    For information about custom transformations, see:
    https://jestjs.io/docs/code-transformation

    Details:

    SyntaxError: C:\Users\onlin\.openclaw\workspace\temp-garden\agenticchat\app.js: Identifier 'MessageScheduler' has already been declared. (27915:6)

      27913 |  * @namespace MessageScheduler
      27914 |  */
    > 27915 | const MessageScheduler = (() => {
            |       ^
      27916 |   let _queue = [];          // { id, text, sendAt, timerId }
      27917 |   let _tickId = null;
      27918 |   let _idCounter = 0;

      13 |     localStorage.clear();
      14 |     jest.useFakeTimers();
    > 15 |     require('../app.js');
         |     ^
      16 |     document.dispatchEvent(new Event('DOMContentLoaded'));
      17 |   });
      18 |

      at constructor (node_modules/@babel/parser/src/parse-error.ts:95:45)
      at Parser.toParseError [as raise] (node_modules/@babel/parser/src/tokenizer/index.ts:1504:19)
      at ScopeHandler.raise [as checkRedeclarationInScope] (node_modules/@babel/parser/src/util/scope.ts:164:19)
      at ScopeHandler.checkRedeclarationInScope [as declareName] (node_modules/@babel/parser/src/util/scope.ts:118:12)
      at Parser.declareName [as declareNameFromIdentifier] (node_modules/@babel/parser/src/parser/lval.ts:876:16)
      at Parser.declareNameFromIdentifier [as checkIdentifier] (node_modules/@babel/parser/src/parser/lval.ts:871:12)
      at Parser.checkIdentifier [as checkLVal] (node_modules/@babel/parser/src/parser/lval.ts:763:12)
      at Parser.checkLVal [as parseVarId] (node_modules/@babel/parser/src/parser/statement.ts:1633:10)
      at Parser.parseVarId [as parseVar] (node_modules/@babel/parser/src/parser/statement.ts:1582:12)
      at Parser.parseVar [as parseVarStatement] (node_modules/@babel/parser/src/parser/statement.ts:1251:10)
      at Parser.parseVarStatement [as parseStatementContent] (node_modules/@babel/parser/src/parser/statement.ts:612:21)
      at Parser.parseStatementContent [as parseStatementLike] (node_modules/@babel/parser/src/parser/statement.ts:482:17)
      at Parser.parseStatementLike [as parseModuleItem] (node_modules/@babel/parser/src/parser/statement.ts:419:17)
      at Parser.parseModuleItem [as parseBlockOrModuleBlockBody] (node_modules/@babel/parser/src/parser/statement.ts:1443:16)
      at Parser.parseBlockOrModuleBlockBody [as parseBlockBody] (node_modules/@babel/parser/src/parser/statement.ts:1417:10)
      at Parser.parseBlockBody [as parseProgram] (node_modules/@babel/parser/src/parser/statement.ts:229:10)
      at Parser.parseProgram [as parseTopLevel] (node_modules/@babel/parser/src/parser/statement.ts:203:25)
      at Parser.parseTopLevel [as parse] (node_modules/@babel/parser/src/parser/index.ts:83:25)
      at parse (node_modules/@babel/parser/src/index.ts:86:38)
      at parser (node_modules/@babel/core/src/parser/index.ts:29:19)
          at parser.next (<anonymous>)
      at normalizeFile (node_modules/@babel/core/src/transformation/normalize-file.ts:50:24)
          at normalizeFile.next (<anonymous>)
      at run (node_modules/@babel/core/src/transformation/index.ts:41:36)
          at run.next (<anonymous>)
      at transform (node_modules/@babel/core/src/transform.ts:29:20)
          at transform.next (<anonymous>)
      at evaluateSync (node_modules/gensync/index.js:251:28)
      at sync (node_modules/gensync/index.js:89:14)
      at fn (node_modules/@babel/core/src/errors/rewrite-stack-trace.ts:99:14)
      at transformSync (node_modules/@babel/core/src/transform.ts:66:52)
      at ScriptTransformer.transformSource (node_modules/@jest/transform/build/index.js:415:31)
      at ScriptTransformer._transformAndBuildScript (node_modules/@jest/transform/build/index.js:512:40)
      at ScriptTransformer.transform (node_modules/@jest/transform/build/index.js:551:19)
      at Object.require (tests/typing-speed.test.js:15:5)

  ΓùÅ TypingSpeedMonitor ΓÇ║ toggle() opens then closes

    Jest encountered an unexpected token

    Jest failed to parse a file. This happens e.g. when your code or its dependencies use non-standard JavaScript syntax, or when Jest is not configured to support such syntax.

    Out of the box Jest supports Babel, which will be used to transform your files into valid JS based on your Babel configuration.

    By default "node_modules" folder is ignored by transformers.

    Here's what you can do:
     ΓÇó If you are trying to use ECMAScript Modules, see https://jestjs.io/docs/ecmascript-modules for how to enable it.
     ΓÇó If you are trying to use TypeScript, see https://jestjs.io/docs/getting-started#using-typescript
     ΓÇó To have some of your "node_modules" files transformed, you can specify a custom "transformIgnorePatterns" in your config.
     ΓÇó If you need a custom transformation, specify a "transform" option in your config.
     ΓÇó If you simply want to mock your non-JS modules (e.g. binary assets) you can stub them out with the "moduleNameMapper" config option.

    You'll find more details and examples of these config options in the docs:
    https://jestjs.io/docs/configuration
    For information about custom transformations, see:
    https://jestjs.io/docs/code-transformation

    Details:

    SyntaxError: C:\Users\onlin\.openclaw\workspace\temp-garden\agenticchat\app.js: Identifier 'MessageScheduler' has already been declared. (27915:6)

      27913 |  * @namespace MessageScheduler
      27914 |  */
    > 27915 | const MessageScheduler = (() => {
            |       ^
      27916 |   let _queue = [];          // { id, text, sendAt, timerId }
      27917 |   let _tickId = null;
      27918 |   let _idCounter = 0;

      13 |     localStorage.clear();
      14 |     jest.useFakeTimers();
    > 15 |     require('../app.js');
         |     ^
      16 |     document.dispatchEvent(new Event('DOMContentLoaded'));
      17 |   });
      18 |

      at constructor (node_modules/@babel/parser/src/parse-error.ts:95:45)
      at Parser.toParseError [as raise] (node_modules/@babel/parser/src/tokenizer/index.ts:1504:19)
      at ScopeHandler.raise [as checkRedeclarationInScope] (node_modules/@babel/parser/src/util/scope.ts:164:19)
      at ScopeHandler.checkRedeclarationInScope [as declareName] (node_modules/@babel/parser/src/util/scope.ts:118:12)
      at Parser.declareName [as declareNameFromIdentifier] (node_modules/@babel/parser/src/parser/lval.ts:876:16)
      at Parser.declareNameFromIdentifier [as checkIdentifier] (node_modules/@babel/parser/src/parser/lval.ts:871:12)
      at Parser.checkIdentifier [as checkLVal] (node_modules/@babel/parser/src/parser/lval.ts:763:12)
      at Parser.checkLVal [as parseVarId] (node_modules/@babel/parser/src/parser/statement.ts:1633:10)
      at Parser.parseVarId [as parseVar] (node_modules/@babel/parser/src/parser/statement.ts:1582:12)
      at Parser.parseVar [as parseVarStatement] (node_modules/@babel/parser/src/parser/statement.ts:1251:10)
      at Parser.parseVarStatement [as parseStatementContent] (node_modules/@babel/parser/src/parser/statement.ts:612:21)
      at Parser.parseStatementContent [as parseStatementLike] (node_modules/@babel/parser/src/parser/statement.ts:482:17)
      at Parser.parseStatementLike [as parseModuleItem] (node_modules/@babel/parser/src/parser/statement.ts:419:17)
      at Parser.parseModuleItem [as parseBlockOrModuleBlockBody] (node_modules/@babel/parser/src/parser/statement.ts:1443:16)
      at Parser.parseBlockOrModuleBlockBody [as parseBlockBody] (node_modules/@babel/parser/src/parser/statement.ts:1417:10)
      at Parser.parseBlockBody [as parseProgram] (node_modules/@babel/parser/src/parser/statement.ts:229:10)
      at Parser.parseProgram [as parseTopLevel] (node_modules/@babel/parser/src/parser/statement.ts:203:25)
      at Parser.parseTopLevel [as parse] (node_modules/@babel/parser/src/parser/index.ts:83:25)
      at parse (node_modules/@babel/parser/src/index.ts:86:38)
      at parser (node_modules/@babel/core/src/parser/index.ts:29:19)
          at parser.next (<anonymous>)
      at normalizeFile (node_modules/@babel/core/src/transformation/normalize-file.ts:50:24)
          at normalizeFile.next (<anonymous>)
      at run (node_modules/@babel/core/src/transformation/index.ts:41:36)
          at run.next (<anonymous>)
      at transform (node_modules/@babel/core/src/transform.ts:29:20)
          at transform.next (<anonymous>)
      at evaluateSync (node_modules/gensync/index.js:251:28)
      at sync (node_modules/gensync/index.js:89:14)
      at fn (node_modules/@babel/core/src/errors/rewrite-stack-trace.ts:99:14)
      at transformSync (node_modules/@babel/core/src/transform.ts:66:52)
      at ScriptTransformer.transformSource (node_modules/@jest/transform/build/index.js:415:31)
      at ScriptTransformer._transformAndBuildScript (node_modules/@jest/transform/build/index.js:512:40)
      at ScriptTransformer.transform (node_modules/@jest/transform/build/index.js:551:19)
      at Object.require (tests/typing-speed.test.js:15:5)

  ΓùÅ TypingSpeedMonitor ΓÇ║ reset() clears all stats

    Jest encountered an unexpected token

    Jest failed to parse a file. This happens e.g. when your code or its dependencies use non-standard JavaScript syntax, or when Jest is not configured to support such syntax.

    Out of the box Jest supports Babel, which will be used to transform your files into valid JS based on your Babel configuration.

    By default "node_modules" folder is ignored by transformers.

    Here's what you can do:
     ΓÇó If you are trying to use ECMAScript Modules, see https://jestjs.io/docs/ecmascript-modules for how to enable it.
     ΓÇó If you are trying to use TypeScript, see https://jestjs.io/docs/getting-started#using-typescript
     ΓÇó To have some of your "node_modules" files transformed, you can specify a custom "transformIgnorePatterns" in your config.
     ΓÇó If you need a custom transformation, specify a "transform" option in your config.
     ΓÇó If you simply want to mock your non-JS modules (e.g. binary assets) you can stub them out with the "moduleNameMapper" config option.

    You'll find more details and examples of these config options in the docs:
    https://jestjs.io/docs/configuration
    For information about custom transformations, see:
    https://jestjs.io/docs/code-transformation

    Details:

    SyntaxError: C:\Users\onlin\.openclaw\workspace\temp-garden\agenticchat\app.js: Identifier 'MessageScheduler' has already been declared. (27915:6)

      27913 |  * @namespace MessageScheduler
      27914 |  */
    > 27915 | const MessageScheduler = (() => {
            |       ^
      27916 |   let _queue = [];          // { id, text, sendAt, timerId }
      27917 |   let _tickId = null;
      27918 |   let _idCounter = 0;

      13 |     localStorage.clear();
      14 |     jest.useFakeTimers();
    > 15 |     require('../app.js');
         |     ^
      16 |     document.dispatchEvent(new Event('DOMContentLoaded'));
      17 |   });
      18 |

      at constructor (node_modules/@babel/parser/src/parse-error.ts:95:45)
      at Parser.toParseError [as raise] (node_modules/@babel/parser/src/tokenizer/index.ts:1504:19)
      at ScopeHandler.raise [as checkRedeclarationInScope] (node_modules/@babel/parser/src/util/scope.ts:164:19)
      at ScopeHandler.checkRedeclarationInScope [as declareName] (node_modules/@babel/parser/src/util/scope.ts:118:12)
      at Parser.declareName [as declareNameFromIdentifier] (node_modules/@babel/parser/src/parser/lval.ts:876:16)
      at Parser.declareNameFromIdentifier [as checkIdentifier] (node_modules/@babel/parser/src/parser/lval.ts:871:12)
      at Parser.checkIdentifier [as checkLVal] (node_modules/@babel/parser/src/parser/lval.ts:763:12)
      at Parser.checkLVal [as parseVarId] (node_modules/@babel/parser/src/parser/statement.ts:1633:10)
      at Parser.parseVarId [as parseVar] (node_modules/@babel/parser/src/parser/statement.ts:1582:12)
      at Parser.parseVar [as parseVarStatement] (node_modules/@babel/parser/src/parser/statement.ts:1251:10)
      at Parser.parseVarStatement [as parseStatementContent] (node_modules/@babel/parser/src/parser/statement.ts:612:21)
      at Parser.parseStatementContent [as parseStatementLike] (node_modules/@babel/parser/src/parser/statement.ts:482:17)
      at Parser.parseStatementLike [as parseModuleItem] (node_modules/@babel/parser/src/parser/statement.ts:419:17)
      at Parser.parseModuleItem [as parseBlockOrModuleBlockBody] (node_modules/@babel/parser/src/parser/statement.ts:1443:16)
      at Parser.parseBlockOrModuleBlockBody [as parseBlockBody] (node_modules/@babel/parser/src/parser/statement.ts:1417:10)
      at Parser.parseBlockBody [as parseProgram] (node_modules/@babel/parser/src/parser/statement.ts:229:10)
      at Parser.parseProgram [as parseTopLevel] (node_modules/@babel/parser/src/parser/statement.ts:203:25)
      at Parser.parseTopLevel [as parse] (node_modules/@babel/parser/src/parser/index.ts:83:25)
      at parse (node_modules/@babel/parser/src/index.ts:86:38)
      at parser (node_modules/@babel/core/src/parser/index.ts:29:19)
          at parser.next (<anonymous>)
      at normalizeFile (node_modules/@babel/core/src/transformation/normalize-file.ts:50:24)
          at normalizeFile.next (<anonymous>)
      at run (node_modules/@babel/core/src/transformation/index.ts:41:36)
          at run.next (<anonymous>)
      at transform (node_modules/@babel/core/src/transform.ts:29:20)
          at transform.next (<anonymous>)
      at evaluateSync (node_modules/gensync/index.js:251:28)
      at sync (node_modules/gensync/index.js:89:14)
      at fn (node_modules/@babel/core/src/errors/rewrite-stack-trace.ts:99:14)
      at transformSync (node_modules/@babel/core/src/transform.ts:66:52)
      at ScriptTransformer.transformSource (node_modules/@jest/transform/build/index.js:415:31)
      at ScriptTransformer._transformAndBuildScript (node_modules/@jest/transform/build/index.js:512:40)
      at ScriptTransformer.transform (node_modules/@jest/transform/build/index.js:551:19)
      at Object.require (tests/typing-speed.test.js:15:5)

  ΓùÅ TypingSpeedMonitor ΓÇ║ keystrokes increment char count

    Jest encountered an unexpected token

    Jest failed to parse a file. This happens e.g. when your code or its dependencies use non-standard JavaScript syntax, or when Jest is not configured to support such syntax.

    Out of the box Jest supports Babel, which will be used to transform your files into valid JS based on your Babel configuration.

    By default "node_modules" folder is ignored by transformers.

    Here's what you can do:
     ΓÇó If you are trying to use ECMAScript Modules, see https://jestjs.io/docs/ecmascript-modules for how to enable it.
     ΓÇó If you are trying to use TypeScript, see https://jestjs.io/docs/getting-started#using-typescript
     ΓÇó To have some of your "node_modules" files transformed, you can specify a custom "transformIgnorePatterns" in your config.
     ΓÇó If you need a custom transformation, specify a "transform" option in your config.
     ΓÇó If you simply want to mock your non-JS modules (e.g. binary assets) you can stub them out with the "moduleNameMapper" config option.

    You'll find more details and examples of these config options in the docs:
    https://jestjs.io/docs/configuration
    For information about custom transformations, see:
    https://jestjs.io/docs/code-transformation

    Details:

    SyntaxError: C:\Users\onlin\.openclaw\workspace\temp-garden\agenticchat\app.js: Identifier 'MessageScheduler' has already been declared. (27915:6)

      27913 |  * @namespace MessageScheduler
      27914 |  */
    > 27915 | const MessageScheduler = (() => {
            |       ^
      27916 |   let _queue = [];          // { id, text, sendAt, timerId }
      27917 |   let _tickId = null;
      27918 |   let _idCounter = 0;

      13 |     localStorage.clear();
      14 |     jest.useFakeTimers();
    > 15 |     require('../app.js');
         |     ^
      16 |     document.dispatchEvent(new Event('DOMContentLoaded'));
      17 |   });
      18 |

      at constructor (node_modules/@babel/parser/src/parse-error.ts:95:45)
      at Parser.toParseError [as raise] (node_modules/@babel/parser/src/tokenizer/index.ts:1504:19)
      at ScopeHandler.raise [as checkRedeclarationInScope] (node_modules/@babel/parser/src/util/scope.ts:164:19)
      at ScopeHandler.checkRedeclarationInScope [as declareName] (node_modules/@babel/parser/src/util/scope.ts:118:12)
      at Parser.declareName [as declareNameFromIdentifier] (node_modules/@babel/parser/src/parser/lval.ts:876:16)
      at Parser.declareNameFromIdentifier [as checkIdentifier] (node_modules/@babel/parser/src/parser/lval.ts:871:12)
      at Parser.checkIdentifier [as checkLVal] (node_modules/@babel/parser/src/parser/lval.ts:763:12)
      at Parser.checkLVal [as parseVarId] (node_modules/@babel/parser/src/parser/statement.ts:1633:10)
      at Parser.parseVarId [as parseVar] (node_modules/@babel/parser/src/parser/statement.ts:1582:12)
      at Parser.parseVar [as parseVarStatement] (node_modules/@babel/parser/src/parser/statement.ts:1251:10)
      at Parser.parseVarStatement [as parseStatementContent] (node_modules/@babel/parser/src/parser/statement.ts:612:21)
      at Parser.parseStatementContent [as parseStatementLike] (node_modules/@babel/parser/src/parser/statement.ts:482:17)
      at Parser.parseStatementLike [as parseModuleItem] (node_modules/@babel/parser/src/parser/statement.ts:419:17)
      at Parser.parseModuleItem [as parseBlockOrModuleBlockBody] (node_modules/@babel/parser/src/parser/statement.ts:1443:16)
      at Parser.parseBlockOrModuleBlockBody [as parseBlockBody] (node_modules/@babel/parser/src/parser/statement.ts:1417:10)
      at Parser.parseBlockBody [as parseProgram] (node_modules/@babel/parser/src/parser/statement.ts:229:10)
      at Parser.parseProgram [as parseTopLevel] (node_modules/@babel/parser/src/parser/statement.ts:203:25)
      at Parser.parseTopLevel [as parse] (node_modules/@babel/parser/src/parser/index.ts:83:25)
      at parse (node_modules/@babel/parser/src/index.ts:86:38)
      at parser (node_modules/@babel/core/src/parser/index.ts:29:19)
          at parser.next (<anonymous>)
      at normalizeFile (node_modules/@babel/core/src/transformation/normalize-file.ts:50:24)
          at normalizeFile.next (<anonymous>)
      at run (node_modules/@babel/core/src/transformation/index.ts:41:36)
          at run.next (<anonymous>)
      at transform (node_modules/@babel/core/src/transform.ts:29:20)
          at transform.next (<anonymous>)
      at evaluateSync (node_modules/gensync/index.js:251:28)
      at sync (node_modules/gensync/index.js:89:14)
      at fn (node_modules/@babel/core/src/errors/rewrite-stack-trace.ts:99:14)
      at transformSync (node_modules/@babel/core/src/transform.ts:66:52)
      at ScriptTransformer.transformSource (node_modules/@jest/transform/build/index.js:415:31)
      at ScriptTransformer._transformAndBuildScript (node_modules/@jest/transform/build/index.js:512:40)
      at ScriptTransformer.transform (node_modules/@jest/transform/build/index.js:551:19)
      at Object.require (tests/typing-speed.test.js:15:5)

  ΓùÅ TypingSpeedMonitor ΓÇ║ send button increments word count

    Jest encountered an unexpected token

    Jest failed to parse a file. This happens e.g. when your code or its dependencies use non-standard JavaScript syntax, or when Jest is not configured to support such syntax.

    Out of the box Jest supports Babel, which will be used to transform your files into valid JS based on your Babel configuration.

    By default "node_modules" folder is ignored by transformers.

    Here's what you can do:
     ΓÇó If you are trying to use ECMAScript Modules, see https://jestjs.io/docs/ecmascript-modules for how to enable it.
     ΓÇó If you are trying to use TypeScript, see https://jestjs.io/docs/getting-started#using-typescript
     ΓÇó To have some of your "node_modules" files transformed, you can specify a custom "transformIgnorePatterns" in your config.
     ΓÇó If you need a custom transformation, specify a "transform" option in your config.
     ΓÇó If you simply want to mock your non-JS modules (e.g. binary assets) you can stub them out with the "moduleNameMapper" config option.

    You'll find more details and examples of these config options in the docs:
    https://jestjs.io/docs/configuration
    For information about custom transformations, see:
    https://jestjs.io/docs/code-transformation

    Details:

    SyntaxError: C:\Users\onlin\.openclaw\workspace\temp-garden\agenticchat\app.js: Identifier 'MessageScheduler' has already been declared. (27915:6)

      27913 |  * @namespace MessageScheduler
      27914 |  */
    > 27915 | const MessageScheduler = (() => {
            |       ^
      27916 |   let _queue = [];          // { id, text, sendAt, timerId }
      27917 |   let _tickId = null;
      27918 |   let _idCounter = 0;

      13 |     localStorage.clear();
      14 |     jest.useFakeTimers();
    > 15 |     require('../app.js');
         |     ^
      16 |     document.dispatchEvent(new Event('DOMContentLoaded'));
      17 |   });
      18 |

      at constructor (node_modules/@babel/parser/src/parse-error.ts:95:45)
      at Parser.toParseError [as raise] (node_modules/@babel/parser/src/tokenizer/index.ts:1504:19)
      at ScopeHandler.raise [as checkRedeclarationInScope] (node_modules/@babel/parser/src/util/scope.ts:164:19)
      at ScopeHandler.checkRedeclarationInScope [as declareName] (node_modules/@babel/parser/src/util/scope.ts:118:12)
      at Parser.declareName [as declareNameFromIdentifier] (node_modules/@babel/parser/src/parser/lval.ts:876:16)
      at Parser.declareNameFromIdentifier [as checkIdentifier] (node_modules/@babel/parser/src/parser/lval.ts:871:12)
      at Parser.checkIdentifier [as checkLVal] (node_modules/@babel/parser/src/parser/lval.ts:763:12)
      at Parser.checkLVal [as parseVarId] (node_modules/@babel/parser/src/parser/statement.ts:1633:10)
      at Parser.parseVarId [as parseVar] (node_modules/@babel/parser/src/parser/statement.ts:1582:12)
      at Parser.parseVar [as parseVarStatement] (node_modules/@babel/parser/src/parser/statement.ts:1251:10)
      at Parser.parseVarStatement [as parseStatementContent] (node_modules/@babel/parser/src/parser/statement.ts:612:21)
      at Parser.parseStatementContent [as parseStatementLike] (node_modules/@babel/parser/src/parser/statement.ts:482:17)
      at Parser.parseStatementLike [as parseModuleItem] (node_modules/@babel/parser/src/parser/statement.ts:419:17)
      at Parser.parseModuleItem [as parseBlockOrModuleBlockBody] (node_modules/@babel/parser/src/parser/statement.ts:1443:16)
      at Parser.parseBlockOrModuleBlockBody [as parseBlockBody] (node_modules/@babel/parser/src/parser/statement.ts:1417:10)
      at Parser.parseBlockBody [as parseProgram] (node_modules/@babel/parser/src/parser/statement.ts:229:10)
      at Parser.parseProgram [as parseTopLevel] (node_modules/@babel/parser/src/parser/statement.ts:203:25)
      at Parser.parseTopLevel [as parse] (node_modules/@babel/parser/src/parser/index.ts:83:25)
      at parse (node_modules/@babel/parser/src/index.ts:86:38)
      at parser (node_modules/@babel/core/src/parser/index.ts:29:19)
          at parser.next (<anonymous>)
      at normalizeFile (node_modules/@babel/core/src/transformation/normalize-file.ts:50:24)
          at normalizeFile.next (<anonymous>)
      at run (node_modules/@babel/core/src/transformation/index.ts:41:36)
          at run.next (<anonymous>)
      at transform (node_modules/@babel/core/src/transform.ts:29:20)
          at transform.next (<anonymous>)
      at evaluateSync (node_modules/gensync/index.js:251:28)
      at sync (node_modules/gensync/index.js:89:14)
      at fn (node_modules/@babel/core/src/errors/rewrite-stack-trace.ts:99:14)
      at transformSync (node_modules/@babel/core/src/transform.ts:66:52)
      at ScriptTransformer.transformSource (node_modules/@jest/transform/build/index.js:415:31)
      at ScriptTransformer._transformAndBuildScript (node_modules/@jest/transform/build/index.js:512:40)
      at ScriptTransformer.transform (node_modules/@jest/transform/build/index.js:551:19)
      at Object.require (tests/typing-speed.test.js:15:5)

  ΓùÅ TypingSpeedMonitor ΓÇ║ stats persist to localStorage

    Jest encountered an unexpected token

    Jest failed to parse a file. This happens e.g. when your code or its dependencies use non-standard JavaScript syntax, or when Jest is not configured to support such syntax.

    Out of the box Jest supports Babel, which will be used to transform your files into valid JS based on your Babel configuration.

    By default "node_modules" folder is ignored by transformers.

    Here's what you can do:
     ΓÇó If you are trying to use ECMAScript Modules, see https://jestjs.io/docs/ecmascript-modules for how to enable it.
     ΓÇó If you are trying to use TypeScript, see https://jestjs.io/docs/getting-started#using-typescript
     ΓÇó To have some of your "node_modules" files transformed, you can specify a custom "transformIgnorePatterns" in your config.
     ΓÇó If you need a custom transformation, specify a "transform" option in your config.
     ΓÇó If you simply want to mock your non-JS modules (e.g. binary assets) you can stub them out with the "moduleNameMapper" config option.

    You'll find more details and examples of these config options in the docs:
    https://jestjs.io/docs/configuration
    For information about custom transformations, see:
    https://jestjs.io/docs/code-transformation

    Details:

    SyntaxError: C:\Users\onlin\.openclaw\workspace\temp-garden\agenticchat\app.js: Identifier 'MessageScheduler' has already been declared. (27915:6)

      27913 |  * @namespace MessageScheduler
      27914 |  */
    > 27915 | const MessageScheduler = (() => {
            |       ^
      27916 |   let _queue = [];          // { id, text, sendAt, timerId }
      27917 |   let _tickId = null;
      27918 |   let _idCounter = 0;

      13 |     localStorage.clear();
      14 |     jest.useFakeTimers();
    > 15 |     require('../app.js');
         |     ^
      16 |     document.dispatchEvent(new Event('DOMContentLoaded'));
      17 |   });
      18 |

      at constructor (node_modules/@babel/parser/src/parse-error.ts:95:45)
      at Parser.toParseError [as raise] (node_modules/@babel/parser/src/tokenizer/index.ts:1504:19)
      at ScopeHandler.raise [as checkRedeclarationInScope] (node_modules/@babel/parser/src/util/scope.ts:164:19)
      at ScopeHandler.checkRedeclarationInScope [as declareName] (node_modules/@babel/parser/src/util/scope.ts:118:12)
      at Parser.declareName [as declareNameFromIdentifier] (node_modules/@babel/parser/src/parser/lval.ts:876:16)
      at Parser.declareNameFromIdentifier [as checkIdentifier] (node_modules/@babel/parser/src/parser/lval.ts:871:12)
      at Parser.checkIdentifier [as checkLVal] (node_modules/@babel/parser/src/parser/lval.ts:763:12)
      at Parser.checkLVal [as parseVarId] (node_modules/@babel/parser/src/parser/statement.ts:1633:10)
      at Parser.parseVarId [as parseVar] (node_modules/@babel/parser/src/parser/statement.ts:1582:12)
      at Parser.parseVar [as parseVarStatement] (node_modules/@babel/parser/src/parser/statement.ts:1251:10)
      at Parser.parseVarStatement [as parseStatementContent] (node_modules/@babel/parser/src/parser/statement.ts:612:21)
      at Parser.parseStatementContent [as parseStatementLike] (node_modules/@babel/parser/src/parser/statement.ts:482:17)
      at Parser.parseStatementLike [as parseModuleItem] (node_modules/@babel/parser/src/parser/statement.ts:419:17)
      at Parser.parseModuleItem [as parseBlockOrModuleBlockBody] (node_modules/@babel/parser/src/parser/statement.ts:1443:16)
      at Parser.parseBlockOrModuleBlockBody [as parseBlockBody] (node_modules/@babel/parser/src/parser/statement.ts:1417:10)
      at Parser.parseBlockBody [as parseProgram] (node_modules/@babel/parser/src/parser/statement.ts:229:10)
      at Parser.parseProgram [as parseTopLevel] (node_modules/@babel/parser/src/parser/statement.ts:203:25)
      at Parser.parseTopLevel [as parse] (node_modules/@babel/parser/src/parser/index.ts:83:25)
      at parse (node_modules/@babel/parser/src/index.ts:86:38)
      at parser (node_modules/@babel/core/src/parser/index.ts:29:19)
          at parser.next (<anonymous>)
      at normalizeFile (node_modules/@babel/core/src/transformation/normalize-file.ts:50:24)
          at normalizeFile.next (<anonymous>)
      at run (node_modules/@babel/core/src/transformation/index.ts:41:36)
          at run.next (<anonymous>)
      at transform (node_modules/@babel/core/src/transform.ts:29:20)
          at transform.next (<anonymous>)
      at evaluateSync (node_modules/gensync/index.js:251:28)
      at sync (node_modules/gensync/index.js:89:14)
      at fn (node_modules/@babel/core/src/errors/rewrite-stack-trace.ts:99:14)
      at transformSync (node_modules/@babel/core/src/transform.ts:66:52)
      at ScriptTransformer.transformSource (node_modules/@jest/transform/build/index.js:415:31)
      at ScriptTransformer._transformAndBuildScript (node_modules/@jest/transform/build/index.js:512:40)
      at ScriptTransformer.transform (node_modules/@jest/transform/build/index.js:551:19)
      at Object.require (tests/typing-speed.test.js:15:5)

  ΓùÅ TypingSpeedMonitor ΓÇ║ dashboard has stat elements

    Jest encountered an unexpected token

    Jest failed to parse a file. This happens e.g. when your code or its dependencies use non-standard JavaScript syntax, or when Jest is not configured to support such syntax.

    Out of the box Jest supports Babel, which will be used to transform your files into valid JS based on your Babel configuration.

    By default "node_modules" folder is ignored by transformers.

    Here's what you can do:
     ΓÇó If you are trying to use ECMAScript Modules, see https://jestjs.io/docs/ecmascript-modules for how to enable it.
     ΓÇó If you are trying to use TypeScript, see https://jestjs.io/docs/getting-started#using-typescript
     ΓÇó To have some of your "node_modules" files transformed, you can specify a custom "transformIgnorePatterns" in your config.
     ΓÇó If you need a custom transformation, specify a "transform" option in your config.
     ΓÇó If you simply want to mock your non-JS modules (e.g. binary assets) you can stub them out with the "moduleNameMapper" config option.

    You'll find more details and examples of these config options in the docs:
    https://jestjs.io/docs/configuration
    For information about custom transformations, see:
    https://jestjs.io/docs/code-transformation

    Details:

    SyntaxError: C:\Users\onlin\.openclaw\workspace\temp-garden\agenticchat\app.js: Identifier 'MessageScheduler' has already been declared. (27915:6)

      27913 |  * @namespace MessageScheduler
      27914 |  */
    > 27915 | const MessageScheduler = (() => {
            |       ^
      27916 |   let _queue = [];          // { id, text, sendAt, timerId }
      27917 |   let _tickId = null;
      27918 |   let _idCounter = 0;

      13 |     localStorage.clear();
      14 |     jest.useFakeTimers();
    > 15 |     require('../app.js');
         |     ^
      16 |     document.dispatchEvent(new Event('DOMContentLoaded'));
      17 |   });
      18 |

      at constructor (node_modules/@babel/parser/src/parse-error.ts:95:45)
      at Parser.toParseError [as raise] (node_modules/@babel/parser/src/tokenizer/index.ts:1504:19)
      at ScopeHandler.raise [as checkRedeclarationInScope] (node_modules/@babel/parser/src/util/scope.ts:164:19)
      at ScopeHandler.checkRedeclarationInScope [as declareName] (node_modules/@babel/parser/src/util/scope.ts:118:12)
      at Parser.declareName [as declareNameFromIdentifier] (node_modules/@babel/parser/src/parser/lval.ts:876:16)
      at Parser.declareNameFromIdentifier [as checkIdentifier] (node_modules/@babel/parser/src/parser/lval.ts:871:12)
      at Parser.checkIdentifier [as checkLVal] (node_modules/@babel/parser/src/parser/lval.ts:763:12)
      at Parser.checkLVal [as parseVarId] (node_modules/@babel/parser/src/parser/statement.ts:1633:10)
      at Parser.parseVarId [as parseVar] (node_modules/@babel/parser/src/parser/statement.ts:1582:12)
      at Parser.parseVar [as parseVarStatement] (node_modules/@babel/parser/src/parser/statement.ts:1251:10)
      at Parser.parseVarStatement [as parseStatementContent] (node_modules/@babel/parser/src/parser/statement.ts:612:21)
      at Parser.parseStatementContent [as parseStatementLike] (node_modules/@babel/parser/src/parser/statement.ts:482:17)
      at Parser.parseStatementLike [as parseModuleItem] (node_modules/@babel/parser/src/parser/statement.ts:419:17)
      at Parser.parseModuleItem [as parseBlockOrModuleBlockBody] (node_modules/@babel/parser/src/parser/statement.ts:1443:16)
      at Parser.parseBlockOrModuleBlockBody [as parseBlockBody] (node_modules/@babel/parser/src/parser/statement.ts:1417:10)
      at Parser.parseBlockBody [as parseProgram] (node_modules/@babel/parser/src/parser/statement.ts:229:10)
      at Parser.parseProgram [as parseTopLevel] (node_modules/@babel/parser/src/parser/statement.ts:203:25)
      at Parser.parseTopLevel [as parse] (node_modules/@babel/parser/src/parser/index.ts:83:25)
      at parse (node_modules/@babel/parser/src/index.ts:86:38)
      at parser (node_modules/@babel/core/src/parser/index.ts:29:19)
          at parser.next (<anonymous>)
      at normalizeFile (node_modules/@babel/core/src/transformation/normalize-file.ts:50:24)
          at normalizeFile.next (<anonymous>)
      at run (node_modules/@babel/core/src/transformation/index.ts:41:36)
          at run.next (<anonymous>)
      at transform (node_modules/@babel/core/src/transform.ts:29:20)
          at transform.next (<anonymous>)
      at evaluateSync (node_modules/gensync/index.js:251:28)
      at sync (node_modules/gensync/index.js:89:14)
      at fn (node_modules/@babel/core/src/errors/rewrite-stack-trace.ts:99:14)
      at transformSync (node_modules/@babel/core/src/transform.ts:66:52)
      at ScriptTransformer.transformSource (node_modules/@jest/transform/build/index.js:415:31)
      at ScriptTransformer._transformAndBuildScript (node_modules/@jest/transform/build/index.js:512:40)
      at ScriptTransformer.transform (node_modules/@jest/transform/build/index.js:551:19)
      at Object.require (tests/typing-speed.test.js:15:5)

  ΓùÅ TypingSpeedMonitor ΓÇ║ indicator gets wpm-active class when typing

    Jest encountered an unexpected token

    Jest failed to parse a file. This happens e.g. when your code or its dependencies use non-standard JavaScript syntax, or when Jest is not configured to support such syntax.

    Out of the box Jest supports Babel, which will be used to transform your files into valid JS based on your Babel configuration.

    By default "node_modules" folder is ignored by transformers.

    Here's what you can do:
     ΓÇó If you are trying to use ECMAScript Modules, see https://jestjs.io/docs/ecmascript-modules for how to enable it.
     ΓÇó If you are trying to use TypeScript, see https://jestjs.io/docs/getting-started#using-typescript
     ΓÇó To have some of your "node_modules" files transformed, you can specify a custom "transformIgnorePatterns" in your config.
     ΓÇó If you need a custom transformation, specify a "transform" option in your config.
     ΓÇó If you simply want to mock your non-JS modules (e.g. binary assets) you can stub them out with the "moduleNameMapper" config option.

    You'll find more details and examples of these config options in the docs:
    https://jestjs.io/docs/configuration
    For information about custom transformations, see:
    https://jestjs.io/docs/code-transformation

    Details:

    SyntaxError: C:\Users\onlin\.openclaw\workspace\temp-garden\agenticchat\app.js: Identifier 'MessageScheduler' has already been declared. (27915:6)

      27913 |  * @namespace MessageScheduler
      27914 |  */
    > 27915 | const MessageScheduler = (() => {
            |       ^
      27916 |   let _queue = [];          // { id, text, sendAt, timerId }
      27917 |   let _tickId = null;
      27918 |   let _idCounter = 0;

      13 |     localStorage.clear();
      14 |     jest.useFakeTimers();
    > 15 |     require('../app.js');
         |     ^
      16 |     document.dispatchEvent(new Event('DOMContentLoaded'));
      17 |   });
      18 |

      at constructor (node_modules/@babel/parser/src/parse-error.ts:95:45)
      at Parser.toParseError [as raise] (node_modules/@babel/parser/src/tokenizer/index.ts:1504:19)
      at ScopeHandler.raise [as checkRedeclarationInScope] (node_modules/@babel/parser/src/util/scope.ts:164:19)
      at ScopeHandler.checkRedeclarationInScope [as declareName] (node_modules/@babel/parser/src/util/scope.ts:118:12)
      at Parser.declareName [as declareNameFromIdentifier] (node_modules/@babel/parser/src/parser/lval.ts:876:16)
      at Parser.declareNameFromIdentifier [as checkIdentifier] (node_modules/@babel/parser/src/parser/lval.ts:871:12)
      at Parser.checkIdentifier [as checkLVal] (node_modules/@babel/parser/src/parser/lval.ts:763:12)
      at Parser.checkLVal [as parseVarId] (node_modules/@babel/parser/src/parser/statement.ts:1633:10)
      at Parser.parseVarId [as parseVar] (node_modules/@babel/parser/src/parser/statement.ts:1582:12)
      at Parser.parseVar [as parseVarStatement] (node_modules/@babel/parser/src/parser/statement.ts:1251:10)
      at Parser.parseVarStatement [as parseStatementContent] (node_modules/@babel/parser/src/parser/statement.ts:612:21)
      at Parser.parseStatementContent [as parseStatementLike] (node_modules/@babel/parser/src/parser/statement.ts:482:17)
      at Parser.parseStatementLike [as parseModuleItem] (node_modules/@babel/parser/src/parser/statement.ts:419:17)
      at Parser.parseModuleItem [as parseBlockOrModuleBlockBody] (node_modules/@babel/parser/src/parser/statement.ts:1443:16)
      at Parser.parseBlockOrModuleBlockBody [as parseBlockBody] (node_modules/@babel/parser/src/parser/statement.ts:1417:10)
      at Parser.parseBlockBody [as parseProgram] (node_modules/@babel/parser/src/parser/statement.ts:229:10)
      at Parser.parseProgram [as parseTopLevel] (node_modules/@babel/parser/src/parser/statement.ts:203:25)
      at Parser.parseTopLevel [as parse] (node_modules/@babel/parser/src/parser/index.ts:83:25)
      at parse (node_modules/@babel/parser/src/index.ts:86:38)
      at parser (node_modules/@babel/core/src/parser/index.ts:29:19)
          at parser.next (<anonymous>)
      at normalizeFile (node_modules/@babel/core/src/transformation/normalize-file.ts:50:24)
          at normalizeFile.next (<anonymous>)
      at run (node_modules/@babel/core/src/transformation/index.ts:41:36)
          at run.next (<anonymous>)
      at transform (node_modules/@babel/core/src/transform.ts:29:20)
          at transform.next (<anonymous>)
      at evaluateSync (node_modules/gensync/index.js:251:28)
      at sync (node_modules/gensync/index.js:89:14)
      at fn (node_modules/@babel/core/src/errors/rewrite-stack-trace.ts:99:14)
      at transformSync (node_modules/@babel/core/src/transform.ts:66:52)
      at ScriptTransformer.transformSource (node_modules/@jest/transform/build/index.js:415:31)
      at ScriptTransformer._transformAndBuildScript (node_modules/@jest/transform/build/index.js:512:40)
      at ScriptTransformer.transform (node_modules/@jest/transform/build/index.js:551:19)
      at Object.require (tests/typing-speed.test.js:15:5)

  ΓùÅ TypingSpeedMonitor ΓÇ║ Ctrl+Shift+T toggles dashboard

    Jest encountered an unexpected token

    Jest failed to parse a file. This happens e.g. when your code or its dependencies use non-standard JavaScript syntax, or when Jest is not configured to support such syntax.

    Out of the box Jest supports Babel, which will be used to transform your files into valid JS based on your Babel configuration.

    By default "node_modules" folder is ignored by transformers.

    Here's what you can do:
     ΓÇó If you are trying to use ECMAScript Modules, see https://jestjs.io/docs/ecmascript-modules for how to enable it.
     ΓÇó If you are trying to use TypeScript, see https://jestjs.io/docs/getting-started#using-typescript
     ΓÇó To have some of your "node_modules" files transformed, you can specify a custom "transformIgnorePatterns" in your config.
     ΓÇó If you need a custom transformation, specify a "transform" option in your config.
     ΓÇó If you simply want to mock your non-JS modules (e.g. binary assets) you can stub them out with the "moduleNameMapper" config option.

    You'll find more details and examples of these config options in the docs:
    https://jestjs.io/docs/configuration
    For information about custom transformations, see:
    https://jestjs.io/docs/code-transformation

    Details:

    SyntaxError: C:\Users\onlin\.openclaw\workspace\temp-garden\agenticchat\app.js: Identifier 'MessageScheduler' has already been declared. (27915:6)

      27913 |  * @namespace MessageScheduler
      27914 |  */
    > 27915 | const MessageScheduler = (() => {
            |       ^
      27916 |   let _queue = [];          // { id, text, sendAt, timerId }
      27917 |   let _tickId = null;
      27918 |   let _idCounter = 0;

      13 |     localStorage.clear();
      14 |     jest.useFakeTimers();
    > 15 |     require('../app.js');
         |     ^
      16 |     document.dispatchEvent(new Event('DOMContentLoaded'));
      17 |   });
      18 |

      at constructor (node_modules/@babel/parser/src/parse-error.ts:95:45)
      at Parser.toParseError [as raise] (node_modules/@babel/parser/src/tokenizer/index.ts:1504:19)
      at ScopeHandler.raise [as checkRedeclarationInScope] (node_modules/@babel/parser/src/util/scope.ts:164:19)
      at ScopeHandler.checkRedeclarationInScope [as declareName] (node_modules/@babel/parser/src/util/scope.ts:118:12)
      at Parser.declareName [as declareNameFromIdentifier] (node_modules/@babel/parser/src/parser/lval.ts:876:16)
      at Parser.declareNameFromIdentifier [as checkIdentifier] (node_modules/@babel/parser/src/parser/lval.ts:871:12)
      at Parser.checkIdentifier [as checkLVal] (node_modules/@babel/parser/src/parser/lval.ts:763:12)
      at Parser.checkLVal [as parseVarId] (node_modules/@babel/parser/src/parser/statement.ts:1633:10)
      at Parser.parseVarId [as parseVar] (node_modules/@babel/parser/src/parser/statement.ts:1582:12)
      at Parser.parseVar [as parseVarStatement] (node_modules/@babel/parser/src/parser/statement.ts:1251:10)
      at Parser.parseVarStatement [as parseStatementContent] (node_modules/@babel/parser/src/parser/statement.ts:612:21)
      at Parser.parseStatementContent [as parseStatementLike] (node_modules/@babel/parser/src/parser/statement.ts:482:17)
      at Parser.parseStatementLike [as parseModuleItem] (node_modules/@babel/parser/src/parser/statement.ts:419:17)
      at Parser.parseModuleItem [as parseBlockOrModuleBlockBody] (node_modules/@babel/parser/src/parser/statement.ts:1443:16)
      at Parser.parseBlockOrModuleBlockBody [as parseBlockBody] (node_modules/@babel/parser/src/parser/statement.ts:1417:10)
      at Parser.parseBlockBody [as parseProgram] (node_modules/@babel/parser/src/parser/statement.ts:229:10)
      at Parser.parseProgram [as parseTopLevel] (node_modules/@babel/parser/src/parser/statement.ts:203:25)
      at Parser.parseTopLevel [as parse] (node_modules/@babel/parser/src/parser/index.ts:83:25)
      at parse (node_modules/@babel/parser/src/index.ts:86:38)
      at parser (node_modules/@babel/core/src/parser/index.ts:29:19)
          at parser.next (<anonymous>)
      at normalizeFile (node_modules/@babel/core/src/transformation/normalize-file.ts:50:24)
          at normalizeFile.next (<anonymous>)
      at run (node_modules/@babel/core/src/transformation/index.ts:41:36)
          at run.next (<anonymous>)
      at transform (node_modules/@babel/core/src/transform.ts:29:20)
          at transform.next (<anonymous>)
      at evaluateSync (node_modules/gensync/index.js:251:28)
      at sync (node_modules/gensync/index.js:89:14)
      at fn (node_modules/@babel/core/src/errors/rewrite-stack-trace.ts:99:14)
      at transformSync (node_modules/@babel/core/src/transform.ts:66:52)
      at ScriptTransformer.transformSource (node_modules/@jest/transform/build/index.js:415:31)
      at ScriptTransformer._transformAndBuildScript (node_modules/@jest/transform/build/index.js:512:40)
      at ScriptTransformer.transform (node_modules/@jest/transform/build/index.js:551:19)
      at Object.require (tests/typing-speed.test.js:15:5)

  ΓùÅ TypingSpeedMonitor ΓÇ║ close button closes dashboard

    Jest encountered an unexpected token

    Jest failed to parse a file. This happens e.g. when your code or its dependencies use non-standard JavaScript syntax, or when Jest is not configured to support such syntax.

    Out of the box Jest supports Babel, which will be used to transform your files into valid JS based on your Babel configuration.

    By default "node_modules" folder is ignored by transformers.

    Here's what you can do:
     ΓÇó If you are trying to use ECMAScript Modules, see https://jestjs.io/docs/ecmascript-modules for how to enable it.
     ΓÇó If you are trying to use TypeScript, see https://jestjs.io/docs/getting-started#using-typescript
     ΓÇó To have some of your "node_modules" files transformed, you can specify a custom "transformIgnorePatterns" in your config.
     ΓÇó If you need a custom transformation, specify a "transform" option in your config.
     ΓÇó If you simply want to mock your non-JS modules (e.g. binary assets) you can stub them out with the "moduleNameMapper" config option.

    You'll find more details and examples of these config options in the docs:
    https://jestjs.io/docs/configuration
    For information about custom transformations, see:
    https://jestjs.io/docs/code-transformation

    Details:

    SyntaxError: C:\Users\onlin\.openclaw\workspace\temp-garden\agenticchat\app.js: Identifier 'MessageScheduler' has already been declared. (27915:6)

      27913 |  * @namespace MessageScheduler
      27914 |  */
    > 27915 | const MessageScheduler = (() => {
            |       ^
      27916 |   let _queue = [];          // { id, text, sendAt, timerId }
      27917 |   let _tickId = null;
      27918 |   let _idCounter = 0;

      13 |     localStorage.clear();
      14 |     jest.useFakeTimers();
    > 15 |     require('../app.js');
         |     ^
      16 |     document.dispatchEvent(new Event('DOMContentLoaded'));
      17 |   });
      18 |

      at constructor (node_modules/@babel/parser/src/parse-error.ts:95:45)
      at Parser.toParseError [as raise] (node_modules/@babel/parser/src/tokenizer/index.ts:1504:19)
      at ScopeHandler.raise [as checkRedeclarationInScope] (node_modules/@babel/parser/src/util/scope.ts:164:19)
      at ScopeHandler.checkRedeclarationInScope [as declareName] (node_modules/@babel/parser/src/util/scope.ts:118:12)
      at Parser.declareName [as declareNameFromIdentifier] (node_modules/@babel/parser/src/parser/lval.ts:876:16)
      at Parser.declareNameFromIdentifier [as checkIdentifier] (node_modules/@babel/parser/src/parser/lval.ts:871:12)
      at Parser.checkIdentifier [as checkLVal] (node_modules/@babel/parser/src/parser/lval.ts:763:12)
      at Parser.checkLVal [as parseVarId] (node_modules/@babel/parser/src/parser/statement.ts:1633:10)
      at Parser.parseVarId [as parseVar] (node_modules/@babel/parser/src/parser/statement.ts:1582:12)
      at Parser.parseVar [as parseVarStatement] (node_modules/@babel/parser/src/parser/statement.ts:1251:10)
      at Parser.parseVarStatement [as parseStatementContent] (node_modules/@babel/parser/src/parser/statement.ts:612:21)
      at Parser.parseStatementContent [as parseStatementLike] (node_modules/@babel/parser/src/parser/statement.ts:482:17)
      at Parser.parseStatementLike [as parseModuleItem] (node_modules/@babel/parser/src/parser/statement.ts:419:17)
      at Parser.parseModuleItem [as parseBlockOrModuleBlockBody] (node_modules/@babel/parser/src/parser/statement.ts:1443:16)
      at Parser.parseBlockOrModuleBlockBody [as parseBlockBody] (node_modules/@babel/parser/src/parser/statement.ts:1417:10)
      at Parser.parseBlockBody [as parseProgram] (node_modules/@babel/parser/src/parser/statement.ts:229:10)
      at Parser.parseProgram [as parseTopLevel] (node_modules/@babel/parser/src/parser/statement.ts:203:25)
      at Parser.parseTopLevel [as parse] (node_modules/@babel/parser/src/parser/index.ts:83:25)
      at parse (node_modules/@babel/parser/src/index.ts:86:38)
      at parser (node_modules/@babel/core/src/parser/index.ts:29:19)
          at parser.next (<anonymous>)
      at normalizeFile (node_modules/@babel/core/src/transformation/normalize-file.ts:50:24)
          at normalizeFile.next (<anonymous>)
      at run (node_modules/@babel/core/src/transformation/index.ts:41:36)
          at run.next (<anonymous>)
      at transform (node_modules/@babel/core/src/transform.ts:29:20)
          at transform.next (<anonymous>)
      at evaluateSync (node_modules/gensync/index.js:251:28)
      at sync (node_modules/gensync/index.js:89:14)
      at fn (node_modules/@babel/core/src/errors/rewrite-stack-trace.ts:99:14)
      at transformSync (node_modules/@babel/core/src/transform.ts:66:52)
      at ScriptTransformer.transformSource (node_modules/@jest/transform/build/index.js:415:31)
      at ScriptTransformer._transformAndBuildScript (node_modules/@jest/transform/build/index.js:512:40)
      at ScriptTransformer.transform (node_modules/@jest/transform/build/index.js:551:19)
      at Object.require (tests/typing-speed.test.js:15:5)

  ΓùÅ TypingSpeedMonitor ΓÇ║ reset button clears stats and updates display

    Jest encountered an unexpected token

    Jest failed to parse a file. This happens e.g. when your code or its dependencies use non-standard JavaScript syntax, or when Jest is not configured to support such syntax.

    Out of the box Jest supports Babel, which will be used to transform your files into valid JS based on your Babel configuration.

    By default "node_modules" folder is ignored by transformers.

    Here's what you can do:
     ΓÇó If you are trying to use ECMAScript Modules, see https://jestjs.io/docs/ecmascript-modules for how to enable it.
     ΓÇó If you are trying to use TypeScript, see https://jestjs.io/docs/getting-started#using-typescript
     ΓÇó To have some of your "node_modules" files transformed, you can specify a custom "transformIgnorePatterns" in your config.
     ΓÇó If you need a custom transformation, specify a "transform" option in your config.
     ΓÇó If you simply want to mock your non-JS modules (e.g. binary assets) you can stub them out with the "moduleNameMapper" config option.

    You'll find more details and examples of these config options in the docs:
    https://jestjs.io/docs/configuration
    For information about custom transformations, see:
    https://jestjs.io/docs/code-transformation

    Details:

    SyntaxError: C:\Users\onlin\.openclaw\workspace\temp-garden\agenticchat\app.js: Identifier 'MessageScheduler' has already been declared. (27915:6)

      27913 |  * @namespace MessageScheduler
      27914 |  */
    > 27915 | const MessageScheduler = (() => {
            |       ^
      27916 |   let _queue = [];          // { id, text, sendAt, timerId }
      27917 |   let _tickId = null;
      27918 |   let _idCounter = 0;

      13 |     localStorage.clear();
      14 |     jest.useFakeTimers();
    > 15 |     require('../app.js');
         |     ^
      16 |     document.dispatchEvent(new Event('DOMContentLoaded'));
      17 |   });
      18 |

      at constructor (node_modules/@babel/parser/src/parse-error.ts:95:45)
      at Parser.toParseError [as raise] (node_modules/@babel/parser/src/tokenizer/index.ts:1504:19)
      at ScopeHandler.raise [as checkRedeclarationInScope] (node_modules/@babel/parser/src/util/scope.ts:164:19)
      at ScopeHandler.checkRedeclarationInScope [as declareName] (node_modules/@babel/parser/src/util/scope.ts:118:12)
      at Parser.declareName [as declareNameFromIdentifier] (node_modules/@babel/parser/src/parser/lval.ts:876:16)
      at Parser.declareNameFromIdentifier [as checkIdentifier] (node_modules/@babel/parser/src/parser/lval.ts:871:12)
      at Parser.checkIdentifier [as checkLVal] (node_modules/@babel/parser/src/parser/lval.ts:763:12)
      at Parser.checkLVal [as parseVarId] (node_modules/@babel/parser/src/parser/statement.ts:1633:10)
      at Parser.parseVarId [as parseVar] (node_modules/@babel/parser/src/parser/statement.ts:1582:12)
      at Parser.parseVar [as parseVarStatement] (node_modules/@babel/parser/src/parser/statement.ts:1251:10)
      at Parser.parseVarStatement [as parseStatementContent] (node_modules/@babel/parser/src/parser/statement.ts:612:21)
      at Parser.parseStatementContent [as parseStatementLike] (node_modules/@babel/parser/src/parser/statement.ts:482:17)
      at Parser.parseStatementLike [as parseModuleItem] (node_modules/@babel/parser/src/parser/statement.ts:419:17)
      at Parser.parseModuleItem [as parseBlockOrModuleBlockBody] (node_modules/@babel/parser/src/parser/statement.ts:1443:16)
      at Parser.parseBlockOrModuleBlockBody [as parseBlockBody] (node_modules/@babel/parser/src/parser/statement.ts:1417:10)
      at Parser.parseBlockBody [as parseProgram] (node_modules/@babel/parser/src/parser/statement.ts:229:10)
      at Parser.parseProgram [as parseTopLevel] (node_modules/@babel/parser/src/parser/statement.ts:203:25)
      at Parser.parseTopLevel [as parse] (node_modules/@babel/parser/src/parser/index.ts:83:25)
      at parse (node_modules/@babel/parser/src/index.ts:86:38)
      at parser (node_modules/@babel/core/src/parser/index.ts:29:19)
          at parser.next (<anonymous>)
      at normalizeFile (node_modules/@babel/core/src/transformation/normalize-file.ts:50:24)
          at normalizeFile.next (<anonymous>)
      at run (node_modules/@babel/core/src/transformation/index.ts:41:36)
          at run.next (<anonymous>)
      at transform (node_modules/@babel/core/src/transform.ts:29:20)
          at transform.next (<anonymous>)
      at evaluateSync (node_modules/gensync/index.js:251:28)
      at sync (node_modules/gensync/index.js:89:14)
      at fn (node_modules/@babel/core/src/errors/rewrite-stack-trace.ts:99:14)
      at transformSync (node_modules/@babel/core/src/transform.ts:66:52)
      at ScriptTransformer.transformSource (node_modules/@jest/transform/build/index.js:415:31)
      at ScriptTransformer._transformAndBuildScript (node_modules/@jest/transform/build/index.js:512:40)
      at ScriptTransformer.transform (node_modules/@jest/transform/build/index.js:551:19)
      at Object.require (tests/typing-speed.test.js:15:5)

FAIL tests/smart-scroll.test.js
  SmartScroll
    ├ù should create FAB element on init (638 ms)
    ├ù should have badge initially hidden (556 ms)
    ├ù should expose scrollToBottom function (435 ms)
    ├ù should expose onNewMessage function (403 ms)
    ├ù should expose savePosition and restorePosition (408 ms)

  ΓùÅ SmartScroll ΓÇ║ should create FAB element on init

    Jest encountered an unexpected token

    Jest failed to parse a file. This happens e.g. when your code or its dependencies use non-standard JavaScript syntax, or when Jest is not configured to support such syntax.

    Out of the box Jest supports Babel, which will be used to transform your files into valid JS based on your Babel configuration.

    By default "node_modules" folder is ignored by transformers.

    Here's what you can do:
     ΓÇó If you are trying to use ECMAScript Modules, see https://jestjs.io/docs/ecmascript-modules for how to enable it.
     ΓÇó If you are trying to use TypeScript, see https://jestjs.io/docs/getting-started#using-typescript
     ΓÇó To have some of your "node_modules" files transformed, you can specify a custom "transformIgnorePatterns" in your config.
     ΓÇó If you need a custom transformation, specify a "transform" option in your config.
     ΓÇó If you simply want to mock your non-JS modules (e.g. binary assets) you can stub them out with the "moduleNameMapper" config option.

    You'll find more details and examples of these config options in the docs:
    https://jestjs.io/docs/configuration
    For information about custom transformations, see:
    https://jestjs.io/docs/code-transformation

    Details:

    SyntaxError: C:\Users\onlin\.openclaw\workspace\temp-garden\agenticchat\app.js: Identifier 'MessageScheduler' has already been declared. (27915:6)

      27913 |  * @namespace MessageScheduler
      27914 |  */
    > 27915 | const MessageScheduler = (() => {
            |       ^
      27916 |   let _queue = [];          // { id, text, sendAt, timerId }
      27917 |   let _tickId = null;
      27918 |   let _idCounter = 0;

      17 |
      18 |   it('should create FAB element on init', () => {
    > 19 |     require('../app.js');
         |     ^
      20 |     document.dispatchEvent(new Event('DOMContentLoaded'));
      21 |     const fab = document.getElementById('smart-scroll-fab');
      22 |     expect(fab).not.toBeNull();

      at constructor (node_modules/@babel/parser/src/parse-error.ts:95:45)
      at Parser.toParseError [as raise] (node_modules/@babel/parser/src/tokenizer/index.ts:1504:19)
      at ScopeHandler.raise [as checkRedeclarationInScope] (node_modules/@babel/parser/src/util/scope.ts:164:19)
      at ScopeHandler.checkRedeclarationInScope [as declareName] (node_modules/@babel/parser/src/util/scope.ts:118:12)
      at Parser.declareName [as declareNameFromIdentifier] (node_modules/@babel/parser/src/parser/lval.ts:876:16)
      at Parser.declareNameFromIdentifier [as checkIdentifier] (node_modules/@babel/parser/src/parser/lval.ts:871:12)
      at Parser.checkIdentifier [as checkLVal] (node_modules/@babel/parser/src/parser/lval.ts:763:12)
      at Parser.checkLVal [as parseVarId] (node_modules/@babel/parser/src/parser/statement.ts:1633:10)
      at Parser.parseVarId [as parseVar] (node_modules/@babel/parser/src/parser/statement.ts:1582:12)
      at Parser.parseVar [as parseVarStatement] (node_modules/@babel/parser/src/parser/statement.ts:1251:10)
      at Parser.parseVarStatement [as parseStatementContent] (node_modules/@babel/parser/src/parser/statement.ts:612:21)
      at Parser.parseStatementContent [as parseStatementLike] (node_modules/@babel/parser/src/parser/statement.ts:482:17)
      at Parser.parseStatementLike [as parseModuleItem] (node_modules/@babel/parser/src/parser/statement.ts:419:17)
      at Parser.parseModuleItem [as parseBlockOrModuleBlockBody] (node_modules/@babel/parser/src/parser/statement.ts:1443:16)
      at Parser.parseBlockOrModuleBlockBody [as parseBlockBody] (node_modules/@babel/parser/src/parser/statement.ts:1417:10)
      at Parser.parseBlockBody [as parseProgram] (node_modules/@babel/parser/src/parser/statement.ts:229:10)
      at Parser.parseProgram [as parseTopLevel] (node_modules/@babel/parser/src/parser/statement.ts:203:25)
      at Parser.parseTopLevel [as parse] (node_modules/@babel/parser/src/parser/index.ts:83:25)
      at parse (node_modules/@babel/parser/src/index.ts:86:38)
      at parser (node_modules/@babel/core/src/parser/index.ts:29:19)
          at parser.next (<anonymous>)
      at normalizeFile (node_modules/@babel/core/src/transformation/normalize-file.ts:50:24)
          at normalizeFile.next (<anonymous>)
      at run (node_modules/@babel/core/src/transformation/index.ts:41:36)
          at run.next (<anonymous>)
      at transform (node_modules/@babel/core/src/transform.ts:29:20)
          at transform.next (<anonymous>)
      at evaluateSync (node_modules/gensync/index.js:251:28)
      at sync (node_modules/gensync/index.js:89:14)
      at fn (node_modules/@babel/core/src/errors/rewrite-stack-trace.ts:99:14)
      at transformSync (node_modules/@babel/core/src/transform.ts:66:52)
      at ScriptTransformer.transformSource (node_modules/@jest/transform/build/index.js:415:31)
      at ScriptTransformer._transformAndBuildScript (node_modules/@jest/transform/build/index.js:512:40)
      at ScriptTransformer.transform (node_modules/@jest/transform/build/index.js:551:19)
      at Object.require (tests/smart-scroll.test.js:19:5)

  ΓùÅ SmartScroll ΓÇ║ should have badge initially hidden

    Jest encountered an unexpected token

    Jest failed to parse a file. This happens e.g. when your code or its dependencies use non-standard JavaScript syntax, or when Jest is not configured to support such syntax.

    Out of the box Jest supports Babel, which will be used to transform your files into valid JS based on your Babel configuration.

    By default "node_modules" folder is ignored by transformers.

    Here's what you can do:
     ΓÇó If you are trying to use ECMAScript Modules, see https://jestjs.io/docs/ecmascript-modules for how to enable it.
     ΓÇó If you are trying to use TypeScript, see https://jestjs.io/docs/getting-started#using-typescript
     ΓÇó To have some of your "node_modules" files transformed, you can specify a custom "transformIgnorePatterns" in your config.
     ΓÇó If you need a custom transformation, specify a "transform" option in your config.
     ΓÇó If you simply want to mock your non-JS modules (e.g. binary assets) you can stub them out with the "moduleNameMapper" config option.

    You'll find more details and examples of these config options in the docs:
    https://jestjs.io/docs/configuration
    For information about custom transformations, see:
    https://jestjs.io/docs/code-transformation

    Details:

    SyntaxError: C:\Users\onlin\.openclaw\workspace\temp-garden\agenticchat\app.js: Identifier 'MessageScheduler' has already been declared. (27915:6)

      27913 |  * @namespace MessageScheduler
      27914 |  */
    > 27915 | const MessageScheduler = (() => {
            |       ^
      27916 |   let _queue = [];          // { id, text, sendAt, timerId }
      27917 |   let _tickId = null;
      27918 |   let _idCounter = 0;

      25 |
      26 |   it('should have badge initially hidden', () => {
    > 27 |     require('../app.js');
         |     ^
      28 |     document.dispatchEvent(new Event('DOMContentLoaded'));
      29 |     const badge = document.getElementById('smart-scroll-badge');
      30 |     expect(badge).not.toBeNull();

      at constructor (node_modules/@babel/parser/src/parse-error.ts:95:45)
      at Parser.toParseError [as raise] (node_modules/@babel/parser/src/tokenizer/index.ts:1504:19)
      at ScopeHandler.raise [as checkRedeclarationInScope] (node_modules/@babel/parser/src/util/scope.ts:164:19)
      at ScopeHandler.checkRedeclarationInScope [as declareName] (node_modules/@babel/parser/src/util/scope.ts:118:12)
      at Parser.declareName [as declareNameFromIdentifier] (node_modules/@babel/parser/src/parser/lval.ts:876:16)
      at Parser.declareNameFromIdentifier [as checkIdentifier] (node_modules/@babel/parser/src/parser/lval.ts:871:12)
      at Parser.checkIdentifier [as checkLVal] (node_modules/@babel/parser/src/parser/lval.ts:763:12)
      at Parser.checkLVal [as parseVarId] (node_modules/@babel/parser/src/parser/statement.ts:1633:10)
      at Parser.parseVarId [as parseVar] (node_modules/@babel/parser/src/parser/statement.ts:1582:12)
      at Parser.parseVar [as parseVarStatement] (node_modules/@babel/parser/src/parser/statement.ts:1251:10)
      at Parser.parseVarStatement [as parseStatementContent] (node_modules/@babel/parser/src/parser/statement.ts:612:21)
      at Parser.parseStatementContent [as parseStatementLike] (node_modules/@babel/parser/src/parser/statement.ts:482:17)
      at Parser.parseStatementLike [as parseModuleItem] (node_modules/@babel/parser/src/parser/statement.ts:419:17)
      at Parser.parseModuleItem [as parseBlockOrModuleBlockBody] (node_modules/@babel/parser/src/parser/statement.ts:1443:16)
      at Parser.parseBlockOrModuleBlockBody [as parseBlockBody] (node_modules/@babel/parser/src/parser/statement.ts:1417:10)
      at Parser.parseBlockBody [as parseProgram] (node_modules/@babel/parser/src/parser/statement.ts:229:10)
      at Parser.parseProgram [as parseTopLevel] (node_modules/@babel/parser/src/parser/statement.ts:203:25)
      at Parser.parseTopLevel [as parse] (node_modules/@babel/parser/src/parser/index.ts:83:25)
      at parse (node_modules/@babel/parser/src/index.ts:86:38)
      at parser (node_modules/@babel/core/src/parser/index.ts:29:19)
          at parser.next (<anonymous>)
      at normalizeFile (node_modules/@babel/core/src/transformation/normalize-file.ts:50:24)
          at normalizeFile.next (<anonymous>)
      at run (node_modules/@babel/core/src/transformation/index.ts:41:36)
          at run.next (<anonymous>)
      at transform (node_modules/@babel/core/src/transform.ts:29:20)
          at transform.next (<anonymous>)
      at evaluateSync (node_modules/gensync/index.js:251:28)
      at sync (node_modules/gensync/index.js:89:14)
      at fn (node_modules/@babel/core/src/errors/rewrite-stack-trace.ts:99:14)
      at transformSync (node_modules/@babel/core/src/transform.ts:66:52)
      at ScriptTransformer.transformSource (node_modules/@jest/transform/build/index.js:415:31)
      at ScriptTransformer._transformAndBuildScript (node_modules/@jest/transform/build/index.js:512:40)
      at ScriptTransformer.transform (node_modules/@jest/transform/build/index.js:551:19)
      at Object.require (tests/smart-scroll.test.js:27:5)

  ΓùÅ SmartScroll ΓÇ║ should expose scrollToBottom function

    Jest encountered an unexpected token

    Jest failed to parse a file. This happens e.g. when your code or its dependencies use non-standard JavaScript syntax, or when Jest is not configured to support such syntax.

    Out of the box Jest supports Babel, which will be used to transform your files into valid JS based on your Babel configuration.

    By default "node_modules" folder is ignored by transformers.

    Here's what you can do:
     ΓÇó If you are trying to use ECMAScript Modules, see https://jestjs.io/docs/ecmascript-modules for how to enable it.
     ΓÇó If you are trying to use TypeScript, see https://jestjs.io/docs/getting-started#using-typescript
     ΓÇó To have some of your "node_modules" files transformed, you can specify a custom "transformIgnorePatterns" in your config.
     ΓÇó If you need a custom transformation, specify a "transform" option in your config.
     ΓÇó If you simply want to mock your non-JS modules (e.g. binary assets) you can stub them out with the "moduleNameMapper" config option.

    You'll find more details and examples of these config options in the docs:
    https://jestjs.io/docs/configuration
    For information about custom transformations, see:
    https://jestjs.io/docs/code-transformation

    Details:

    SyntaxError: C:\Users\onlin\.openclaw\workspace\temp-garden\agenticchat\app.js: Identifier 'MessageScheduler' has already been declared. (27915:6)

      27913 |  * @namespace MessageScheduler
      27914 |  */
    > 27915 | const MessageScheduler = (() => {
            |       ^
      27916 |   let _queue = [];          // { id, text, sendAt, timerId }
      27917 |   let _tickId = null;
      27918 |   let _idCounter = 0;

      33 |
      34 |   it('should expose scrollToBottom function', () => {
    > 35 |     require('../app.js');
         |     ^
      36 |     expect(typeof SmartScroll.scrollToBottom).toBe('function');
      37 |   });
      38 |

      at constructor (node_modules/@babel/parser/src/parse-error.ts:95:45)
      at Parser.toParseError [as raise] (node_modules/@babel/parser/src/tokenizer/index.ts:1504:19)
      at ScopeHandler.raise [as checkRedeclarationInScope] (node_modules/@babel/parser/src/util/scope.ts:164:19)
      at ScopeHandler.checkRedeclarationInScope [as declareName] (node_modules/@babel/parser/src/util/scope.ts:118:12)
      at Parser.declareName [as declareNameFromIdentifier] (node_modules/@babel/parser/src/parser/lval.ts:876:16)
      at Parser.declareNameFromIdentifier [as checkIdentifier] (node_modules/@babel/parser/src/parser/lval.ts:871:12)
      at Parser.checkIdentifier [as checkLVal] (node_modules/@babel/parser/src/parser/lval.ts:763:12)
      at Parser.checkLVal [as parseVarId] (node_modules/@babel/parser/src/parser/statement.ts:1633:10)
      at Parser.parseVarId [as parseVar] (node_modules/@babel/parser/src/parser/statement.ts:1582:12)
      at Parser.parseVar [as parseVarStatement] (node_modules/@babel/parser/src/parser/statement.ts:1251:10)
      at Parser.parseVarStatement [as parseStatementContent] (node_modules/@babel/parser/src/parser/statement.ts:612:21)
      at Parser.parseStatementContent [as parseStatementLike] (node_modules/@babel/parser/src/parser/statement.ts:482:17)
      at Parser.parseStatementLike [as parseModuleItem] (node_modules/@babel/parser/src/parser/statement.ts:419:17)
      at Parser.parseModuleItem [as parseBlockOrModuleBlockBody] (node_modules/@babel/parser/src/parser/statement.ts:1443:16)
      at Parser.parseBlockOrModuleBlockBody [as parseBlockBody] (node_modules/@babel/parser/src/parser/statement.ts:1417:10)
      at Parser.parseBlockBody [as parseProgram] (node_modules/@babel/parser/src/parser/statement.ts:229:10)
      at Parser.parseProgram [as parseTopLevel] (node_modules/@babel/parser/src/parser/statement.ts:203:25)
      at Parser.parseTopLevel [as parse] (node_modules/@babel/parser/src/parser/index.ts:83:25)
      at parse (node_modules/@babel/parser/src/index.ts:86:38)
      at parser (node_modules/@babel/core/src/parser/index.ts:29:19)
          at parser.next (<anonymous>)
      at normalizeFile (node_modules/@babel/core/src/transformation/normalize-file.ts:50:24)
          at normalizeFile.next (<anonymous>)
      at run (node_modules/@babel/core/src/transformation/index.ts:41:36)
          at run.next (<anonymous>)
      at transform (node_modules/@babel/core/src/transform.ts:29:20)
          at transform.next (<anonymous>)
      at evaluateSync (node_modules/gensync/index.js:251:28)
      at sync (node_modules/gensync/index.js:89:14)
      at fn (node_modules/@babel/core/src/errors/rewrite-stack-trace.ts:99:14)
      at transformSync (node_modules/@babel/core/src/transform.ts:66:52)
      at ScriptTransformer.transformSource (node_modules/@jest/transform/build/index.js:415:31)
      at ScriptTransformer._transformAndBuildScript (node_modules/@jest/transform/build/index.js:512:40)
      at ScriptTransformer.transform (node_modules/@jest/transform/build/index.js:551:19)
      at Object.require (tests/smart-scroll.test.js:35:5)

  ΓùÅ SmartScroll ΓÇ║ should expose onNewMessage function

    Jest encountered an unexpected token

    Jest failed to parse a file. This happens e.g. when your code or its dependencies use non-standard JavaScript syntax, or when Jest is not configured to support such syntax.

    Out of the box Jest supports Babel, which will be used to transform your files into valid JS based on your Babel configuration.

    By default "node_modules" folder is ignored by transformers.

    Here's what you can do:
     ΓÇó If you are trying to use ECMAScript Modules, see https://jestjs.io/docs/ecmascript-modules for how to enable it.
     ΓÇó If you are trying to use TypeScript, see https://jestjs.io/docs/getting-started#using-typescript
     ΓÇó To have some of your "node_modules" files transformed, you can specify a custom "transformIgnorePatterns" in your config.
     ΓÇó If you need a custom transformation, specify a "transform" option in your config.
     ΓÇó If you simply want to mock your non-JS modules (e.g. binary assets) you can stub them out with the "moduleNameMapper" config option.

    You'll find more details and examples of these config options in the docs:
    https://jestjs.io/docs/configuration
    For information about custom transformations, see:
    https://jestjs.io/docs/code-transformation

    Details:

    SyntaxError: C:\Users\onlin\.openclaw\workspace\temp-garden\agenticchat\app.js: Identifier 'MessageScheduler' has already been declared. (27915:6)

      27913 |  * @namespace MessageScheduler
      27914 |  */
    > 27915 | const MessageScheduler = (() => {
            |       ^
      27916 |   let _queue = [];          // { id, text, sendAt, timerId }
      27917 |   let _tickId = null;
      27918 |   let _idCounter = 0;

      38 |
      39 |   it('should expose onNewMessage function', () => {
    > 40 |     require('../app.js');
         |     ^
      41 |     expect(typeof SmartScroll.onNewMessage).toBe('function');
      42 |   });
      43 |

      at constructor (node_modules/@babel/parser/src/parse-error.ts:95:45)
      at Parser.toParseError [as raise] (node_modules/@babel/parser/src/tokenizer/index.ts:1504:19)
      at ScopeHandler.raise [as checkRedeclarationInScope] (node_modules/@babel/parser/src/util/scope.ts:164:19)
      at ScopeHandler.checkRedeclarationInScope [as declareName] (node_modules/@babel/parser/src/util/scope.ts:118:12)
      at Parser.declareName [as declareNameFromIdentifier] (node_modules/@babel/parser/src/parser/lval.ts:876:16)
      at Parser.declareNameFromIdentifier [as checkIdentifier] (node_modules/@babel/parser/src/parser/lval.ts:871:12)
      at Parser.checkIdentifier [as checkLVal] (node_modules/@babel/parser/src/parser/lval.ts:763:12)
      at Parser.checkLVal [as parseVarId] (node_modules/@babel/parser/src/parser/statement.ts:1633:10)
      at Parser.parseVarId [as parseVar] (node_modules/@babel/parser/src/parser/statement.ts:1582:12)
      at Parser.parseVar [as parseVarStatement] (node_modules/@babel/parser/src/parser/statement.ts:1251:10)
      at Parser.parseVarStatement [as parseStatementContent] (node_modules/@babel/parser/src/parser/statement.ts:612:21)
      at Parser.parseStatementContent [as parseStatementLike] (node_modules/@babel/parser/src/parser/statement.ts:482:17)
      at Parser.parseStatementLike [as parseModuleItem] (node_modules/@babel/parser/src/parser/statement.ts:419:17)
      at Parser.parseModuleItem [as parseBlockOrModuleBlockBody] (node_modules/@babel/parser/src/parser/statement.ts:1443:16)
      at Parser.parseBlockOrModuleBlockBody [as parseBlockBody] (node_modules/@babel/parser/src/parser/statement.ts:1417:10)
      at Parser.parseBlockBody [as parseProgram] (node_modules/@babel/parser/src/parser/statement.ts:229:10)
      at Parser.parseProgram [as parseTopLevel] (node_modules/@babel/parser/src/parser/statement.ts:203:25)
      at Parser.parseTopLevel [as parse] (node_modules/@babel/parser/src/parser/index.ts:83:25)
      at parse (node_modules/@babel/parser/src/index.ts:86:38)
      at parser (node_modules/@babel/core/src/parser/index.ts:29:19)
          at parser.next (<anonymous>)
      at normalizeFile (node_modules/@babel/core/src/transformation/normalize-file.ts:50:24)
          at normalizeFile.next (<anonymous>)
      at run (node_modules/@babel/core/src/transformation/index.ts:41:36)
          at run.next (<anonymous>)
      at transform (node_modules/@babel/core/src/transform.ts:29:20)
          at transform.next (<anonymous>)
      at evaluateSync (node_modules/gensync/index.js:251:28)
      at sync (node_modules/gensync/index.js:89:14)
      at fn (node_modules/@babel/core/src/errors/rewrite-stack-trace.ts:99:14)
      at transformSync (node_modules/@babel/core/src/transform.ts:66:52)
      at ScriptTransformer.transformSource (node_modules/@jest/transform/build/index.js:415:31)
      at ScriptTransformer._transformAndBuildScript (node_modules/@jest/transform/build/index.js:512:40)
      at ScriptTransformer.transform (node_modules/@jest/transform/build/index.js:551:19)
      at Object.require (tests/smart-scroll.test.js:40:5)

  ΓùÅ SmartScroll ΓÇ║ should expose savePosition and restorePosition

    Jest encountered an unexpected token

    Jest failed to parse a file. This happens e.g. when your code or its dependencies use non-standard JavaScript syntax, or when Jest is not configured to support such syntax.

    Out of the box Jest supports Babel, which will be used to transform your files into valid JS based on your Babel configuration.

    By default "node_modules" folder is ignored by transformers.

    Here's what you can do:
     ΓÇó If you are trying to use ECMAScript Modules, see https://jestjs.io/docs/ecmascript-modules for how to enable it.
     ΓÇó If you are trying to use TypeScript, see https://jestjs.io/docs/getting-started#using-typescript
     ΓÇó To have some of your "node_modules" files transformed, you can specify a custom "transformIgnorePatterns" in your config.
     ΓÇó If you need a custom transformation, specify a "transform" option in your config.
     ΓÇó If you simply want to mock your non-JS modules (e.g. binary assets) you can stub them out with the "moduleNameMapper" config option.

    You'll find more details and examples of these config options in the docs:
    https://jestjs.io/docs/configuration
    For information about custom transformations, see:
    https://jestjs.io/docs/code-transformation

    Details:

    SyntaxError: C:\Users\onlin\.openclaw\workspace\temp-garden\agenticchat\app.js: Identifier 'MessageScheduler' has already been declared. (27915:6)

      27913 |  * @namespace MessageScheduler
      27914 |  */
    > 27915 | const MessageScheduler = (() => {
            |       ^
      27916 |   let _queue = [];          // { id, text, sendAt, timerId }
      27917 |   let _tickId = null;
      27918 |   let _idCounter = 0;

      43 |
      44 |   it('should expose savePosition and restorePosition', () => {
    > 45 |     require('../app.js');
         |     ^
      46 |     expect(typeof SmartScroll.savePosition).toBe('function');
      47 |     expect(typeof SmartScroll.restorePosition).toBe('function');
      48 |   });

      at constructor (node_modules/@babel/parser/src/parse-error.ts:95:45)
      at Parser.toParseError [as raise] (node_modules/@babel/parser/src/tokenizer/index.ts:1504:19)
      at ScopeHandler.raise [as checkRedeclarationInScope] (node_modules/@babel/parser/src/util/scope.ts:164:19)
      at ScopeHandler.checkRedeclarationInScope [as declareName] (node_modules/@babel/parser/src/util/scope.ts:118:12)
      at Parser.declareName [as declareNameFromIdentifier] (node_modules/@babel/parser/src/parser/lval.ts:876:16)
      at Parser.declareNameFromIdentifier [as checkIdentifier] (node_modules/@babel/parser/src/parser/lval.ts:871:12)
      at Parser.checkIdentifier [as checkLVal] (node_modules/@babel/parser/src/parser/lval.ts:763:12)
      at Parser.checkLVal [as parseVarId] (node_modules/@babel/parser/src/parser/statement.ts:1633:10)
      at Parser.parseVarId [as parseVar] (node_modules/@babel/parser/src/parser/statement.ts:1582:12)
      at Parser.parseVar [as parseVarStatement] (node_modules/@babel/parser/src/parser/statement.ts:1251:10)
      at Parser.parseVarStatement [as parseStatementContent] (node_modules/@babel/parser/src/parser/statement.ts:612:21)
      at Parser.parseStatementContent [as parseStatementLike] (node_modules/@babel/parser/src/parser/statement.ts:482:17)
      at Parser.parseStatementLike [as parseModuleItem] (node_modules/@babel/parser/src/parser/statement.ts:419:17)
      at Parser.parseModuleItem [as parseBlockOrModuleBlockBody] (node_modules/@babel/parser/src/parser/statement.ts:1443:16)
      at Parser.parseBlockOrModuleBlockBody [as parseBlockBody] (node_modules/@babel/parser/src/parser/statement.ts:1417:10)
      at Parser.parseBlockBody [as parseProgram] (node_modules/@babel/parser/src/parser/statement.ts:229:10)
      at Parser.parseProgram [as parseTopLevel] (node_modules/@babel/parser/src/parser/statement.ts:203:25)
      at Parser.parseTopLevel [as parse] (node_modules/@babel/parser/src/parser/index.ts:83:25)
      at parse (node_modules/@babel/parser/src/index.ts:86:38)
      at parser (node_modules/@babel/core/src/parser/index.ts:29:19)
          at parser.next (<anonymous>)
      at normalizeFile (node_modules/@babel/core/src/transformation/normalize-file.ts:50:24)
          at normalizeFile.next (<anonymous>)
      at run (node_modules/@babel/core/src/transformation/index.ts:41:36)
          at run.next (<anonymous>)
      at transform (node_modules/@babel/core/src/transform.ts:29:20)
          at transform.next (<anonymous>)
      at evaluateSync (node_modules/gensync/index.js:251:28)
      at sync (node_modules/gensync/index.js:89:14)
      at fn (node_modules/@babel/core/src/errors/rewrite-stack-trace.ts:99:14)
      at transformSync (node_modules/@babel/core/src/transform.ts:66:52)
      at ScriptTransformer.transformSource (node_modules/@jest/transform/build/index.js:415:31)
      at ScriptTransformer._transformAndBuildScript (node_modules/@jest/transform/build/index.js:512:40)
      at ScriptTransformer.transform (node_modules/@jest/transform/build/index.js:551:19)
      at Object.require (tests/smart-scroll.test.js:45:5)

